]  __alloc_pages_nodemask+0x3c7/0x480
[  134.066236]  ? __alloc_pages_slowpath+0x1fe0/0x1fe0
[  134.067332]  alloc_pages_current+0xac/0x1e0
[  134.068077]  __page_cache_alloc+0x107/0x1c0
[  134.069015]  filemap_fault+0x639/0x12c0
[  134.069881]  ? __lock_page_or_retry+0x7b0/0x7b0
[  134.070891]  ? filemap_map_pages+0x498/0x8d0
[  134.071861]  ? find_get_pages_range_tag+0x610/0x610
[  134.072696]  ext4_filemap_fault+0x7d/0xa4
[  134.073598]  __do_fault+0x80/0x150
[  134.074373]  __handle_mm_fault+0xec5/0x1ab0
[  134.075115]  ? perf_sched_cb_inc+0x190/0x190
[  134.076085]  ? __pmd_alloc+0x370/0x370
[  134.076951]  ? __switch_to+0x381/0xc10
[  134.077700]  ? kvm_clock_get_cycles+0x1a/0x20
[  134.078464]  ? sync_mm_rss+0x7f/0x190
[  134.079089]  handle_mm_fault+0xfc/0x350
[  134.079789]  __do_page_fault+0x4f8/0xb20
[  134.080478]  ? mm_fault_error+0x2b0/0x2b0
[  134.081169]  ? async_page_fault+0x8/0x30
[  134.081847]  async_page_fault+0x1e/0x30
[  134.082573] RIP: 0033:0x42c634
[  134.083316] RSP: 002b:000000c000040ea8 EFLAGS: 00010206
[  134.084597] RAX: ffffffffffffff92 RBX: 000000003a5d0412 RCX: 00000000004609c3
[  134.085873] RDX: 0000000000000000 RSI: 0000000000000080 RDI: 0000000001e3f480
[  134.087176] RBP: 000000c000040ee8 R08: 0000000000000000 R09: 0000000000000000
[  134.088492] R10: 000000c000040ed8 R11: 0000000000000206 R12: 0000001f3006c27a
[  134.089766] R13: 0000000000000001 R14: 0000001f3006c27a R15: 0000000000000000
[  134.091073] Mem-Info:
[  134.091559] active_anon:33062 inactive_anon:8710 isolated_anon:0
[  134.091559]  active_file:36 inactive_file:49 isolated_file:0
[  134.091559]  unevictable:0 dirty:1 writeback:0 unstable:0
[  134.091559]  slab_reclaimable:5058 slab_unreclaimable:21138
[  134.091559]  mapped:139461 shmem:8733 pagetables:2059 bounce:0
[  134.091559]  free:2973 free_pcp:201 free_cma:0
[  134.097563] Node 0 active_anon:132248kB inactive_anon:34840kB active_file:100kB inactive_file:260kB unevictable:0kB isolated(anon):0kB isolated(file):0kB mapped:557788kB dirty:4kB writeback:0kB shmem:34932kB writeback_tmp:0kB unstable:0kB all_unreclaimable? yes
[  134.101709] Node 0 DMA free:6716kB min:48kB low:60kB high:72kB active_anon:8kB inactive_anon:0kB active_file:0kB inactive_file:0kB unevictable:0kB writepending:0kB present:15992kB managed:15908kB mlocked:0kB kernel_stack:0kB pagetables:0kB bounce:0kB free_pcp:0kB local_pcp:0kB free_cma:0kB
[  134.106280] lowmem_reserve[]: 0 1667 1667 1667
[  134.107109] Node 0 DMA32 free:5176kB min:5196kB low:6900kB high:8604kB active_anon:132240kB inactive_anon:34840kB active_file:172kB inactive_file:192kB unevictable:0kB writepending:4kB present:2080640kB managed:1709412kB mlocked:0kB kernel_stack:5280kB pagetables:8236kB bounce:0kB free_pcp:804kB local_pcp:376kB free_cma:0kB
[  134.112178] lowmem_reserve[]: 0 0 0 0
[  134.112984] Node 0 DMA: 3*4kB (UM) 2*8kB (M) 2*16kB (M) 2*32kB (M) 3*64kB (UM) 2*128kB (M) 0*256kB 2*512kB (UM) 1*1024kB (M) 0*2048kB 1*4096kB (M) = 6716kB
[  134.115551] Node 0 DMA32: 354*4kB (UMH) 122*8kB (UMH) 49*16kB (UMH) 21*32kB (UMH) 12*64kB (UMH) 2*128kB (H) 1*256kB (H) 0*512kB 0*1024kB 0*2048kB 0*4096kB = 5128kB
[  134.118199] Node 0 hugepages_total=0 hugepages_free=0 hugepages_surp=0 hugepages_size=2048kB
[  134.119710] 8845 total pagecache pages
[  134.120412] 0 pages in swap cache
[  134.121042] Swap cache stats: add 0, delete 0, find 0/0
[  134.121992] Free swap  = 0kB
[  134.122539] Total swap = 0kB
[  134.123094] 524158 pages RAM
[  134.123629] 0 pages HighMem/MovableOnly
[  134.124580] 92828 pages reserved
[  134.125383] [ pid ]   uid  tgid total_vm      rss pgtables_bytes swapents oom_score_adj name
[  134.127473] [ 1148]     0  1148    17671      316   122880        0             0 systemd-journal
[  134.129252] [ 1173]     0  1173    11384      417   114688        0         -1000 systemd-udevd
[  134.130770] [ 1353]   100  1353    31822      124   147456        0             0 systemd-timesyn
[  134.132405] [ 1473]     0  1473     5089      258    65536        0             0 dhclient
[  134.133890] [ 1780]     0  1780     6999       58   102400        0             0 cron
[  134.135311] [ 1784]     0  1784    63583      221   147456        0             0 rsyslogd
[  134.136792] [ 1800]     0  1800     3165       31    69632        0             0 agetty
[  134.138247] [ 1803]     0  1803    17489      188   176128        0         -1000 sshd
[  134.139696] [ 1804]     0  1804    16349      106   172032        0             0 login
[  134.141108] [ 1805]     0  1805     3221       32    73728        0             0 agetty
[  134.142589] [ 1806]     0  1806     3221       31    73728        0             0 agetty
[  134.144236] [ 1807]     0  1807     3221       31    69632        0             0 agetty
[  134.145681] [ 1809]     0  1809     3221       33    73728        0             0 agetty
[  134.147107] [ 1879]     0  1879    23220      252   225280        0             0 sshd
[  134.150899] [ 1885]     0  1885   140564    28823   548864        0             0 syz-fuzzer
[  134.152412] [ 1919]     0  1919    18114       17   114688        0             0 syz-executor.2
[  134.153934] [ 1920]     0  1920    18114       18   114688        0             0 syz-executor.3
[  134.155495] [ 1921]     0  1921    18114       17   114688        0             0 syz-executor.0
[  134.157047] [ 1925]     0  1925    18113     8733   126976        0             0 syz-executor.3
[  134.158535] [ 1926]     0  1926    18114       17   118784        0             0 syz-executor.4
[  134.160036] [ 1927]     0  1927    18114       16   114688        0             0 syz-executor.11
[  134.161613] [ 1928]     0  1928    18114       16   118784        0             0 syz-executor.10
[  134.163142] [ 1929]     0  1929    18114       17   118784        0             0 syz-executor.9
[  134.164677] [ 1930]     0  1930    18114       17   114688        0             0 syz-executor.6
[  134.166211] [ 1932]     0  1932    18114       17   118784        0             0 syz-executor.15
[  134.167717] [ 1933]     0  1933    18113     8733   122880        0             0 syz-executor.0
[  134.169217] [ 1934]     0  1934    18114       17   114688        0             0 syz-executor.1
[  134.170766] [ 1935]     0  1935    18113     8730   122880        0             0 syz-executor.2
[  134.172338] [ 1937]     0  1937    18114       17   114688        0             0 syz-executor.7
[  134.173875] [ 1939]     0  1939    18114       16   114688        0             0 syz-executor.5
[  134.175383] [ 1941]     0  1941    18114       16   114688        0             0 syz-executor.8
[  134.176881] [ 1944]     0  1944    18114       17   114688        0             0 syz-executor.12
[  134.178398] [ 1947]     0  1947    18114       16   114688        0             0 syz-executor.13
[  134.179919] [ 1960]     0  1960    18113     8732   122880        0             0 syz-executor.11
[  134.181438] [ 1961]     0  1961    18113     8733   126976        0             0 syz-executor.4
[  134.182991] [ 1963]     0  1963    18113     8655   126976        0             0 syz-executor.9
[  134.184512] [ 1964]     0  1964    18113     8652   122880        0             0 syz-executor.5
[  134.186028] [ 1969]     0  1969    18113     8732   126976        0             0 syz-executor.10
[  134.187548] [ 1980]     0  1980    18113     8732   122880        0             0 syz-executor.6
[  134.189048] [ 1983]     0  1983    18113     8732   122880        0             0 syz-executor.7
[  134.190563] [ 1985]     0  1985    18113     8731   122880        0             0 syz-executor.1
[  134.192067] [ 1987]     0  1987    18113     8731   126976        0             0 syz-executor.15
[  134.193618] [ 2005]     0  2005    18113     8733   122880        0             0 syz-executor.12
[  134.195151] [ 2006]     0  2006    18113     8729   126976        0             0 syz-executor.8
[  134.196866] [ 2034]     0  2034    18113     8730   122880        0             0 syz-executor.13
[  134.198381] [12735]     0 12735    18146     8712   122880        0          1000 syz-executor.6
[  134.199897] [12745]     0 12745    18179     8714   122880        0          1000 syz-executor.6
[  134.201410] [12781]     0 12781    18146     8712   122880        0          1000 syz-executor.6
[  134.202943] [12783]     0 12783    18179     8714   122880        0          1000 syz-executor.6
[  134.204465] [12857]     0 12857    18146     8713   126976        0          1000 syz-executor.1
[  134.205980] [12862]     0 12862    18179     8715   126976        0          1000 syz-executor.1
[  134.207495] [13345]     0 13345    18146     8713   126976        0          1000 syz-executor.4
[  134.209005] [13380]     0 13380    18212     8717   126976        0          1000 syz-executor.4
[  134.210506] [15203]     0 15203    18114       16   114688        0             0 syz-executor.14
[  134.212045] [15204]     0 15204    18113     8729   122880        0             0 syz-executor.14
[  134.213562] [15558]     0 15558    18147     8706   122880        0          1000 syz-executor.14
[  134.215095] [15560]     0 15560    18180     8708   122880        0          1000 syz-executor.14
[  134.216740] [15777]     0 15777    18146     8711   122880        0          1000 syz-executor.1
[  134.218276] [15788]     0 15788    18179     8713   122880        0          1000 syz-executor.1
[  134.219830] [16144]     0 16144    18146     8704   122880        0          1000 syz-executor.4
[  134.221381] [16186]     0 16186    18179     8715   126976        0          1000 syz-executor.4
[  134.222861] [16349]     0 16349    18179     8746   131072        0          1000 syz-executor.6
[  134.224382] [16421]     0 16421    16349      106   176128        0             0 login
[  134.225758] [17080]     0 17080    18146     8711   122880        0          1000 syz-executor.5
[  134.227277] [17085]     0 17085    18179     8713   122880        0          1000 syz-executor.5
[  134.228795] [17356]     0 17356    18146     8709   122880        0          1000 syz-executor.14
[  134.230333] [17498]     0 17498    18146     8712   122880        0          1000 syz-executor.6
[  134.231855] [17741]     0 17741    18146     8710   122880        0          1000 syz-executor.14
[  134.233388] [17776]     0 17776    18179     8712   122880        0          1000 syz-executor.14
[  134.234896] [18304]     0 18304    18146     8742   126976        0          1000 syz-executor.5
[  134.236406] [18504]     0 18504    18146     8702   118784        0          1000 syz-executor.1
[  134.237914] [18539]     0 18539    18179     8714   122880        0          1000 syz-executor.6
[  134.239535] [18546]     0 18546    18179     8714   122880        0          1000 syz-executor.6
[  134.241078] [18766]     0 18766    18146     8712   126976        0          1000 syz-executor.10
[  134.242604] [18862]     0 18862    18146     8711   139264        0          1000 syz-executor.15
[  134.244193] [18866]     0 18866    18179     8713   139264        0          1000 syz-executor.15
[  134.245717] [19129]     0 19129    18146     8703   126976        0          1000 syz-executor.15
[  134.247249] [19354]     0 19354    18179     8744   135168        0          1000 syz-executor.9
[  134.248782] [19684]     0 19684    18179     8498   135168        0          1000 syz-executor.9
[  134.250579] [19686]     0 19686    18179     8581   131072        0          1000 syz-executor.5
[  134.252123] Out of memory: Kill process 16349 (syz-executor.6) score 1019 or sacrifice child
[  134.253599] Killed process 16349 (syz-executor.6) total-vm:72716kB, anon-rss:168kB, file-rss:34816kB, shmem-rss:0kB
[  134.257525] login invoked oom-killer: gfp_mask=0x14200ca(GFP_HIGHUSER_MOVABLE), nodemask=(null), order=0, oom_score_adj=0
[  134.260071] login cpuset=/ mems_allowed=0
[  134.260851] CPU: 0 PID: 16421 Comm: login Not tainted 4.17.0-rc4 #3
[  134.261925] Hardware name: QEMU Standard PC (i440FX + PIIX, 1996), BIOS 1.10.2-1ubuntu1 04/01/2014
[  134.263431] Call Trace:
[  134.263932]  dump_stack+0x8c/0xce
[  134.264708]  dump_header.isra.30+0x150/0x8cd
[  134.265769]  ? ___ratelimit+0x59/0x400
[  134.266720]  oom_kill_process+0x5a5/0xcd0
[  134.267726]  ? find_lock_task_mm+0xbe/0x180
[  134.268776]  ? oom_badness+0x97/0x550
[  134.269714]  out_of_memory+0x2c3/0x15e0
[  134.270668]  ? oom_killer_disable+0x230/0x230
[  134.271766]  ? cpumask_next+0x1f/0x30
[  134.272689]  ? zone_reclaimable_pages+0x4f9/0x690
[  134.273614]  ? find_next_bit+0xc9/0xf0
[  134.274265]  __alloc_pages_slowpath+0x1ad9/0x1fe0
[  134.275146]  ? warn_alloc+0x290/0x290
[  134.275793]  ? __page_cache_alloc+0x9e/0x1c0
[  134.276568]  __alloc_pages_nodemask+0x3c7/0x480
[  134.277338]  ? __alloc_pages_slowpath+0x1fe0/0x1fe0
[  134.278205]  ? put_pid+0x9/0x30
[  134.278750]  alloc_pages_current+0xac/0x1e0
[  134.279515]  __page_cache_alloc+0x107/0x1c0
[  134.280271]  filemap_fault+0x639/0x12c0
[  134.280961]  ? __lock_page_or_retry+0x7b0/0x7b0
[  134.281734]  ? filemap_map_pages+0x498/0x8d0
[  134.282486]  ? find_get_pages_range_tag+0x610/0x610
[  134.283336]  ? __sys_sendto+0x1ab/0x310
[  134.284119]  ext4_filemap_fault+0x7d/0xa4
[  134.284806]  __do_fault+0x80/0x150
[  134.285411]  __handle_mm_fault+0xec5/0x1ab0
[  134.286136]  ? poll_select_copy_remaining+0x228/0x320
[  134.287026]  ? __pmd_alloc+0x370/0x370
[  134.287680]  handle_mm_fault+0xfc/0x350
[  134.288368]  __do_page_fault+0x4f8/0xb20
[  134.289050]  ? mm_fault_error+0x2b0/0x2b0
[  134.289736]  ? __x64_sys_select+0xba/0x150
[  134.290441]  ? async_page_fault+0x8/0x30
[  134.291140]  async_page_fault+0x1e/0x30
[  134.291851] RIP: 0033:0x7fd92fa445e3
[  134.292493] RSP: 002b:00007ffdee23b998 EFLAGS: 00010246
[  134.293388] RAX: 0000000000000000 RBX: 000055b70de3a480 RCX: 00007fd92fa445e3
[  134.294618] RDX: 0000000000000000 RSI: 0000000000000000 RDI: 0000000000000000
[  134.295841] RBP: 0000000000000000 R08: 00007ffdee23b9a0 R09: 00000000002dc6c0
[  134.297059] R10: 0000000000000000 R11: 0000000000000246 R12: 0000000000000007
[  134.298266] R13: 00007ffdee23ba28 R14: 00007ffdee23bef0 R15: 0000000000000015
[  134.299533] Mem-Info:
[  134.299975] active_anon:33020 inactive_anon:8710 isolated_anon:0
[  134.299975]  active_file:42 inactive_file:61 isolated_file:0
[  134.299975]  unevictable:0 dirty:1 writeback:0 unstable:0
[  134.299975]  slab_reclaimable:5058 slab_unreclaimable:21138
[  134.299975]  mapped:139447 shmem:8733 pagetables:2059 bounce:0
[  134.299975]  free:2973 free_pcp:265 free_cma:0
[  134.305544] Node 0 active_anon:132080kB inactive_anon:34840kB active_file:168kB inactive_file:120kB unevictable:0kB isolated(anon):0kB isolated(file):116kB mapped:557788kB dirty:4kB writeback:0kB shmem:34932kB writeback_tmp:0kB unstable:0kB all_unreclaimable? yes
[  134.309731] Node 0 DMA free:6716kB min:48kB low:60kB high:72kB active_anon:8kB inactive_anon:0kB active_file:0kB inactive_file:0kB unevictable:0kB writepending:0kB present:15992kB managed:15908kB mlocked:0kB kernel_stack:0kB pagetables:0kB bounce:0kB free_pcp:0kB local_pcp:0kB free_cma:0kB
[  134.314238] lowmem_reserve[]: 0 1667 1667 1667
[  134.315037] Node 0 DMA32 free:5176kB min:5196kB low:6900kB high:8604kB active_anon:132072kB inactive_anon:34840kB active_file:168kB inactive_file:244kB unevictable:0kB writepending:4kB present:2080640kB managed:1709412kB mlocked:0kB kernel_stack:5280kB pagetables:8236kB bounce:0kB free_pcp:1060kB local_pcp:428kB free_cma:0kB
[  134.319819] lowmem_reserve[]: 0 0 0 0
[  134.320469] Node 0 DMA: 3*4kB (UM) 2*8kB (M) 2*16kB (M) 2*32kB (M) 3*64kB (UM) 2*128kB (M) 0*256kB 2*512kB (UM) 1*1024kB (M) 0*2048kB 1*4096kB (M) = 6716kB
[  134.322812] Node 0 DMA32: 354*4kB (UMH) 122*8kB (UMH) 49*16kB (UMH) 21*32kB (UMH) 12*64kB (UMH) 2*128kB (H) 1*256kB (H) 0*512kB 0*1024kB 0*2048kB 0*4096kB = 5128kB
[  134.325325] Node 0 hugepages_total=0 hugepages_free=0 hugepages_surp=0 hugepages_size=2048kB
[  134.326784] 8845 total pagecache pages
[  134.327447] 0 pages in swap cache
[  134.328048] Swap cache stats: add 0, delete 0, find 0/0
[  134.328961] Free swap  = 0kB
[  134.329482] Total swap = 0kB
[  134.330041] 524158 pages RAM
[  134.330587] 0 pages HighMem/MovableOnly
[  134.331275] 92828 pages reserved
[  134.331870] [ pid ]   uid  tgid total_vm      rss pgtables_bytes swapents oom_score_adj name
[  134.333363] [ 1148]     0  1148    17671      316   122880        0             0 systemd-journal
[  134.334936] [ 1173]     0  1173    11384      417   114688        0         -1000 systemd-udevd
[  134.336477] [ 1353]   100  1353    31822      124   147456        0             0 systemd-timesyn
[  134.338028] [ 1473]     0  1473     5089      258    65536        0             0 dhclient
[  134.339428] [ 1780]     0  1780     6999       58   102400        0             0 cron
[  134.340789] [ 1784]     0  1784    63583      221   147456        0             0 rsyslogd
[  134.342207] [ 1800]     0  1800     3165       31    69632        0             0 agetty
[  134.343590] [ 1803]     0  1803    17489      188   176128        0         -1000 sshd
[  134.344952] [ 1804]     0  1804    16349      106   172032        0             0 login
[  134.346316] [ 1805]     0  1805     3221       32    73728        0             0 agetty
[  134.347702] [ 1806]     0  1806     3221       31    73728        0             0 agetty
[  134.349081] [ 1807]     0  1807     3221       31    69632        0             0 agetty
[  134.350479] [ 1809]     0  1809     3221       33    73728        0             0 agetty
[  134.351940] [ 1879]     0  1879    23220      252   225280        0             0 sshd
[  134.353305] [ 1885]     0  1885   140564    28823   548864        0             0 syz-fuzzer
[  134.354745] [ 1919]     0  1919    18114       17   114688        0             0 syz-executor.2
[  134.356307] [ 1920]     0  1920    18114       18   114688        0             0 syz-executor.3
[  134.357802] [ 1921]     0  1921    18114       17   114688        0             0 syz-executor.0
[  134.359302] [ 1925]     0  1925    18113     8733   126976        0             0 syz-executor.3
[  134.360862] [ 1926]     0  1926    18114       17   118784        0             0 syz-executor.4
[  134.362369] [ 1927]     0  1927    18114       16   114688        0             0 syz-executor.11
[  134.363940] [ 1928]     0  1928    18114       16   118784        0             0 syz-executor.10
[  134.365448] [ 1929]     0  1929    18114       17   118784        0             0 syz-executor.9
[  134.366944] [ 1930]     0  1930    18114       17   114688        0             0 syz-executor.6
[  134.368498] [ 1932]     0  1932    18114       17   118784        0             0 syz-executor.15
[  134.370007] [ 1933]     0  1933    18113     8733   122880        0             0 syz-executor.0
[  134.371497] [ 1934]     0  1934    18114       17   114688        0             0 syz-executor.1
[  134.373147] [ 1935]     0  1935    18113     8730   122880        0             0 syz-executor.2
[  134.374650] [ 1937]     0  1937    18114       17   114688        0             0 syz-executor.7
[  134.376216] [ 1939]     0  1939    18114       16   114688        0             0 syz-executor.5
[  134.377710] [ 1941]     0  1941    18114       16   114688        0             0 syz-executor.8
[  134.379195] [ 1944]     0  1944    18114       17   114688        0             0 syz-executor.12
[  134.380749] [ 1947]     0  1947    18114       16   114688        0             0 syz-executor.13
[  134.382322] [ 1960]     0  1960    18113     8732   122880        0             0 syz-executor.11
[  134.383905] [ 1961]     0  1961    18113     8733   126976        0             0 syz-executor.4
[  134.385428] [ 1963]     0  1963    18113     8655   126976        0             0 syz-executor.9
[  134.386884] [ 1964]     0  1964    18113     8652   122880        0             0 syz-executor.5
[  134.388474] [ 1969]     0  1969    18113     8732   126976        0             0 syz-executor.10
[  134.390009] [ 1980]     0  1980    18113     8732   122880        0             0 syz-executor.6
[  134.391511] [ 1983]     0  1983    18113     8732   122880        0             0 syz-executor.7
[  134.393088] [ 1985]     0  1985    18113     8731   122880        0             0 syz-executor.1
[  134.394625] [ 1987]     0  1987    18113     8731   126976        0             0 syz-executor.15
[  134.396194] [ 2005]     0  2005    18113     8733   122880        0             0 syz-executor.12
[  134.397736] [ 2006]     0  2006    18113     8729   126976        0             0 syz-executor.8
[  134.399263] [ 2034]     0  2034    18113     8730   122880        0             0 syz-executor.13
[  134.400884] [12735]     0 12735    18146     8712   122880        0          1000 syz-executor.6
[  134.402421] [12745]     0 12745    18179     8714   122880        0          1000 syz-executor.6
[  134.404009] [12781]     0 12781    18146     8712   122880        0          1000 syz-executor.6
[  134.405963] [12783]     0 12783    18179     8714   122880        0          1000 syz-executor.6
[  134.408103] [12857]     0 12857    18146     8713   126976        0          1000 syz-executor.1
[  134.410264] [12862]     0 12862    18179     8715   126976        0          1000 syz-executor.1
[  134.412434] [13345]     0 13345    18146     8713   126976        0          1000 syz-executor.4
[  134.414016] [13380]     0 13380    18212     8717   126976        0          1000 syz-executor.4
[  134.415545] [15203]     0 15203    18114       16   114688        0             0 syz-executor.14
[  134.417119] [15204]     0 15204    18113     8729   122880        0             0 syz-executor.14
[  134.418638] [15558]     0 15558    18147     8706   122880        0          1000 syz-executor.14
[  134.420296] [15560]     0 15560    18180     8708   122880        0          1000 syz-executor.14
[  134.421821] [15777]     0 15777    18146     8711   122880        0          1000 syz-executor.1
[  134.423498] [15788]     0 15788    18179     8713   122880        0          1000 syz-executor.1
[  134.425074] [16144]     0 16144    18146     8704   122880        0          1000 syz-executor.4
[  134.426629] [16186]     0 16186    18179     8715   126976        0          1000 syz-executor.4
[  134.428194] [16421]     0 16421    16349      106   176128        0             0 login
[  134.429628] [17080]     0 17080    18146     8711   122880        0          1000 syz-executor.5
[  134.431254] [17085]     0 17085    18179     8713   122880        0          1000 syz-executor.5
[  134.432859] [17356]     0 17356    18146     8709   122880        0          1000 syz-executor.14
[  134.434437] [17498]     0 17498    18146     8712   122880        0          1000 syz-executor.6
[  134.436054] [17741]     0 17741    18146     8710   122880        0          1000 syz-executor.14
[  134.437628] [17776]     0 17776    18179     8712   122880        0          1000 syz-executor.14
[  134.439195] [18304]     0 18304    18146     8742   126976        0          1000 syz-executor.5
[  134.440764] [18504]     0 18504    18146     8702   118784        0          1000 syz-executor.1
[  134.442334] [18539]     0 18539    18179     8714   122880        0          1000 syz-executor.6
[  134.443950] [18546]     0 18546    18179     8714   122880        0          1000 syz-executor.6
[  134.445504] [18766]     0 18766    18146     8712   126976        0          1000 syz-executor.10
[  134.447034] [18862]     0 18862    18146     8711   139264        0          1000 syz-executor.15
[  134.448708] [18866]     0 18866    18179     8713   139264        0          1000 syz-executor.15
[  134.450273] [19129]     0 19129    18146     8703   126976        0          1000 syz-executor.15
[  134.451834] [19354]     0 19354    18179     8744   135168        0          1000 syz-executor.9
[  134.453339] [19684]     0 19684    18179     8498   135168        0          1000 syz-executor.9
[  134.454824] [19686]     0 19686    18179     8581   131072        0          1000 syz-executor.5
[  134.456396] Out of memory: Kill process 19354 (syz-executor.9) score 1019 or sacrifice child
[  134.457876] Killed process 19354 (syz-executor.9) total-vm:72716kB, anon-rss:160kB, file-rss:34816kB, shmem-rss:0kB
[  134.465512] syz-executor.5 invoked oom-killer: gfp_mask=0x14200ca(GFP_HIGHUSER_MOVABLE), nodemask=(null), order=0, oom_score_adj=0
[  134.467521] syz-executor.5 cpuset=/ mems_allowed=0
[  134.468391] CPU: 1 PID: 1964 Comm: syz-executor.5 Not tainted 4.17.0-rc4 #3
[  134.469577] Hardware name: QEMU Standard PC (i440FX + PIIX, 1996), BIOS 1.10.2-1ubuntu1 04/01/2014
[  134.471068] Call Trace:
[  134.471505]  dump_stack+0x8c/0xce
[  134.472086]  dump_header.isra.30+0x150/0x8cd
[  134.472820]  ? ___ratelimit+0x59/0x400
[  134.473474]  oom_kill_process+0x5a5/0xcd0
[  134.474168]  ? find_lock_task_mm+0xbe/0x180
[  134.474882]  ? oom_badness+0x97/0x550
[  134.475509]  out_of_memory+0x2c3/0x15e0
[  134.476169]  ? oom_killer_disable+0x230/0x230
[  134.476923]  ? cpumask_next+0x1f/0x30
[  134.477553]  ? zone_reclaimable_pages+0x4f9/0x690
[  134.478362]  ? find_next_bit+0xc9/0xf0
[  134.479014]  __alloc_pages_slowpath+0x1ad9/0x1fe0
[  134.479825]  ? warn_alloc+0x290/0x290
[  134.480458]  ? __page_cache_alloc+0x9e/0x1c0
[  134.481194]  __alloc_pages_nodemask+0x3c7/0x480
[  134.481979]  ? __alloc_pages_slowpath+0x1fe0/0x1fe0
[  134.482829]  alloc_pages_current+0xac/0x1e0
[  134.483549]  __page_cache_alloc+0x107/0x1c0
[  134.484264]  filemap_fault+0x639/0x12c0
[  134.484930]  ? __lock_page_or_retry+0x7b0/0x7b0
[  134.485705]  ? filemap_map_pages+0x498/0x8d0
[  134.486437]  ? find_get_pages_range_tag+0x610/0x610
[  134.487267]  ext4_filemap_fault+0x7d/0xa4
[  134.487962]  __do_fault+0x80/0x150
[  134.488548]  __handle_mm_fault+0xec5/0x1ab0
[  134.489273]  ? __pmd_alloc+0x370/0x370
[  134.489933]  ? _copy_to_user+0x79/0x90
[  134.490574]  handle_mm_fault+0xfc/0x350
[  134.491230]  __do_page_fault+0x4f8/0xb20
[  134.491952]  ? mm_fault_error+0x2b0/0x2b0
[  134.492743]  ? async_page_fault+0x8/0x30
[  134.493664]  async_page_fault+0x1e/0x30
[  134.494329] RIP: 0033:0x40eff0
[  134.494866] RSP: 002b:00007ffd951b55d0 EFLAGS: 00010202
[  134.495763] RAX: 00000000000209f2 RBX: 00000000000001f6 RCX: 0000000000020788
[  134.496967] RDX: 0000001b2cf20000 RSI: 00007ffd951b55a0 RDI: 0000000000000000
[  134.498166] RBP: 00007ffd951b561c R08: 0000000000f2b940 R09: 0000000000000000
[  134.499370] R10: 0000000000000000 R11: 0000000000000246 R12: 000000000002084d
[  134.500584] R13: 0000000000020522 R14: 0000000000000010 R15: 00000000ffffffff
[  134.501862] Mem-Info:
[  134.502428] active_anon:32999 inactive_anon:8710 isolated_anon:0
[  134.502428]  active_file:53 inactive_file:71 isolated_file:0
[  134.502428]  unevictable:0 dirty:1 writeback:0 unstable:0
[  134.502428]  slab_reclaimable:5058 slab_unreclaimable:21138
[  134.502428]  mapped:139447 shmem:8733 pagetables:2028 bounce:0
[  134.502428]  free:2961 free_pcp:151 free_cma:0
[  134.509089] Node 0 active_anon:131996kB inactive_anon:34840kB active_file:96kB inactive_file:308kB unevictable:0kB isolated(anon):0kB isolated(file):0kB mapped:557788kB dirty:4kB writeback:0kB shmem:34932kB writeback_tmp:0kB unstable:0kB all_unreclaimable? yes
[  134.512900] Node 0 DMA free:6716kB min:48kB low:60kB high:72kB active_anon:8kB inactive_anon:0kB active_file:0kB inactive_file:0kB unevictable:0kB writepending:0kB present:15992kB managed:15908kB mlocked:0kB kernel_stack:0kB pagetables:0kB bounce:0kB free_pcp:0kB local_pcp:0kB free_cma:0kB
[  134.517161] lowmem_reserve[]: 0 1667 1667 1667
[  134.517941] Node 0 DMA32 free:5128kB min:5196kB low:6900kB high:8604kB active_anon:131988kB inactive_anon:34840kB active_file:196kB inactive_file:240kB unevictable:0kB writepending:4kB present:2080640kB managed:1709412kB mlocked:0kB kernel_stack:5280kB pagetables:8112kB bounce:0kB free_pcp:604kB local_pcp:176kB free_cma:0kB
[  134.522750] lowmem_reserve[]: 0 0 0 0
[  134.523598] Node 0 DMA: 3*4kB (UM) 2*8kB (M) 2*16kB (M) 2*32kB (M) 3*64kB (UM) 2*128kB (M) 0*256kB 2*512kB (UM) 1*1024kB (M) 0*2048kB 1*4096kB (M) = 6716kB
[  134.526543] Node 0 DMA32: 366*4kB (UMH) 118*8kB (MH) 48*16kB (MH) 21*32kB (UMH) 12*64kB (UMH) 2*128kB (H) 1*256kB (H) 0*512kB 0*1024kB 0*2048kB 0*4096kB = 5128kB
[  134.534034] Node 0 hugepages_total=0 hugepages_free=0 hugepages_surp=0 hugepages_size=2048kB
[  134.535866] 8845 total pagecache pages
[  134.536529] 0 pages in swap cache
[  134.537107] Swap cache stats: add 0, delete 0, find 0/0
[  134.538001] Free swap  = 0kB
[  134.538506] Total swap = 0kB
[  134.539016] 524158 pages RAM
[  134.539526] 0 pages HighMem/MovableOnly
[  134.540227] 92828 pages reserved
[  134.540805] [ pid ]   uid  tgid total_vm      rss pgtables_bytes swapents oom_score_adj name
[  134.542248] [ 1148]     0  1148    17671      316   122880        0             0 systemd-journal
[  134.543761] [ 1173]     0  1173    11384      417   114688        0         -1000 systemd-udevd
[  134.545242] [ 1353]   100  1353    31822      124   147456        0             0 systemd-timesyn
[  134.546736] [ 1473]     0  1473     5089      258    65536        0             0 dhclient
[  134.548157] [ 1780]     0  1780     6999       58   102400        0             0 cron
[  134.549500] [ 1784]     0  1784    63583      221   147456        0             0 rsyslogd
[  134.550902] [ 1800]     0  1800     3165       31    69632        0             0 agetty
[  134.552286] [ 1803]     0  1803    17489      188   176128        0         -1000 sshd
[  134.553631] [ 1804]     0  1804    16349      106   172032        0             0 login
[  134.554984] [ 1805]     0  1805     3221       32    73728        0             0 agetty
[  134.556393] [ 1806]     0  1806     3221       31    73728        0             0 agetty
[  134.557771] [ 1807]     0  1807     3221       31    69632        0             0 agetty
[  134.559286] [ 1809]     0  1809     3221       33    73728        0             0 agetty
[  134.560703] [ 1879]     0  1879    23220      252   225280        0             0 sshd
[  134.562141] [ 1885]     0  1885   140564    28823   548864        0             0 syz-fuzzer
[  134.563723] [ 1919]     0  1919    18114       17   114688        0             0 syz-executor.2
[  134.565305] [ 1920]     0  1920    18114       18   114688        0             0 syz-executor.3
[  134.566787] [ 1921]     0  1921    18114       17   114688        0             0 syz-executor.0
[  134.568376] [ 1925]     0  1925    18113     8733   126976        0             0 syz-executor.3
[  134.569861] [ 1926]     0  1926    18114       17   118784        0             0 syz-executor.4
[  134.571358] [ 1927]     0  1927    18114       16   114688        0             0 syz-executor.11
[  134.572882] [ 1928]     0  1928    18114       16   118784        0             0 syz-executor.10
[  134.574377] [ 1929]     0  1929    18114       17   118784        0             0 syz-executor.9
[  134.575881] [ 1930]     0  1930    18114       17   114688        0             0 syz-executor.6
[  134.577376] [ 1932]     0  1932    18114       17   118784        0             0 syz-executor.15
[  134.578879] [ 1933]     0  1933    18113     8733   122880        0             0 syz-executor.0
[  134.580386] [ 1934]     0  1934    18114       17   114688        0             0 syz-executor.1
[  134.581882] [ 1935]     0  1935    18113     8730   122880        0             0 syz-executor.2
[  134.583375] [ 1937]     0  1937    18114       17   114688        0             0 syz-executor.7
[  134.584914] [ 1939]     0  1939    18114       16   114688        0             0 syz-executor.5
[  134.586390] [ 1941]     0  1941    18114       16   114688        0             0 syz-executor.8
[  134.587896] [ 1944]     0  1944    18114       17   114688        0             0 syz-executor.12
[  134.589398] [ 1947]     0  1947    18114       16   114688        0             0 syz-executor.13
[  134.590966] [ 1960]     0  1960    18113     8732   122880        0             0 syz-executor.11
[  134.592478] [ 1961]     0  1961    18113     8733   126976        0             0 syz-executor.4
[  134.593964] [ 1963]     0  1963    18113     8655   126976        0             0 syz-executor.9
[  134.595454] [ 1964]     0  1964    18113     8652   122880        0             0 syz-executor.5
[  134.596953] [ 1969]     0  1969    18113     8732   126976        0             0 syz-executor.10
[  134.598467] [ 1980]     0  1980    18113     8732   122880        0             0 syz-executor.6
[  134.599988] [ 1983]     0  1983    18113     8732   122880        0             0 syz-executor.7
[  134.601505] [ 1985]     0  1985    18113     8731   122880        0             0 syz-executor.1
[  134.603016] [ 1987]     0  1987    18113     8731   126976        0             0 syz-executor.15
[  134.604533] [ 2005]     0  2005    18113     8733   122880        0             0 syz-executor.12
[  134.606066] [ 2006]     0  2006    18113     8729   126976        0             0 syz-executor.8
[  134.607588] [ 2034]     0  2034    18113     8730   122880        0             0 syz-executor.13
[  134.609095] [12735]     0 12735    18146     8712   122880        0          1000 syz-executor.6
[  134.610588] [12745]     0 12745    18179     8714   122880        0          1000 syz-executor.6
[  134.612082] [12781]     0 12781    18146     8712   122880        0          1000 syz-executor.6
[  134.613603] [12783]     0 12783    18179     8714   122880        0          1000 syz-executor.6
[  134.615261] [12857]     0 12857    18146     8713   126976        0          1000 syz-executor.1
[  134.616773] [12862]     0 12862    18179     8715   126976        0          1000 syz-executor.1
[  134.618270] [13345]     0 13345    18146     8713   126976        0          1000 syz-executor.4
[  134.619805] [13380]     0 13380    18212     8717   126976        0          1000 syz-executor.4
[  134.621315] [15203]     0 15203    18114       16   114688        0             0 syz-executor.14
[  134.622847] [15204]     0 15204    18113     8729   122880        0             0 syz-executor.14
[  134.624399] [15558]     0 15558    18147     8706   122880        0          1000 syz-executor.14
[  134.625967] [15560]     0 15560    18180     8708   122880        0          1000 syz-executor.14
[  134.627531] [15777]     0 15777    18146     8711   122880        0          1000 syz-executor.1
[  134.629066] [15788]     0 15788    18179     8713   122880        0          1000 syz-executor.1
[  134.630580] [16144]     0 16144    18146     8704   122880        0          1000 syz-executor.4
[  134.632153] [16186]     0 16186    18179     8715   126976        0          1000 syz-executor.4
[  134.633690] [16421]     0 16421    16349      106   176128        0             0 login
[  134.635128] [17080]     0 17080    18146     8711   122880        0          1000 syz-executor.5
[  134.636626] [17085]     0 17085    18179     8713   122880        0          1000 syz-executor.5
[  134.638134] [17356]     0 17356    18146     8709   122880        0          1000 syz-executor.14
[  134.639630] [17498]     0 17498    18146     8712   122880        0          1000 syz-executor.6
[  134.641157] [17741]     0 17741    18146     8710   122880        0          1000 syz-executor.14
[  134.642656] [17776]     0 17776    18179     8712   122880        0          1000 syz-executor.14
[  134.644164] [18304]     0 18304    18146     8742   126976        0          1000 syz-executor.5
[  134.645640] [18504]     0 18504    18146     8702   118784        0          1000 syz-executor.1
[  134.647123] [18539]     0 18539    18179     8714   122880        0          1000 syz-executor.6
[  134.648615] [18546]     0 18546    18179     8714   122880        0          1000 syz-executor.6
[  134.650097] [18766]     0 18766    18146     8712   126976        0          1000 syz-executor.10
[  134.651610] [18862]     0 18862    18146     8711   139264        0          1000 syz-executor.15
[  134.653119] [18866]     0 18866    18179     8713   139264        0          1000 syz-executor.15
[  134.654629] [19129]     0 19129    18146     8703   126976        0          1000 syz-executor.15
[  134.656158] [19684]     0 19684    18179     8498   135168        0          1000 syz-executor.9
[  134.657644] [19686]     0 19686    18179     8581   131072        0          1000 syz-executor.5
[  134.659133] Out of memory: Kill process 18304 (syz-executor.5) score 1019 or sacrifice child
[  134.660595] Killed process 18304 (syz-executor.5) total-vm:72584kB, anon-rss:152kB, file-rss:34816kB, shmem-rss:0kB
[  134.671635] syz-executor.5 invoked oom-killer: gfp_mask=0x14200ca(GFP_HIGHUSER_MOVABLE), nodemask=(null), order=0, oom_score_adj=1000
[  134.675084] syz-executor.5 cpuset=/ mems_allowed=0
[  134.676542] CPU: 0 PID: 19686 Comm: syz-executor.5 Not tainted 4.17.0-rc4 #3
[  134.678378] Hardware name: QEMU Standard PC (i440FX + PIIX, 1996), BIOS 1.10.2-1ubuntu1 04/01/2014
[  134.680337] Call Trace:
[  134.680778]  dump_stack+0x8c/0xce
[  134.681367]  dump_header.isra.30+0x150/0x8cd
[  134.682098]  ? ___ratelimit+0x59/0x400
[  134.682740]  oom_kill_process+0x5a5/0xcd0
[  134.683430]  ? find_lock_task_mm+0xbe/0x180
[  134.684163]  ? oom_badness+0x97/0x550
[  134.684801]  out_of_memory+0x2c3/0x15e0
[  134.685468]  ? oom_killer_disable+0x230/0x230
[  134.686227]  ? cpumask_next+0x1f/0x30
[  134.686871]  ? zone_reclaimable_pages+0x4f9/0x690
[  134.687683]  ? find_next_bit+0xc9/0xf0
[  134.688340]  __alloc_pages_slowpath+0x1ad9/0x1fe0
[  134.689157]  ? warn_alloc+0x290/0x290
[  134.689795]  ? __page_cache_alloc+0x9e/0x1c0
[  134.690532]  __alloc_pages_nodemask+0x3c7/0x480
[  134.691319]  ? __alloc_pages_slowpath+0x1fe0/0x1fe0
[  134.692165]  alloc_pages_current+0xac/0x1e0
[  134.692890]  __page_cache_alloc+0x107/0x1c0
[  134.693610]  filemap_fault+0x639/0x12c0
[  134.694269]  ? __lock_page_or_retry+0x7b0/0x7b0
[  134.695050]  ? filemap_map_pages+0x498/0x8d0
[  134.695802]  ? find_get_pages_range_tag+0x610/0x610
[  134.696649]  ? set_next_entity+0x291/0x2770
[  134.697382]  ext4_filemap_fault+0x7d/0xa4
[  134.698065]  __do_fault+0x80/0x150
[  134.698650]  __handle_mm_fault+0xec5/0x1ab0
[  134.699363]  ? __pmd_alloc+0x370/0x370
[  134.700021]  ? kvm_clock_get_cycles+0x1a/0x20
[  134.700768]  ? ktime_get+0xce/0x120
[  134.701377]  handle_mm_fault+0xfc/0x350
[  134.702034]  __do_page_fault+0x4f8/0xb20
[  134.702713]  ? mm_fault_error+0x2b0/0x2b0
[  134.703402]  ? async_page_fault+0x8/0x30
[  134.704079]  async_page_fault+0x1e/0x30
[  134.704741] RIP: 0033:0x40dd8a
[  134.705266] RSP: 002b:00007ffd951b53e0 EFLAGS: 00010206
[  134.706161] RAX: 000000000000cc78 RBX: 0000000000000a80 RCX: 0000000020000040
[  134.707369] RDX: 0000000000000007 RSI: 00000000004bf39e RDI: 0000000000000001
[  134.708572] RBP: 000000000000012c R08: 0000000000000000 R09: 0000000000000000
[  134.709764] R10: 0000000000740050 R11: 0000000000000246 R12: 0000000000740058
[  134.710967] R13: 000000000073bfb4 R14: 0000000000740060 R15: 00000000006fe420
[  134.712279] Mem-Info:
[  134.712699] active_anon:32961 inactive_anon:8710 isolated_anon:0
[  134.712699]  active_file:61 inactive_file:33 isolated_file:0
[  134.712699]  unevictable:0 dirty:0 writeback:1 unstable:0
[  134.712699]  slab_reclaimable:5058 slab_unreclaimable:21146
[  134.712699]  mapped:139447 shmem:8733 pagetables:1988 bounce:0
[  134.712699]  free:2858 free_pcp:64 free_cma:0
[  134.718192] Node 0 active_anon:131844kB inactive_anon:34840kB active_file:244kB inactive_file:132kB unevictable:0kB isolated(anon):0kB isolated(file):0kB mapped:557788kB dirty:0kB writeback:4kB shmem:34932kB writeback_tmp:0kB unstable:0kB all_unreclaimable? no
[  134.722147] Node 0 DMA free:6716kB min:48kB low:60kB high:72kB active_anon:8kB inactive_anon:0kB active_file:0kB inactive_file:0kB unevictable:0kB writepending:0kB present:15992kB managed:15908kB mlocked:0kB kernel_stack:0kB pagetables:0kB bounce:0kB free_pcp:0kB local_pcp:0kB free_cma:0kB
[  134.726540] lowmem_reserve[]: 0 1667 1667 1667
[  134.727343] Node 0 DMA32 free:4716kB min:5196kB low:6900kB high:8604kB active_anon:131836kB inactive_anon:34840kB active_file:0kB inactive_file:0kB unevictable:0kB writepending:4kB present:2080640kB managed:1709412kB mlocked:0kB kernel_stack:5184kB pagetables:7952kB bounce:0kB free_pcp:256kB local_pcp:0kB free_cma:0kB
[  134.732157] lowmem_reserve[]: 0 0 0 0
[  134.732829] Node 0 DMA: 3*4kB (UM) 2*8kB (M) 2*16kB (M) 2*32kB (M) 3*64kB (UM) 2*128kB (M) 0*256kB 2*512kB (UM) 1*1024kB (M) 0*2048kB 1*4096kB (M) = 6716kB
[  134.735205] Node 0 DMA32: 335*4kB (MH) 118*8kB (UMH) 46*16kB (UMH) 17*32kB (UMH) 10*64kB (UH) 2*128kB (H) 1*256kB (H) 0*512kB 0*1024kB 0*2048kB 0*4096kB = 4716kB
[  134.737682] Node 0 hugepages_total=0 hugepages_free=0 hugepages_surp=0 hugepages_size=2048kB
[  134.739114] 8833 total pagecache pages
[  134.739784] 0 pages in swap cache
[  134.740379] Swap cache stats: add 0, delete 0, find 0/0
[  134.741285] Free swap  = 0kB
[  134.741787] Total swap = 0kB
[  134.742298] 524158 pages RAM
[  134.742821] 0 pages HighMem/MovableOnly
[  134.743517] 92828 pages reserved
[  134.744096] [ pid ]   uid  tgid total_vm      rss pgtables_bytes swapents oom_score_adj name
[  134.745570] [ 1148]     0  1148    17671      316   122880        0             0 systemd-journal
[  134.747112] [ 1173]     0  1173    11384      417   114688        0         -1000 systemd-udevd
[  134.748604] [ 1353]   100  1353    31822      124   147456        0             0 systemd-timesyn
[  134.750159] [ 1473]     0  1473     5089      258    65536        0             0 dhclient
[  134.751588] [ 1780]     0  1780     6999       58   102400        0             0 cron
[  134.752971] [ 1784]     0  1784    63583      221   147456        0             0 rsyslogd
[  134.754349] [ 1800]     0  1800     3165       31    69632        0             0 agetty
[  134.755751] [ 1803]     0  1803    17489      188   176128        0         -1000 sshd
[  134.757104] [ 1804]     0  1804    16349      106   172032        0             0 login
[  134.758476] [ 1805]     0  1805     3221       32    73728        0             0 agetty
[  134.759853] [ 1806]     0  1806     3221       31    73728        0             0 agetty
[  134.761254] [ 1807]     0  1807     3221       31    69632        0             0 agetty
[  134.762636] [ 1809]     0  1809     3221       33    73728        0             0 agetty
[  134.764052] [ 1879]     0  1879    23220      252   225280        0             0 sshd
[  134.765389] [ 1885]     0  1885   140564    28823   548864        0             0 syz-fuzzer
[  134.766824] [ 1919]     0  1919    18114       17   114688        0             0 syz-executor.2
[  134.768324] [ 1920]     0  1920    18114       18   114688        0             0 syz-executor.3
[  134.769824] [ 1921]     0  1921    18114       17   114688        0             0 syz-executor.0
[  134.771367] [ 1925]     0  1925    18113     8733   126976        0             0 syz-executor.3
[  134.772892] [ 1926]     0  1926    18114       17   118784        0             0 syz-executor.4
[  134.774388] [ 1927]     0  1927    18114       16   114688        0             0 syz-executor.11
[  134.775930] [ 1928]     0  1928    18114       16   118784        0             0 syz-executor.10
[  134.777438] [ 1929]     0  1929    18114       17   118784        0             0 syz-executor.9
[  134.778949] [ 1930]     0  1930    18114       17   114688        0             0 syz-executor.6
[  134.780458] [ 1932]     0  1932    18114       17   118784        0             0 syz-executor.15
[  134.781981] [ 1933]     0  1933    18113     8733   122880        0             0 syz-executor.0
[  134.783492] [ 1934]     0  1934    18114       17   114688        0             0 syz-executor.1
[  134.784976] [ 1935]     0  1935    18113     8730   122880        0             0 syz-executor.2
[  134.786463] [ 1937]     0  1937    18114       17   114688        0             0 syz-executor.7
[  134.787960] [ 1939]     0  1939    18114       16   114688        0             0 syz-executor.5
[  134.789432] [ 1941]     0  1941    18114       16   114688        0             0 syz-executor.8
[  134.790922] [ 1944]     0  1944    18114       17   114688        0             0 syz-executor.12
[  134.792432] [ 1947]     0  1947    18114       16   114688        0             0 syz-executor.13
[  134.793922] [ 1960]     0  1960    18113     8732   122880        0             0 syz-executor.11
[  134.795413] [ 1961]     0  1961    18113     8733   126976        0             0 syz-executor.4
[  134.796907] [ 1963]     0  1963    18113     8655   126976        0             0 syz-executor.9
[  134.798376] [ 1964]     0  1964    18113     8652   122880        0             0 syz-executor.5
[  134.799873] [ 1969]     0  1969    18113     8732   126976        0             0 syz-executor.10
[  134.801366] [ 1980]     0  1980    18113     8732   122880        0             0 syz-executor.6
[  134.802860] [ 1983]     0  1983    18113     8732   122880        0             0 syz-executor.7
[  134.804330] [ 1985]     0  1985    18113     8731   122880        0             0 syz-executor.1
[  134.805815] [ 1987]     0  1987    18113     8731   126976        0             0 syz-executor.15
[  134.807304] [ 2005]     0  2005    18113     8733   122880        0             0 syz-executor.12
[  134.808809] [ 2006]     0  2006    18113     8729   126976        0             0 syz-executor.8
[  134.810297] [ 2034]     0  2034    18113     8730   122880        0             0 syz-executor.13
[  134.811811] [12735]     0 12735    18146     8712   122880        0          1000 syz-executor.6
[  134.813298] [12745]     0 12745    18179     8714   122880        0          1000 syz-executor.6
[  134.814795] [12781]     0 12781    18146     8712   122880        0          1000 syz-executor.6
[  134.816281] [12783]     0 12783    18179     8714   122880        0          1000 syz-executor.6
[  134.817754] [12857]     0 12857    18146     8713   126976        0          1000 syz-executor.1
[  134.819231] [12862]     0 12862    18179     8715   126976        0          1000 syz-executor.1
[  134.820733] [13345]     0 13345    18146     8713   126976        0          1000 syz-executor.4
[  134.822222] [13380]     0 13380    18212     8717   126976        0          1000 syz-executor.4
[  134.823733] [15203]     0 15203    18114       16   114688        0             0 syz-executor.14
[  134.825221] [15204]     0 15204    18113     8729   122880        0             0 syz-executor.14
[  134.826724] [15558]     0 15558    18147     8706   122880        0          1000 syz-executor.14
[  134.828233] [15560]     0 15560    18180     8708   122880        0          1000 syz-executor.14
[  134.829716] [15777]     0 15777    18146     8711   122880        0          1000 syz-executor.1
[  134.831210] [15788]     0 15788    18179     8713   122880        0          1000 syz-executor.1
[  134.832689] [16144]     0 16144    18146     8704   122880        0          1000 syz-executor.4
[  134.834184] [16186]     0 16186    18179     8715   126976        0          1000 syz-executor.4
[  134.835680] [16421]     0 16421    16349      106   176128        0             0 login
[  134.837039] [17080]     0 17080    18146     8711   122880        0          1000 syz-executor.5
[  134.838518] [17085]     0 17085    18179     8713   122880        0          1000 syz-executor.5
[  134.840049] [17356]     0 17356    18146     8709   122880        0          1000 syz-executor.14
[  134.841541] [17498]     0 17498    18146     8712   122880        0          1000 syz-executor.6
[  134.843032] [17741]     0 17741    18146     8710   122880        0          1000 syz-executor.14
[  134.844576] [17776]     0 17776    18179     8712   122880        0          1000 syz-executor.14
[  134.846073] [18504]     0 18504    18146     8702   118784        0          1000 syz-executor.1
[  134.847549] [18539]     0 18539    18179     8714   122880        0          1000 syz-executor.6
[  134.849068] [18546]     0 18546    18179     8714   122880        0          1000 syz-executor.6
[  134.850541] [18766]     0 18766    18146     8712   126976        0          1000 syz-executor.10
[  134.852043] [18862]     0 18862    18146     8711   139264        0          1000 syz-executor.15
[  134.853534] [18866]     0 18866    18179     8713   139264        0          1000 syz-executor.15
[  134.855043] [19129]     0 19129    18146     8703   126976        0          1000 syz-executor.15
[  134.856551] [19684]     0 19684    18179     8498   135168        0          1000 syz-executor.9
[  134.858056] [19686]     0 19686    18179     8581   131072        0          1000 syz-executor.5
[  134.859566] Out of memory: Kill process 13380 (syz-executor.4) score 1019 or sacrifice child
[  134.861031] Killed process 13380 (syz-executor.4) total-vm:72848kB, anon-rss:180kB, file-rss:34688kB, shmem-rss:0kB
[  134.870521] syz-fuzzer invoked oom-killer: gfp_mask=0x14200ca(GFP_HIGHUSER_MOVABLE), nodemask=(null), order=0, oom_score_adj=0
[  134.872731] syz-fuzzer cpuset=/ mems_allowed=0
[  134.873599] CPU: 1 PID: 1888 Comm: syz-fuzzer Not tainted 4.17.0-rc4 #3
[  134.874757] Hardware name: QEMU Standard PC (i440FX + PIIX, 1996), BIOS 1.10.2-1ubuntu1 04/01/2014
[  134.876376] Call Trace:
[  134.876815]  dump_stack+0x8c/0xce
[  134.877471]  dump_header.isra.30+0x150/0x8cd
[  134.878234]  ? ___ratelimit+0x59/0x400
[  134.878884]  oom_kill_process+0x5a5/0xcd0
[  134.879649]  ? find_lock_task_mm+0xbe/0x180
[  134.880380]  ? oom_badness+0x97/0x550
[  134.881010]  out_of_memory+0x2c3/0x15e0
[  134.881734]  ? oom_killer_disable+0x230/0x230
[  134.882483]  ? cpumask_next+0x1f/0x30
[  134.883115]  ? zone_reclaimable_pages+0x4f9/0x690
[  134.884005]  ? find_next_bit+0xc9/0xf0
[  134.884668]  __alloc_pages_slowpath+0x1ad9/0x1fe0
[  134.885550]  ? warn_alloc+0x290/0x290
[  134.886190]  ? __page_cache_alloc+0x9e/0x1c0
[  134.886930]  __alloc_pages_nodemask+0x3c7/0x480
[  134.887772]  ? __alloc_pages_slowpath+0x1fe0/0x1fe0
[  134.888606]  alloc_pages_current+0xac/0x1e0
[  134.889359]  __page_cache_alloc+0x107/0x1c0
[  134.890103]  filemap_fault+0x639/0x12c0
[  134.890765]  ? __lock_page_or_retry+0x7b0/0x7b0
[  134.891585]  ? filemap_map_pages+0x498/0x8d0
[  134.892343]  ? find_get_pages_range_tag+0x610/0x610
[  134.893180]  ext4_filemap_fault+0x7d/0xa4
[  134.893924]  __do_fault+0x80/0x150
[  134.894519]  __handle_mm_fault+0xec5/0x1ab0
[  134.895247]  ? perf_sched_cb_inc+0x190/0x190
[  134.896031]  ? __pmd_alloc+0x370/0x370
[  134.896682]  ? __switch_to+0x381/0xc10
[  134.897351]  ? call_function_single_interrupt+0xa/0x20
[  134.898257]  handle_mm_fault+0xfc/0x350
[  134.898919]  __do_page_fault+0x4f8/0xb20
[  134.899685]  ? mm_fault_error+0x2b0/0x2b0
[  134.900383]  ? async_page_fault+0x8/0x30
[  134.901087]  async_page_fault+0x1e/0x30
[  134.901841] RIP: 0033:0x40ad5e
[  134.902369] RSP: 002b:000000c000040ef8 EFLAGS: 00010216
[  134.903292] RAX: ffffffffffffff92 RBX: 000000003a5d0412 RCX: 00000000004609c3
[  134.904582] RDX: 0000000000000000 RSI: 0000000000000080 RDI: 0000000001e3f480
[  134.905872] RBP: 000000c000040ef0 R08: 0000000000000000 R09: 0000000000000000
[  134.907118] R10: 000000c000040ed8 R11: 0000000000000206 R12: 0000001f3006c27a
[  134.908410] R13: 0000000000000001 R14: 0000001f3006c27a R15: 0000000000000000
[  134.909778] Mem-Info:
[  134.910387] active_anon:32940 inactive_anon:8710 isolated_anon:0
[  134.910387]  active_file:48 inactive_file:16 isolated_file:30
[  134.910387]  unevictable:0 dirty:0 writeback:0 unstable:0
[  134.910387]  slab_reclaimable:5058 slab_unreclaimable:21146
[  134.910387]  mapped:139447 shmem:8733 pagetables:1988 bounce:0
[  134.910387]  free:2891 free_pcp:88 free_cma:0
[  134.916130] Node 0 active_anon:131760kB inactive_anon:34840kB active_file:88kB inactive_file:236kB unevictable:0kB isolated(anon):0kB isolated(file):0kB mapped:557788kB dirty:0kB writeback:0kB shmem:34932kB writeback_tmp:0kB unstable:0kB all_unreclaimable? no
[  134.920106] Node 0 DMA free:6716kB min:48kB low:60kB high:72kB active_anon:8kB inactive_anon:0kB active_file:0kB inactive_file:0kB unevictable:0kB writepending:0kB present:15992kB managed:15908kB mlocked:0kB kernel_stack:0kB pagetables:0kB bounce:0kB free_pcp:0kB local_pcp:0kB free_cma:0kB
[  134.924762] lowmem_reserve[]: 0 1667 1667 1667
[  134.925604] Node 0 DMA32 free:4856kB min:5196kB low:6900kB high:8604kB active_anon:131836kB inactive_anon:34840kB active_file:328kB inactive_file:68kB unevictable:0kB writepending:0kB present:2080640kB managed:1709412kB mlocked:0kB kernel_stack:5184kB pagetables:7952kB bounce:0kB free_pcp:352kB local_pcp:352kB free_cma:0kB
[  134.930921] lowmem_reserve[]: 0 0 0 0
[  134.931647] Node 0 DMA: 3*4kB (UM) 2*8kB (M) 2*16kB (M) 2*32kB (M) 3*64kB (UM) 2*128kB (M) 0*256kB 2*512kB (UM) 1*1024kB (M) 0*2048kB 1*4096kB (M) = 6716kB
[  134.934285] Node 0 DMA32: 370*4kB (MH) 114*8kB (MH) 44*16kB (MH) 17*32kB (UMH) 11*64kB (UH) 2*128kB (H) 1*256kB (H) 0*512kB 0*1024kB 0*2048kB 0*4096kB = 4856kB
[  134.936942] Node 0 hugepages_total=0 hugepages_free=0 hugepages_surp=0 hugepages_size=2048kB
[  134.938521] 8831 total pagecache pages
[  134.939194] 0 pages in swap cache
[  134.939866] Swap cache stats: add 0, delete 0, find 0/0
[  134.940805] Free swap  = 0kB
[  134.941385] Total swap = 0kB
[  134.941928] 524158 pages RAM
[  134.942469] 0 pages HighMem/MovableOnly
[  134.943175] 92828 pages reserved
[  134.943806] [ pid ]   uid  tgid total_vm      rss pgtables_bytes swapents oom_score_adj name
[  134.945338] [ 1148]     0  1148    17671      316   122880        0             0 systemd-journal
[  134.946936] [ 1173]     0  1173    11384      417   114688        0         -1000 systemd-udevd
[  134.948554] [ 1353]   100  1353    31822      124   147456        0             0 systemd-timesyn
[  134.950152] [ 1473]     0  1473     5089      258    65536        0             0 dhclient
[  134.951653] [ 1780]     0  1780     6999       58   102400        0             0 cron
[  134.953122] [ 1784]     0  1784    63583      221   147456        0             0 rsyslogd
[  134.954936] [ 1800]     0  1800     3165       31    69632        0             0 agetty
[  134.956472] [ 1803]     0  1803    17489      188   176128        0         -1000 sshd
[  134.957895] [ 1804]     0  1804    16349      106   172032        0             0 login
[  134.959318] [ 1805]     0  1805     3221       32    73728        0             0 agetty
[  134.960783] [ 1806]     0  1806     3221       31    73728        0             0 agetty
[  134.962252] [ 1807]     0  1807     3221       31    69632        0             0 agetty
[  134.963717] [ 1809]     0  1809     3221       33    73728        0             0 agetty
[  134.965152] [ 1879]     0  1879    23220      252   225280        0             0 sshd
[  134.966582] [ 1885]     0  1885   140564    28823   548864        0             0 syz-fuzzer
[  134.968109] [ 1919]     0  1919    18114       17   114688        0             0 syz-executor.2
[  134.969686] [ 1920]     0  1920    18114       18   114688        0             0 syz-executor.3
[  134.971203] [ 1921]     0  1921    18114       17   114688        0             0 syz-executor.0
[  134.972773] [ 1925]     0  1925    18113     8733   126976        0             0 syz-executor.3
[  134.974341] [ 1926]     0  1926    18114       17   118784        0             0 syz-executor.4
[  134.975934] [ 1927]     0  1927    18114       16   114688        0             0 syz-executor.11
[  134.977541] [ 1928]     0  1928    18114       16   118784        0             0 syz-executor.10
[  134.979068] [ 1929]     0  1929    18114       17   118784        0             0 syz-executor.9
[  134.980648] [ 1930]     0  1930    18114       17   114688        0             0 syz-executor.6
[  134.982203] [ 1932]     0  1932    18114       17   118784        0             0 syz-executor.15
[  134.983780] [ 1933]     0  1933    18113     8733   122880        0             0 syz-executor.0
[  134.985313] [ 1934]     0  1934    18114       17   114688        0             0 syz-executor.1
[  134.986864] [ 1935]     0  1935    18113     8730   122880        0             0 syz-executor.2
[  134.988446] [ 1937]     0  1937    18114       17   114688        0             0 syz-executor.7
[  134.990032] [ 1939]     0  1939    18114       16   114688        0             0 syz-executor.5
[  134.991668] [ 1941]     0  1941    18114       16   114688        0             0 syz-executor.8
[  134.993249] [ 1944]     0  1944    18114       17   114688        0             0 syz-executor.12
[  134.994802] [ 1947]     0  1947    18114       16   114688        0             0 syz-executor.13
[  134.996403] [ 1960]     0  1960    18113     8732   122880        0             0 syz-executor.11
[  134.998010] [ 1961]     0  1961    18113     8733   126976        0             0 syz-executor.4
[  134.999592] [ 1963]     0  1963    18113     8655   126976        0             0 syz-executor.9
[  135.001142] [ 1964]     0  1964    18113     8652   122880        0             0 syz-executor.5
[  135.002751] [ 1969]     0  1969    18113     8732   126976        0             0 syz-executor.10
[  135.004558] [ 1980]     0  1980    18113     8732   122880        0             0 syz-executor.6
[  135.006527] [ 1983]     0  1983    18113     8732   122880        0             0 syz-executor.7
[  135.008494] [ 1985]     0  1985    18113     8731   122880        0             0 syz-executor.1
[  135.010491] [ 1987]     0  1987    18113     8731   126976        0             0 syz-executor.15
[  135.012469] [ 2005]     0  2005    18113     8733   122880        0             0 syz-executor.12
[  135.014446] [ 2006]     0  2006    18113     8729   126976        0             0 syz-executor.8
[  135.016433] [ 2034]     0  2034    18113     8730   122880        0             0 syz-executor.13
[  135.018399] [12735]     0 12735    18146     8712   122880        0          1000 syz-executor.6
[  135.020327] [12745]     0 12745    18179     8714   122880        0          1000 syz-executor.6
[  135.022264] [12781]     0 12781    18146     8712   122880        0          1000 syz-executor.6
[  135.024213] [12783]     0 12783    18179     8714   122880        0          1000 syz-executor.6
[  135.026143] [12857]     0 12857    18146     8713   126976        0          1000 syz-executor.1
[  135.028101] [12862]     0 12862    18179     8715   126976        0          1000 syz-executor.1
[  135.030018] [13345]     0 13345    18146     8713   126976        0          1000 syz-executor.4
[  135.031954] [15203]     0 15203    18114       16   114688        0             0 syz-executor.14
[  135.033875] [15204]     0 15204    18113     8729   122880        0             0 syz-executor.14
[  135.035832] [15558]     0 15558    18147     8706   122880        0          1000 syz-executor.14
[  135.037777] [15560]     0 15560    18180     8708   122880        0          1000 syz-executor.14
[  135.039728] [15777]     0 15777    18146     8711   122880        0          1000 syz-executor.1
[  135.041645] [15788]     0 15788    18179     8713   122880        0          1000 syz-executor.1
[  135.043558] [16144]     0 16144    18146     8704   122880        0          1000 syz-executor.4
[  135.045451] [16186]     0 16186    18179     8715   126976        0          1000 syz-executor.4
[  135.047381] [16421]     0 16421    16349      105   176128        0             0 login
[  135.049135] [17080]     0 17080    18146     8711   122880        0          1000 syz-executor.5
[  135.051027] [17085]     0 17085    18179     8713   122880        0          1000 syz-executor.5
[  135.053016] [17356]     0 17356    18146     8709   122880        0          1000 syz-executor.14
[  135.055007] [17498]     0 17498    18146     8712   122880        0          1000 syz-executor.6
[  135.056959] [17741]     0 17741    18146     8710   122880        0          1000 syz-executor.14
[  135.058946] [17776]     0 17776    18179     8712   122880        0          1000 syz-executor.14
[  135.060944] [18504]     0 18504    18146     8702   118784        0          1000 syz-executor.1
[  135.062871] [18539]     0 18539    18179     8714   122880        0          1000 syz-executor.6
[  135.064790] [18546]     0 18546    18179     8714   122880        0          1000 syz-executor.6
[  135.066709] [18766]     0 18766    18146     8712   126976        0          1000 syz-executor.10
[  135.068677] [18862]     0 18862    18146     8711   139264        0          1000 syz-executor.15
[  135.070618] [18866]     0 18866    18179     8713   139264        0          1000 syz-executor.15
[  135.072742] [19129]     0 19129    18146     8703   126976        0          1000 syz-executor.15
[  135.074718] [19684]     0 19684    18179     8498   135168        0          1000 syz-executor.9
[  135.076667] [19686]     0 19686    18179     8581   131072        0          1000 syz-executor.5
[  135.078605] Out of memory: Kill process 18866 (syz-executor.15) score 1019 or sacrifice child
[  135.080509] Killed process 18866 (syz-executor.15) total-vm:72716kB, anon-rss:164kB, file-rss:34688kB, shmem-rss:0kB
[  135.084597] oom_reaper: reaped process 18866 (syz-executor.15), now anon-rss:0kB, file-rss:0kB, shmem-rss:0kB
[  135.087021] syz-executor.9 invoked oom-killer: gfp_mask=0x14200ca(GFP_HIGHUSER_MOVABLE), nodemask=(null), order=0, oom_score_adj=1000
[  135.089642] syz-executor.9 cpuset=/ mems_allowed=0
[  135.090722] CPU: 1 PID: 19684 Comm: syz-executor.9 Not tainted 4.17.0-rc4 #3
[  135.092235] Hardware name: QEMU Standard PC (i440FX + PIIX, 1996), BIOS 1.10.2-1ubuntu1 04/01/2014
[  135.094111] Call Trace:
[  135.094644]  dump_stack+0x8c/0xce
[  135.095383]  dump_header.isra.30+0x150/0x8cd
[  135.096312]  ? ___ratelimit+0x59/0x400
[  135.097120]  oom_kill_process+0x5a5/0xcd0
[  135.097969]  ? find_lock_task_mm+0xbe/0x180
[  135.098874]  ? oom_badness+0x97/0x550
[  135.099667]  out_of_memory+0x2c3/0x15e0
[  135.100503]  ? oom_killer_disable+0x230/0x230
[  135.101409]  ? cpumask_next+0x1f/0x30
[  135.102205]  ? zone_reclaimable_pages+0x4f9/0x690
[  135.103216]  ? find_next_bit+0xc9/0xf0
[  135.104050]  __alloc_pages_slowpath+0x1ad9/0x1fe0
[  135.105053]  ? warn_alloc+0x290/0x290
[  135.105836]  ? __page_cache_alloc+0x9e/0x1c0
[  135.106739]  __alloc_pages_nodemask+0x3c7/0x480
[  135.107723]  ? __alloc_pages_slowpath+0x1fe0/0x1fe0
[  135.108770]  alloc_pages_current+0xac/0x1e0
[  135.109675]  __page_cache_alloc+0x107/0x1c0
[  135.110573]  filemap_fault+0x639/0x12c0
[  135.111407]  ? __lock_page_or_retry+0x7b0/0x7b0
[  135.112363]  ? filemap_map_pages+0x498/0x8d0
[  135.113285]  ? find_get_pages_range_tag+0x610/0x610
[  135.114326]  ? anon_vma_interval_tree_insert+0x187/0x2c0
[  135.115467]  ? finish_mkwrite_fault+0x4b0/0x4b0
[  135.116477]  ext4_filemap_fault+0x7d/0xa4
[  135.117368]  __do_fault+0x80/0x150
[  135.118130]  __handle_mm_fault+0xec5/0x1ab0
[  135.119044]  ? __pmd_alloc+0x370/0x370
[  135.119876]  ? security_file_mprotect+0x81/0xb0
[  135.120863]  handle_mm_fault+0xfc/0x350
[  135.121692]  __do_page_fault+0x4f8/0xb20
[  135.122545]  ? _raw_spin_lock+0xe/0x30
[  135.123338]  ? mm_fault_error+0x2b0/0x2b0
[  135.124233]  ? __x64_sys_mprotect+0x74/0xb0
[  135.125138]  ? async_page_fault+0x8/0x30
[  135.126109]  async_page_fault+0x1e/0x30
[  135.126947] RIP: 0033:0x461ee3
[  135.127592] RSP: 002b:00007ffefda90478 EFLAGS: 00010287
[  135.128704] RAX: 00007f1ece89b5e8 RBX: 0000000000000001 RCX: 0000000000000001
[  135.130222] RDX: 0000000000000028 RSI: 00000000006fe350 RDI: 00007f1ece89b5c0
[  135.131724] RBP: 0000000000000028 R08: 0000000001fa1d00 R09: 0000000000000001
[  135.133236] R10: 0000000000000012 R11: 0000000000000141 R12: 0000000000000140
[  135.134745] R13: 0000000000000000 R14: 0000000000a76728 R15: 0000000000000001
[  135.136308] Mem-Info:
[  135.136855] active_anon:32919 inactive_anon:8710 isolated_anon:0
[  135.136855]  active_file:56 inactive_file:9 isolated_file:32
[  135.136855]  unevictable:0 dirty:0 writeback:0 unstable:0
[  135.136855]  slab_reclaimable:5058 slab_unreclaimable:21146
[  135.136855]  mapped:139447 shmem:8733 pagetables:1957 bounce:0
[  135.136855]  free:2954 free_pcp:89 free_cma:0
[  135.143794] Node 0 active_anon:131676kB inactive_anon:34840kB active_file:176kB inactive_file:220kB unevictable:0kB isolated(anon):0kB isolated(file):0kB mapped:557788kB dirty:0kB writeback:0kB shmem:34932kB writeback_tmp:0kB unstable:0kB all_unreclaimable? yes
[  135.148740] Node 0 DMA free:6716kB min:48kB low:60kB high:72kB active_anon:8kB inactive_anon:0kB active_file:0kB inactive_file:0kB unevictable:0kB writepending:0kB present:15992kB managed:15908kB mlocked:0kB kernel_stack:0kB pagetables:0kB bounce:0kB free_pcp:0kB local_pcp:0kB free_cma:0kB
[  135.154763] lowmem_reserve[]: 0 1667 1667 1667
[  135.156089] Node 0 DMA32 free:5132kB min:5196kB low:6900kB high:8604kB active_anon:131740kB inactive_anon:34840kB active_file:136kB inactive_file:204kB unevictable:0kB writepending:0kB present:2080640kB managed:1709412kB mlocked:0kB kernel_stack:5120kB pagetables:7848kB bounce:0kB free_pcp:356kB local_pcp:0kB free_cma:0kB
[  135.163188] lowmem_reserve[]: 0 0 0 0
[  135.164333] Node 0 DMA: 3*4kB (UM) 2*8kB (M) 2*16kB (M) 2*32kB (M) 3*64kB (UM) 2*128kB (M) 0*256kB 2*512kB (UM) 1*1024kB (M) 0*2048kB 1*4096kB (M) = 6716kB
[  135.168368] Node 0 DMA32: 385*4kB (UMH) 127*8kB (UMH) 48*16kB (UMH) 19*32kB (UMH) 11*64kB (UH) 2*128kB (H) 1*256kB (H) 0*512kB 0*1024kB 0*2048kB 0*4096kB = 5148kB
[  135.178288] Node 0 hugepages_total=0 hugepages_free=0 hugepages_surp=0 hugepages_size=2048kB
[  135.180741] 8831 total pagecache pages
[  135.181869] 0 pages in swap cache
[  135.182887] Swap cache stats: add 0, delete 0, find 0/0
[  135.184461] Free swap  = 0kB
[  135.185362] Total swap = 0kB
[  135.186246] 524158 pages RAM
[  135.187166] 0 pages HighMem/MovableOnly
[  135.188349] 92828 pages reserved
[  135.189371] [ pid ]   uid  tgid total_vm      rss pgtables_bytes swapents oom_score_adj name
[  135.191912] [ 1148]     0  1148    17671      316   122880        0             0 systemd-journal
[  135.194554] [ 1173]     0  1173    11384      417   114688        0         -1000 systemd-udevd
[  135.197118] [ 1353]   100  1353    31822      124   147456        0             0 systemd-timesyn
[  135.199793] [ 1473]     0  1473     5089      258    65536        0             0 dhclient
[  135.202252] [ 1780]     0  1780     6999       58   102400        0             0 cron
[  135.204627] [ 1784]     0  1784    63583      221   147456        0             0 rsyslogd
[  135.207120] [ 1800]     0  1800     3165       31    69632        0             0 agetty
[  135.209571] [ 1803]     0  1803    17489      188   176128        0         -1000 sshd
[  135.211956] [ 1804]     0  1804    16349      106   172032        0             0 login
[  135.214295] [ 1805]     0  1805     3221       32    73728        0             0 agetty
[  135.216682] [ 1806]     0  1806     3221       31    73728        0             0 agetty
[  135.219075] [ 1807]     0  1807     3221       31    69632        0             0 agetty
[  135.221495] [ 1809]     0  1809     3221       33    73728        0             0 agetty
[  135.223891] [ 1879]     0  1879    23220      252   225280        0             0 sshd
[  135.226273] [ 1885]     0  1885   140564    28823   548864        0             0 syz-fuzzer
[  135.228819] [ 1919]     0  1919    18114       17   114688        0             0 syz-executor.2
[  135.231439] [ 1920]     0  1920    18114       18   114688        0             0 syz-executor.3
[  135.234041] [ 1921]     0  1921    18114       17   114688        0             0 syz-executor.0
[  135.236627] [ 1925]     0  1925    18113     8733   126976        0             0 syz-executor.3
[  135.239217] [ 1926]     0  1926    18114       17   118784        0             0 syz-executor.4
[  135.241818] [ 1927]     0  1927    18114       16   114688        0             0 syz-executor.11
[  135.244503] [ 1928]     0  1928    18114       16   118784        0             0 syz-executor.10
[  135.247126] [ 1929]     0  1929    18114       17   118784        0             0 syz-executor.9
[  135.249763] [ 1930]     0  1930    18114       17   114688        0             0 syz-executor.6
[  135.252409] [ 1932]     0  1932    18114       17   118784        0             0 syz-executor.15
[  135.254972] [ 1933]     0  1933    18113     8733   122880        0             0 syz-executor.0
[  135.257530] [ 1934]     0  1934    18114       17   114688        0             0 syz-executor.1
[  135.260121] [ 1935]     0  1935    18113     8730   122880        0             0 syz-executor.2
[  135.262654] [ 1937]     0  1937    18114       17   114688        0             0 syz-executor.7
[  135.265192] [ 1939]     0  1939    18114       16   114688        0             0 syz-executor.5
[  135.267817] [ 1941]     0  1941    18114       16   114688        0             0 syz-executor.8
[  135.270366] [ 1944]     0  1944    18114       17   114688        0             0 syz-executor.12
[  135.272991] [ 1947]     0  1947    18114       16   114688        0             0 syz-executor.13
[  135.275624] [ 1960]     0  1960    18113     8732   122880        0             0 syz-executor.11
[  135.277559] [ 1961]     0  1961    18113     8733   126976        0             0 syz-executor.4
[  135.279412] [ 1963]     0  1963    18113     8655   126976        0             0 syz-executor.9
[  135.281271] [ 1964]     0  1964    18113     8652   122880        0             0 syz-executor.5
[  135.283140] [ 1969]     0  1969    18113     8732   126976        0             0 syz-executor.10
[  135.285013] [ 1980]     0  1980    18113     8732   122880        0             0 syz-executor.6
[  135.286851] [ 1983]     0  1983    18113     8732   122880        0             0 syz-executor.7
[  135.288700] [ 1985]     0  1985    18113     8731   122880        0             0 syz-executor.1
[  135.290542] [ 1987]     0  1987    18113     8731   126976        0             0 syz-executor.15
[  135.292417] [ 2005]     0  2005    18113     8733   122880        0             0 syz-executor.12
[  135.294273] [ 2006]     0  2006    18113     8729   126976        0             0 syz-executor.8
[  135.296139] [ 2034]     0  2034    18113     8730   122880        0             0 syz-executor.13
[  135.298126] [12735]     0 12735    18146     8712   122880        0          1000 syz-executor.6
[  135.300028] [12745]     0 12745    18179     8714   122880        0          1000 syz-executor.6
[  135.302544] [12781]     0 12781    18146     8712   122880        0          1000 syz-executor.6
[  135.305175] [12783]     0 12783    18179     8714   122880        0          1000 syz-executor.6
[  135.307816] [12857]     0 12857    18146     8713   126976        0          1000 syz-executor.1
[  135.310440] [12862]     0 12862    18179     8715   126976        0          1000 syz-executor.1
[  135.312895] [13345]     0 13345    18146     8713   126976        0          1000 syz-executor.4
[  135.314719] [15203]     0 15203    18114       16   114688        0             0 syz-executor.14
[  135.316568] [15204]     0 15204    18113     8729   122880        0             0 syz-executor.14
[  135.318407] [15558]     0 15558    18147     8706   122880        0          1000 syz-executor.14
[  135.320284] [15560]     0 15560    18180     8708   122880        0          1000 syz-executor.14
[  135.322157] [15777]     0 15777    18146     8711   122880        0          1000 syz-executor.1
[  135.324015] [15788]     0 15788    18179     8713   122880        0          1000 syz-executor.1
[  135.325886] [16144]     0 16144    18146     8704   122880        0          1000 syz-executor.4
[  135.327732] [16186]     0 16186    18179     8715   126976        0          1000 syz-executor.4
[  135.329591] [16421]     0 16421    16349      105   176128        0             0 login
[  135.331278] [17080]     0 17080    18146     8711   122880        0          1000 syz-executor.5
[  135.333139] [17085]     0 17085    18179     8713   122880        0          1000 syz-executor.5
[  135.334988] [17356]     0 17356    18146     8709   122880        0          1000 syz-executor.14
[  135.336885] [17498]     0 17498    18146     8712   122880        0          1000 syz-executor.6
[  135.338764] [17741]     0 17741    18146     8710   122880        0          1000 syz-executor.14
[  135.340695] [17776]     0 17776    18179     8712   122880        0          1000 syz-executor.14
[  135.342586] [18504]     0 18504    18146     8702   118784        0          1000 syz-executor.1
[  135.344548] [18539]     0 18539    18179     8714   122880        0          1000 syz-executor.6
[  135.347130] [18546]     0 18546    18179     8714   122880        0          1000 syz-executor.6
[  135.349761] [18766]     0 18766    18146     8712   126976        0          1000 syz-executor.10
[  135.352177] [18862]     0 18862    18146     8711   139264        0          1000 syz-executor.15
[  135.353754] [19129]     0 19129    18146     8703   126976        0          1000 syz-executor.15
[  135.355281] [19684]     0 19684    18179     8498   135168        0          1000 syz-executor.9
[  135.356810] [19686]     0 19686    18179     8581   131072        0          1000 syz-executor.5
[  135.358293] Out of memory: Kill process 12862 (syz-executor.1) score 1019 or sacrifice child
[  135.359763] Killed process 12862 (syz-executor.1) total-vm:72716kB, anon-rss:172kB, file-rss:34688kB, shmem-rss:0kB
[  135.363720] syz-executor.9 invoked oom-killer: gfp_mask=0x14200ca(GFP_HIGHUSER_MOVABLE), nodemask=(null), order=0, oom_score_adj=1000
[  135.365754] syz-executor.9 cpuset=/ mems_allowed=0
[  135.366604] CPU: 1 PID: 19684 Comm: syz-executor.9 Not tainted 4.17.0-rc4 #3
[  135.367825] Hardware name: QEMU Standard PC (i440FX + PIIX, 1996), BIOS 1.10.2-1ubuntu1 04/01/2014
[  135.369334] Call Trace:
[  135.369776]  dump_stack+0x8c/0xce
[  135.370352]  dump_header.isra.30+0x150/0x8cd
[  135.371087]  ? ___ratelimit+0x59/0x400
[  135.371744]  oom_kill_process+0x5a5/0xcd0
[  135.372432]  ? find_lock_task_mm+0xbe/0x180
[  135.373148]  ? oom_badness+0x97/0x550
[  135.373784]  out_of_memory+0x2c3/0x15e0
[  135.374454]  ? oom_killer_disable+0x230/0x230
[  135.375219]  ? cpumask_next+0x1f/0x30
[  135.375859]  ? zone_reclaimable_pages+0x4f9/0x690
[  135.376664]  ? find_next_bit+0xc9/0xf0
[  135.377304]  __alloc_pages_slowpath+0x1ad9/0x1fe0
[  135.378102]  ? warn_alloc+0x290/0x290
[  135.378737]  ? __page_cache_alloc+0x9e/0x1c0
[  135.379472]  __alloc_pages_nodemask+0x3c7/0x480
[  135.380249]  ? __alloc_pages_slowpath+0x1fe0/0x1fe0
[  135.381119]  alloc_pages_current+0xac/0x1e0
[  135.381849]  __page_cache_alloc+0x107/0x1c0
[  135.382588]  filemap_fault+0x639/0x12c0
[  135.383246]  ? __lock_page_or_retry+0x7b0/0x7b0
[  135.384034]  ? filemap_map_pages+0x498/0x8d0
[  135.384783]  ? find_get_pages_range_tag+0x610/0x610
[  135.385623]  ? anon_vma_interval_tree_insert+0x187/0x2c0
[  135.386566]  ? finish_mkwrite_fault+0x4b0/0x4b0
[  135.387345]  ext4_filemap_fault+0x7d/0xa4
[  135.388038]  __do_fault+0x80/0x150
[  135.388776]  __handle_mm_fault+0xec5/0x1ab0
[  135.389781]  ? __pmd_alloc+0x370/0x370
[  135.390709]  ? security_file_mprotect+0x81/0xb0
[  135.391858]  handle_mm_fault+0xfc/0x350
[  135.392824]  __do_page_fault+0x4f8/0xb20
[  135.393804]  ? _raw_spin_lock+0xe/0x30
[  135.394487]  ? mm_fault_error+0x2b0/0x2b0
[  135.395182]  ? __x64_sys_mprotect+0x74/0xb0
[  135.395937]  ? async_page_fault+0x8/0x30
[  135.396650]  async_page_fault+0x1e/0x30
[  135.397312] RIP: 0033:0x461ee3
[  135.397864] RSP: 002b:00007ffefda90478 EFLAGS: 00010287
[  135.398786] RAX: 00007f1ece89b5e8 RBX: 0000000000000001 RCX: 0000000000000001
[  135.400041] RDX: 0000000000000028 RSI: 00000000006fe350 RDI: 00007f1ece89b5c0
[  135.401268] RBP: 0000000000000028 R08: 0000000001fa1d00 R09: 0000000000000001
[  135.402519] R10: 0000000000000012 R11: 0000000000000141 R12: 0000000000000140
[  135.403796] R13: 0000000000000000 R14: 0000000000a76728 R15: 0000000000000001
[  135.405041] Mem-Info:
[  135.405506] active_anon:32895 inactive_anon:8710 isolated_anon:0
[  135.405506]  active_file:79 inactive_file:44 isolated_file:0
[  135.405506]  unevictable:0 dirty:0 writeback:0 unstable:0
[  135.405506]  slab_reclaimable:5058 slab_unreclaimable:21146
[  135.405506]  mapped:139447 shmem:8733 pagetables:1926 bounce:0
[  135.405506]  free:2935 free_pcp:177 free_cma:0
[  135.412675] Node 0 active_anon:131580kB inactive_anon:34840kB active_file:228kB inactive_file:244kB unevictable:0kB isolated(anon):0kB isolated(file):0kB mapped:557788kB dirty:0kB writeback:0kB shmem:34932kB writeback_tmp:0kB unstable:0kB all_unreclaimable? yes
[  135.418023] Node 0 DMA free:6716kB min:48kB low:60kB high:72kB active_anon:8kB inactive_anon:0kB active_file:0kB inactive_file:0kB unevictable:0kB writepending:0kB present:15992kB managed:15908kB mlocked:0kB kernel_stack:0kB pagetables:0kB bounce:0kB free_pcp:0kB local_pcp:0kB free_cma:0kB
[  135.423408] lowmem_reserve[]: 0 1667 1667 1667
[  135.424205] Node 0 DMA32 free:5024kB min:5196kB low:6900kB high:8604kB active_anon:131548kB inactive_anon:34840kB active_file:200kB inactive_file:252kB unevictable:0kB writepending:0kB present:2080640kB managed:1709412kB mlocked:0kB kernel_stack:5088kB pagetables:7704kB bounce:0kB free_pcp:708kB local_pcp:352kB free_cma:0kB
[  135.430752] lowmem_reserve[]: 0 0 0 0
[  135.431733] Node 0 DMA: 3*4kB (UM) 2*8kB (M) 2*16kB (M) 2*32kB (M) 3*64kB (UM) 2*128kB (M) 0*256kB 2*512kB (UM) 1*1024kB (M) 0*2048kB 1*4096kB (M) = 6716kB
[  135.435394] Node 0 DMA32: 380*4kB (UMH) 126*8kB (UMH) 46*16kB (MH) 18*32kB (UMH) 11*64kB (UH) 2*128kB (H) 1*256kB (H) 0*512kB 0*1024kB 0*2048kB 0*4096kB = 5056kB
[  135.438540] Node 0 hugepages_total=0 hugepages_free=0 hugepages_surp=0 hugepages_size=2048kB
[  135.440435] 8831 total pagecache pages
[  135.441200] 0 pages in swap cache
[  135.441786] Swap cache stats: add 0, delete 0, find 0/0
[  135.442717] Free swap  = 0kB
[  135.443241] Total swap = 0kB
[  135.443770] 524158 pages RAM
[  135.444285] 0 pages HighMem/MovableOnly
[  135.444950] 92828 pages reserved
[  135.445531] [ pid ]   uid  tgid total_vm      rss pgtables_bytes swapents oom_score_adj name
[  135.446986] [ 1148]     0  1148    17671      316   122880        0             0 systemd-journal
[  135.448673] [ 1173]     0  1173    11384      417   114688        0         -1000 systemd-udevd
[  135.450163] [ 1353]   100  1353    31822      124   147456        0             0 systemd-timesyn
[  135.451671] [ 1473]     0  1473     5089      258    65536        0             0 dhclient
[  135.453104] [ 1780]     0  1780     6999       58   102400        0             0 cron
[  135.454462] [ 1784]     0  1784    63583      221   147456        0             0 rsyslogd
[  135.455903] [ 1800]     0  1800     3165       31    69632        0             0 agetty
[  135.457299] [ 1803]     0  1803    17489      188   176128        0         -1000 sshd
[  135.458662] [ 1804]     0  1804    16349      106   172032        0             0 login
[  135.460050] [ 1805]     0  1805     3221       32    73728        0             0 agetty
[  135.461472] [ 1806]     0  1806     3221       31    73728        0             0 agetty
[  135.462912] [ 1807]     0  1807     3221       31    69632        0             0 agetty
[  135.464330] [ 1809]     0  1809     3221       33    73728        0             0 agetty
[  135.465739] [ 1879]     0  1879    23220      252   225280        0             0 sshd
[  135.467089] [ 1885]     0  1885   140564    28823   548864        0             0 syz-fuzzer
[  135.468574] [ 1919]     0  1919    18114       17   114688        0             0 syz-executor.2
[  135.470074] [ 1920]     0  1920    18114       18   114688        0             0 syz-executor.3
[  135.471586] [ 1921]     0  1921    18114       17   114688        0             0 syz-executor.0
[  135.473111] [ 1925]     0  1925    18113     8733   126976        0             0 syz-executor.3
[  135.474626] [ 1926]     0  1926    18114       17   118784        0             0 syz-executor.4
[  135.476172] [ 1927]     0  1927    18114       16   114688        0             0 syz-executor.11
[  135.477698] [ 1928]     0  1928    18114       16   118784        0             0 syz-executor.10
[  135.479217] [ 1929]     0  1929    18114       17   118784        0             0 syz-executor.9
[  135.480751] [ 1930]     0  1930    18114       17   114688        0             0 syz-executor.6
[  135.482261] [ 1932]     0  1932    18114       17   118784        0             0 syz-executor.15
[  135.484140] [ 1933]     0  1933    18113     8733   122880        0             0 syz-executor.0
[  135.486281] [ 1934]     0  1934    18114       17   114688        0             0 syz-executor.1
[  135.488413] [ 1935]     0  1935    18113     8730   122880        0             0 syz-executor.2
[  135.490545] [ 1937]     0  1937    18114       17   114688        0             0 syz-executor.7
[  135.492066] [ 1939]     0  1939    18114       16   114688        0             0 syz-executor.5
[  135.493574] [ 1941]     0  1941    18114       16   114688        0             0 syz-executor.8
[  135.495079] [ 1944]     0  1944    18114       17   114688        0             0 syz-executor.12
[  135.496598] [ 1947]     0  1947    18114       16   114688        0             0 syz-executor.13
[  135.498108] [ 1960]     0  1960    18113     8732   122880        0             0 syz-executor.11
[  135.499654] [ 1961]     0  1961    18113     8733   126976        0             0 syz-executor.4
[  135.501540] [ 1963]     0  1963    18113     8655   126976        0             0 syz-executor.9
[  135.503052] [ 1964]     0  1964    18113     8652   122880        0             0 syz-executor.5
[  135.504575] [ 1969]     0  1969    18113     8732   126976        0             0 syz-executor.10
[  135.506112] [ 1980]     0  1980    18113     8732   122880        0             0 syz-executor.6
[  135.507604] [ 1983]     0  1983    18113     8732   122880        0             0 syz-executor.7
[  135.509330] [ 1985]     0  1985    18113     8731   122880        0             0 syz-executor.1
[  135.510894] [ 1987]     0  1987    18113     8731   126976        0             0 syz-executor.15
[  135.512438] [ 2005]     0  2005    18113     8733   122880        0             0 syz-executor.12
[  135.513953] [ 2006]     0  2006    18113     8729   126976        0             0 syz-executor.8
[  135.515463] [ 2034]     0  2034    18113     8730   122880        0             0 syz-executor.13
[  135.516982] [12735]     0 12735    18146     8712   122880        0          1000 syz-executor.6
[  135.518476] [12745]     0 12745    18179     8714   122880        0          1000 syz-executor.6
[  135.519990] [12781]     0 12781    18146     8712   122880        0          1000 syz-executor.6
[  135.521514] [12783]     0 12783    18179     8714   122880        0          1000 syz-executor.6
[  135.523046] [12857]     0 12857    18146     8713   126976        0          1000 syz-executor.1
[  135.524565] [13345]     0 13345    18146     8713   126976        0          1000 syz-executor.4
[  135.526086] [15203]     0 15203    18114       16   114688        0             0 syz-executor.14
[  135.527657] [15204]     0 15204    18113     8729   122880        0             0 syz-executor.14
[  135.529181] [15558]     0 15558    18147     8706   122880        0          1000 syz-executor.14
[  135.530686] [15560]     0 15560    18180     8708   122880        0          1000 syz-executor.14
[  135.532381] [15777]     0 15777    18146     8711   122880        0          1000 syz-executor.1
[  135.533890] [15788]     0 15788    18179     8713   122880        0          1000 syz-executor.1
[  135.535397] [16144]     0 16144    18146     8704   122880        0          1000 syz-executor.4
[  135.536963] [16186]     0 16186    18179     8715   126976        0          1000 syz-executor.4
[  135.538509] [16421]     0 16421    16349      105   176128        0             0 login
[  135.539893] [17080]     0 17080    18146     8711   122880        0          1000 syz-executor.5
[  135.541395] [17085]     0 17085    18179     8713   122880        0          1000 syz-executor.5
[  135.543313] [17356]     0 17356    18146     8709   122880        0          1000 syz-executor.14
[  135.545211] [17498]     0 17498    18146     8712   122880        0          1000 syz-executor.6
[  135.546760] [17741]     0 17741    18146     8710   122880        0          1000 syz-executor.14
[  135.548271] [17776]     0 17776    18179     8712   122880        0          1000 syz-executor.14
[  135.549811] [18504]     0 18504    18146     8702   118784        0          1000 syz-executor.1
[  135.551322] [18539]     0 18539    18179     8714   122880        0          1000 syz-executor.6
[  135.552865] [18546]     0 18546    18179     8714   122880        0          1000 syz-executor.6
[  135.554365] [18766]     0 18766    18146     8712   126976        0          1000 syz-executor.10
[  135.555906] [18862]     0 18862    18146     8711   139264        0          1000 syz-executor.15
[  135.557426] [19129]     0 19129    18146     8703   126976        0          1000 syz-executor.15
[  135.558950] [19684]     0 19684    18179     8498   135168        0          1000 syz-executor.9
[  135.560434] [19686]     0 19686    18179     8581   131072        0          1000 syz-executor.5
[  135.561935] Out of memory: Kill process 16186 (syz-executor.4) score 1019 or sacrifice child
[  135.563386] Killed process 16186 (syz-executor.4) total-vm:72716kB, anon-rss:172kB, file-rss:34688kB, shmem-rss:0kB
[  135.567906] oom_reaper: reaped process 16186 (syz-executor.4), now anon-rss:0kB, file-rss:0kB, shmem-rss:0kB
[  135.570403] Out of memory: Kill process 18862 (syz-executor.15) score 1019 or sacrifice child
[  135.572281] Killed process 18862 (syz-executor.15) total-vm:72584kB, anon-rss:156kB, file-rss:34688kB, shmem-rss:0kB
[  135.576495] Out of memory: Kill process 12745 (syz-executor.6) score 1019 or sacrifice child
[  135.577989] Killed process 12745 (syz-executor.6) total-vm:72716kB, anon-rss:168kB, file-rss:34688kB, shmem-rss:0kB
[  135.670568] Out of memory: Kill process 12783 (syz-executor.6) score 1019 or sacrifice child
[  135.673393] Killed process 12783 (syz-executor.6) total-vm:72716kB, anon-rss:168kB, file-rss:34688kB, shmem-rss:0kB
[  135.683393] oom_reaper: reaped process 12783 (syz-executor.6), now anon-rss:0kB, file-rss:0kB, shmem-rss:0kB
[  135.685988] Out of memory: Kill process 12857 (syz-executor.1) score 1019 or sacrifice child
[  135.687790] Killed process 12857 (syz-executor.1) total-vm:72584kB, anon-rss:164kB, file-rss:34688kB, shmem-rss:0kB
[  135.694294] Out of memory: Kill process 13345 (syz-executor.4) score 1019 or sacrifice child
[  135.695851] Killed process 13345 (syz-executor.4) total-vm:72584kB, anon-rss:164kB, file-rss:34688kB, shmem-rss:0kB
[  135.934174] oom_reaper: reaped process 19699 (syz-executor.5), now anon-rss:0kB, file-rss:0kB, shmem-rss:0kB
[  135.943154] Out of memory: Kill process 18539 (syz-executor.6) score 1019 or sacrifice child
[  135.945240] Killed process 18539 (syz-executor.6) total-vm:72716kB, anon-rss:168kB, file-rss:34688kB, shmem-rss:0kB
[  135.949270] syz-executor.5: page allocation failure: order:0, mode:0x14000c0(GFP_KERNEL), nodemask=(null)
[  135.951351] syz-executor.5 cpuset=/ mems_allowed=0
[  135.952477] CPU: 1 PID: 19699 Comm: syz-executor.5 Not tainted 4.17.0-rc4 #3
[  135.953996] Hardware name: QEMU Standard PC (i440FX + PIIX, 1996), BIOS 1.10.2-1ubuntu1 04/01/2014
[  135.956023] Call Trace:
[  135.956598]  dump_stack+0x8c/0xce
[  135.957318]  warn_alloc+0x189/0x290
[  135.958105]  ? zone_watermark_ok_safe+0x260/0x260
[  135.959137]  ? wake_up_q+0x97/0xe0
[  135.959931]  ? __ww_mutex_wakeup_for_backoff+0x1f0/0x1f0
[  135.961222]  ? unreserve_highatomic_pageblock+0x288/0x480
[  135.962827]  __alloc_pages_slowpath+0x1904/0x1fe0
[  135.964252]  ? warn_alloc+0x290/0x290
[  135.965383]  ? __schedule+0x6c7/0x1650
[  135.966503]  ? __sched_text_start+0x8/0x8
[  135.967731]  __alloc_pages_nodemask+0x3c7/0x480
[  135.969082]  ? __alloc_pages_slowpath+0x1fe0/0x1fe0
[  135.970398]  ? alloc_pages_current+0x16/0x1e0
[  135.971359]  alloc_pages_current+0xac/0x1e0
[  135.972392]  relay_open_buf.part.12+0x229/0xa10
[  135.973385]  relay_open+0x4cf/0x8e0
[  135.974149]  ? debugfs_create_file+0x37/0x60
[  135.975101]  do_blk_trace_setup+0x3d2/0xae0
[  135.976124]  __blk_trace_setup+0xa8/0x140
[  135.977026]  ? do_blk_trace_setup+0xae0/0xae0
[  135.977997]  blk_trace_setup+0x45/0x60
[  135.978836]  sg_ioctl+0xb38/0x2660
[  135.979565]  ? __kasan_slab_free+0x130/0x180
[  135.980540]  ? kmem_cache_free+0x6e/0x190
[  135.981420]  ? sg_new_write.isra.21+0x780/0x780
[  135.982424]  ? entry_SYSCALL_64_after_hwframe+0x44/0xa9
[  135.983564]  ? exit_robust_list+0x1c0/0x1c0
[  135.984594]  ? set_next_entity+0x291/0x2770
[  135.985518]  ? restore_nameidata+0x103/0x180
[  135.986450]  ? sg_new_write.isra.21+0x780/0x780
[  135.987420]  do_vfs_ioctl+0x1a0/0xf50
[  135.988329]  ? ioctl_preallocate+0x1c0/0x1c0
[  135.989278]  ? selinux_file_ioctl+0x37d/0x560
[  135.990232]  ? selinux_bprm_set_creds+0xcd0/0xcd0
[  135.991254]  ? _copy_to_user+0x79/0x90
[  135.992148]  ? put_timespec64+0xbd/0x110
[  135.992994]  ? __ia32_compat_sys_time+0x100/0x100
[  135.994018]  ? ktime_get_ts64+0x176/0x200
[  135.994910]  ? security_file_ioctl+0x58/0xb0
[  135.995935]  ? selinux_bprm_set_creds+0xcd0/0xcd0
[  135.996974]  ksys_ioctl+0x84/0x90
[  135.997714]  __x64_sys_ioctl+0x6f/0xb0
[  135.998510]  do_syscall_64+0xa0/0x2c0
[  135.999336]  ? syscall_return_slowpath+0xff/0x1c0
[  136.000381]  entry_SYSCALL_64_after_hwframe+0x44/0xa9
[  136.001471] RIP: 0033:0x466039
[  136.002170] RSP: 002b:00007fe4b79c3c58 EFLAGS: 00000246 ORIG_RAX: 0000000000000010
[  136.003819] RAX: ffffffffffffffda RBX: 000000000073bf00 RCX: 0000000000466039
[  136.005464] RDX: 00000000200001c0 RSI: 00000000c0481273 RDI: 0000000000000003
[  136.007550] RBP: 0000000000000003 R08: 0000000000000000 R09: 0000000000000000
[  136.009659] R10: 0000000000000000 R11: 0000000000000246 R12: 00007fe4b79c46bc
[  136.011724] R13: 00000000004c1564 R14: 0000000000701768 R15: 00000000ffffffff
[  136.013425] Mem-Info:
[  136.013949] active_anon:32712 inactive_anon:8705 isolated_anon:0
[  136.013949]  active_file:39 inactive_file:53 isolated_file:0
[  136.013949]  unevictable:0 dirty:0 writeback:0 unstable:0
[  136.013949]  slab_reclaimable:5058 slab_unreclaimable:20953
[  136.013949]  mapped:139467 shmem:8733 pagetables:1761 bounce:0
[  136.013949]  free:2235 free_pcp:50 free_cma:0
[  136.015738] Out of memory: Kill process 18546 (syz-executor.6) score 1019 or sacrifice child
[  136.021170] Node 0 active_anon:130848kB inactive_anon:34820kB active_file:180kB inactive_file:96kB unevictable:0kB isolated(anon):0kB isolated(file):0kB mapped:557868kB dirty:0kB writeback:0kB shmem:34932kB writeback_tmp:0kB unstable:0kB all_unreclaimable? no
[  136.023445] Killed process 18546 (syz-executor.6) total-vm:72716kB, anon-rss:168kB, file-rss:34688kB, shmem-rss:0kB
[  136.028410] Node 0 DMA free:6692kB min:48kB low:60kB high:72kB active_anon:8kB inactive_anon:0kB active_file:0kB inactive_file:0kB unevictable:0kB writepending:0kB present:15992kB managed:15908kB mlocked:0kB kernel_stack:0kB pagetables:0kB bounce:0kB free_pcp:0kB local_pcp:0kB free_cma:0kB
[  136.035617] lowmem_reserve[]: 0 1667 1667 1667
[  136.036751] Node 0 DMA32 free:2752kB min:5196kB low:6900kB high:8604kB active_anon:130924kB inactive_anon:34820kB active_file:268kB inactive_file:204kB unevictable:0kB writepending:0kB present:2080640kB managed:1709412kB mlocked:0kB kernel_stack:4832kB pagetables:7044kB bounce:0kB free_pcp:0kB local_pcp:0kB free_cma:0kB
[  136.037953] Out of memory: Kill process 15788 (syz-executor.1) score 1019 or sacrifice child
[  136.042862] lowmem_reserve[]: 0 0
[  136.047739] Killed process 15788 (syz-executor.1) total-vm:72716kB, anon-rss:164kB, file-rss:34688kB, shmem-rss:0kB
[  136.050724]  0 0
[  136.051131] Node 0 DMA: 3*4kB (UM) 3*8kB (UM) 2*16kB (M) 3*32kB (UM) 2*64kB (M) 2*128kB (M) 0*256kB 2*512kB (UM) 1*1024kB (M) 0*2048kB 1*4096kB (M) = 6692kB
[  136.052777] Out of memory: Kill process 17085 (syz-executor.5) score 1019 or sacrifice child
[  136.054440] Node 0 DMA32: 202*4kB (UM) 47*8kB (UM) 17*16kB (UM) 
[  136.055907] Killed process 17085 (syz-executor.5) total-vm:72716kB, anon-rss:164kB, file-rss:34688kB, shmem-rss:0kB
[  136.059446] 16*32kB (U) 9*64kB (U) 2*128kB (U) 1*256kB (U) 0*512kB 0*1024kB 0*2048kB 0*4096kB = 3056kB
[  136.061604] Node 0 hugepages_total=0 hugepages_free=0 hugepages_surp=0 hugepages_size=2048kB
[  136.063730] Out of memory: Kill process 18766 (syz-executor.10) score 1019 or sacrifice child
[  136.064078] 8851 total pagecache pages
[  136.066300] Killed process 18766 (syz-executor.10) total-vm:72584kB, anon-rss:160kB, file-rss:34688kB, shmem-rss:0kB
[  136.067126] 0 pages in swap cache
[  136.070515] Swap cache stats: add 0, delete 0, find 0/0
[  136.071650] Free swap  = 0kB
[  136.072430] Total swap = 0kB
[  136.073063] 524158 pages RAM
[  136.073728] 0 pages HighMem/MovableOnly
[  136.074598] 92828 pages reserved
[  136.097317] oom_reaper: reaped process 18766 (syz-executor.10), now anon-rss:0kB, file-rss:0kB, shmem-rss:0kB
14:45:11 executing program 12:
syz_mount_image$tmpfs(&(0x7f0000000800)='tmpfs\x00', &(0x7f0000000840)='./file0\x00', 0x2, 0x0, 0x0, 0x4041, &(0x7f0000000040)={[{@gid={'gid', 0x3d, 0xee01}}, {@size={'size', 0x3d, [0x37, 0x35, 0x5e, 0x74, 0x67]}}, {@size={'size', 0x3d, [0x70, 0x6b, 0x2d, 0x6d, 0x38, 0x34]}}, {@mode={'mode', 0x3d, 0x80}}]})

14:45:11 executing program 3:
r0 = socket$inet_udplite(0x2, 0x2, 0x88)
sendmmsg$inet(r0, &(0x7f0000000c40)=[{{&(0x7f0000000140)={0x2, 0x4e20, @local}, 0x10, &(0x7f0000000580)}}, {{&(0x7f0000000480)={0x2, 0x0, @empty}, 0xb, &(0x7f0000000640)=[{&(0x7f0000000600)="2c4996395e10b8302c49b36e0e1f", 0xe}], 0x1}}, {{&(0x7f0000000680)={0x2, 0x0, @loopback}, 0x10, &(0x7f0000000bc0)=[{&(0x7f00000006c0)="a3391a6e615a12e886dee32f32449faa6b0c8fa2e98c747bdcc7f0a7a4b73b9a458ea1688c6da12869c3751a89e2069ee13fac388ca536706d353552e130e6594f1e00b5d184cba6d65636b9df35aae232926424afe0e7132017d670a1a763118c71d65b", 0x64}, {&(0x7f0000000740)="630d2125112851b421df139070057fe947eac9313b529ee85fc2a6e1de60c1", 0x1f}, {&(0x7f0000000780)="e291", 0x6}, {&(0x7f00000007c0)="b9a7b85e5476bbcc6dfa84c14fc210c7b0a23d42ae90957756fea101e4f6c88a0c3becead173943937ad5dc6f95a3570390d9d3e82a8de4838b3a14e8f0ea8919bcabadad24574caa8d5fce3a1421128b34ac4a829c7d934e1ab023c701546d9c678c185eb75f3e83b7d8acab78870b5432592f1ededadbe7472d38ae8a8f4520dd01ef512cea364a217765fa7c0dba5812a4fd161e12e3eb734332eb1b1401839f9aef52d8abf184b75df5e0c024c55c9a2b01d8abd711b03a72eda45100aea73cf5db4b677d25f2922b6054660c0f19bc1a3ac202fc7", 0xd7}, {&(0x7f00000008c0)="c7e18ae41259bb9cc830c725fc20852ec9ab3b6c8906c808d37abd09aec55d1b1195177c0644704d020bfd3368f3f1aec2e00586bcddcd0dda1200aea7730fcef2e06bda7b0d8fc9557e19d3a6138e8f7ca4887af8c7343a4b42926023c174453da11eef912d94362bc97de21648888b5d0e849b51c8c1e4b19ac845451ccd0ba8a10e5c2cc242f9b04af93c91d5edb612f03b81ea2f094bf2014ea73e5c6b76d5b8f54ea5f36812b264a05c903136a37f6e8c85420276f4496baf5080c250d5eda1151319d2c9a81fba7f14cf013dc75e425afa487a76", 0xd7}, {&(0x7f00000009c0)="21763e2d266b65d52c7d3a704fda4b0bfa5fc3b3cf0273403fe9492559d42a6f9d3d56b68f5c6656afb26d4f94854d1727fdf7b82b368e037bd073b4c14809695830e9713b0f10d04a1dab353e54ad09eb2a3fe3173f4bf7ee679b06f942d2ceb2d38a9eacd0e46cc3371920027dedc22520c57de4b07555f1f74c516947e074e126f5cb25b6e031c6688e893839b9348a7c2954fcc6e42500e196720bf4f8781384dc377cdb9cee2dd8730a707a4306118411b21651ccf8641e24dc64803b5edb8fb4e8d38fb8f6e6040cf66bf636c475e3e1760ac93dce122bbfde000650", 0xdf}, {&(0x7f0000000ac0)="a5c8e5d8f20f7d3417decc31ce1bb1241b29974cb98ee4263ccc1c8d5149815948b0ac3f03ce57a1d30ef237ce9d54155f7aaab0351d5e9c327e95e2cb38f8a81e3725a28c5be8343c56f577ca3c3d40a2f8cd05bb0d168b57ef7ae456aff8553baeed5f653fb4bce8adae703e37f4184935e71a6d1cd2977374d8ee7237c7", 0x7f}, {&(0x7f0000000b40)="8b46199108f9520ed656f689458533b4c062d62acd8329b4e2a5290ef1eca55754ac91003a035108ed3178a89add477bfaef621c9d4f6e57910bb3773e394187700d5b", 0x43}], 0x8}}], 0x3, 0x0)
statfs(&(0x7f0000000000)='./file0\x00', &(0x7f0000000040)=""/176)

14:45:11 executing program 0:
syz_mount_image$iso9660(&(0x7f0000000180)='iso9660\x00', &(0x7f00000001c0)='./file0\x00', 0x10001, 0x10000006a, 0x0, 0x840404, &(0x7f0000000000)={[{@sbsector={'sbsector', 0x3d, 0x100000003}}]})
r0 = accept4(0xffffffffffffffff, &(0x7f0000000040)=@rc, &(0x7f00000000c0)=0x80, 0x80000)
r1 = socket$nl_generic(0x10, 0x3, 0x10)
r2 = syz_genetlink_get_family_id$nl80211(&(0x7f0000000080)='nl80211\x00')
sendmsg$NL80211_CMD_DEL_STATION(r1, &(0x7f0000000140)={0x0, 0x0, &(0x7f0000000100)={&(0x7f0000000000)={0x38, r2, 0x1, 0x0, 0x0, {}, [@NL80211_ATTR_STA_FLAGS2={0xc}, @NL80211_ATTR_STA_SUPPORTED_RATES={0x1f1, 0x13, "9e162aebca4698056b6607a0a061e0c115f5bba7"}]}, 0x38}}, 0x0)
sendmsg$NL80211_CMD_SET_INTERFACE(r0, &(0x7f0000000280)={&(0x7f0000000100)={0x10, 0x0, 0x0, 0x1}, 0xc, &(0x7f0000000140)={&(0x7f0000000200)={0x4c, r2, 0x1, 0x70bd26, 0x25dfdbfe, {}, [@NL80211_ATTR_IFNAME={0x14, 0x4, 'batadv0\x00'}, @NL80211_ATTR_WIPHY={0x8, 0x1, 0x4}, @NL80211_ATTR_IFTYPE={0x8, 0x5, 0xc}, @NL80211_ATTR_IFNAME={0x14, 0x4, 'syzkaller0\x00'}]}, 0x4c}, 0x1, 0x0, 0x0, 0x8000}, 0x4501)

14:45:11 executing program 9:
r0 = add_key$keyring(&(0x7f00000000c0)='keyring\x00', &(0x7f0000000100)={'syz', 0x0}, 0x0, 0x0, 0xfffffffffffffffc)
r1 = socket$inet6_tcp(0xa, 0x1, 0x0)
r2 = dup(r1)
setsockopt$inet_icmp_ICMP_FILTER(r2, 0x1, 0x1, &(0x7f0000000040)={0xe807}, 0x4)
