.481191] 0 pages in swap cache
[  160.482202] Swap cache stats: add 0, delete 0, find 0/0
[  160.483684] Free swap  = 0kB
[  160.484525] Total swap = 0kB
[  160.485413] 524158 pages RAM
[  160.486308] 0 pages HighMem/MovableOnly
[  160.487435] 95968 pages reserved
[  160.488370] Tasks state (memory values in pages):
[  160.489752] [  pid  ]   uid  tgid total_vm      rss pgtables_bytes swapents oom_score_adj name
[  160.492246] [   1244]     0  1244    17670      672   126976        0             0 systemd-journal
[  160.494920] [   1259]     0  1259    11415      443   122880        0         -1000 systemd-udevd
[  160.497451] [   1528]   100  1528    31821      123   151552        0             0 systemd-timesyn
[  160.500011] [   1840]     0  1840     6998       60    98304        0             0 cron
[  160.502284] [   1841]     0  1841    63582      224   151552        0             0 rsyslogd
[  160.504653] [   1876]     0  1876     5088      258    73728        0             0 dhclient
[  160.507146] [   1903]     0  1903     3220       31    69632        0             0 agetty
[  160.509487] [   1905]     0  1905     3220       32    69632        0             0 agetty
[  160.511817] [   1906]     0  1906     3220       33    73728        0             0 agetty
[  160.514207] [   1907]     0  1907     3220       32    73728        0             0 agetty
[  160.516512] [   1908]     0  1908     3220       33    73728        0             0 agetty
[  160.518896] [   1909]     0  1909     3164       33    69632        0             0 agetty
[  160.521254] [   1912]     0  1912    17488      186   180224        0         -1000 sshd
[  160.523655] [   1995]     0  1995    23216      255   221184        0             0 sshd
[  160.525982] [   2001]     0  2001   140451    26357   548864        0             0 syz-fuzzer
[  160.528449] [   2031]     0  2031    18113       17   114688        0             0 syz-executor.0
[  160.530983] [   2032]     0  2032    18113       17   114688        0             0 syz-executor.1
[  160.533501] [   2033]     0  2033    18113       17   118784        0             0 syz-executor.5
[  160.536127] [   2034]     0  2034    18113       18   114688        0             0 syz-executor.6
[  160.538729] [   2035]     0  2035    18113       16   114688        0             0 syz-executor.7
[  160.541299] [   2038]     0  2038    18112     8574   122880        0             0 syz-executor.1
[  160.543834] [   2039]     0  2039    18112     8730   122880        0             0 syz-executor.0
[  160.546379] [   2040]     0  2040    18113       16   114688        0             0 syz-executor.3
[  160.548888] [   2042]     0  2042    18113       16   118784        0             0 syz-executor.2
[  160.551455] [   2044]     0  2044    18113       17   114688        0             0 syz-executor.4
[  160.554110] [   2046]     0  2046    18112     8730   126976        0             0 syz-executor.5
[  160.556686] [   2048]     0  2048    18113       16   118784        0             0 syz-executor.15
[  160.559289] [   2050]     0  2050    18113       17   118784        0             0 syz-executor.9
[  160.561852] [   2053]     0  2053    18112     8574   126976        0             0 syz-executor.6
[  160.564530] [   2055]     0  2055    18113       16   118784        0             0 syz-executor.10
[  160.567230] [   2059]     0  2059    18113       16   118784        0             0 syz-executor.11
[  160.569817] [   2064]     0  2064    18113       17   114688        0             0 syz-executor.8
[  160.572503] [   2069]     0  2069    18112     8527   126976        0             0 syz-executor.2
[  160.575050] [   2073]     0  2073    18113       16   118784        0             0 syz-executor.14
[  160.577645] [   2081]     0  2081    18113       16   118784        0             0 syz-executor.13
[  160.580190] [   2083]     0  2083    18113       18   118784        0             0 syz-executor.12
[  160.582777] [   2095]     0  2095    18112     8728   126976        0             0 syz-executor.15
[  160.585372] [   2097]     0  2097    18112     8732   122880        0             0 syz-executor.7
[  160.587942] [   2115]     0  2115    18112     8730   122880        0             0 syz-executor.3
[  160.590566] [   2119]     0  2119    18112     8731   122880        0             0 syz-executor.4
[  160.592750] [   2113]     0  2113    18112     8494   126976        0             0 syz-executor.10
[  160.594737] [   2125]     0  2125    18112     8731   126976        0             0 syz-executor.9
[  160.597096] [   2139]     0  2139    18112     8728   126976        0             0 syz-executor.11
[  160.599655] [   2161]     0  2161    18112     8395   122880        0             0 syz-executor.8
[  160.602336] [   2165]     0  2165    18112     8664   126976        0             0 syz-executor.12
[  160.604982] [   2156]     0  2156    18112     8575   126976        0             0 syz-executor.14
[  160.607709] [   2174]     0  2174    18112     8665   126976        0             0 syz-executor.13
[  160.610108] [   8866]     0  8866    18145     8709   126976        0          1000 syz-executor.11
[  160.612149] [   8894]     0  8894    18178     8711   126976        0          1000 syz-executor.11
[  160.614158] [   9211]     0  9211    18145     8709   126976        0          1000 syz-executor.11
[  160.616110] [   9550]     0  9550    18145     8702   122880        0          1000 syz-executor.4
[  160.618144] [   9564]     0  9564    18145     8710   122880        0          1000 syz-executor.4
[  160.620715] [   9830]     0  9830    18145     8708   126976        0          1000 syz-executor.10
[  160.623392] [   9847]     0  9847    18178     8710   126976        0          1000 syz-executor.10
[  160.625465] [  10230]     0 10230    18495     8708   126976        0          1000 syz-executor.10
[  160.627425] [  10247]     0 10247    18528     8711   131072        0          1000 syz-executor.10
[  160.629381] [  10589]     0 10589    18145     8702   126976        0          1000 syz-executor.5
[  160.631333] [  10608]     0 10608    18145     8710   126976        0          1000 syz-executor.5
[  160.633461] [  10624]     0 10624    18145     8703   126976        0          1000 syz-executor.9
[  160.635604] [  10631]     0 10631    18145     8711   126976        0          1000 syz-executor.9
[  160.638105] [  11021]     0 11021    18145     8710   135168        0          1000 syz-executor.3
[  160.640553] [  11187]     0 11187    18145     8708   126976        0          1000 syz-executor.10
[  160.643026] [  11248]     0 11248    18145     8710   122880        0          1000 syz-executor.4
[  160.645536] [  11252]     0 11252    18178     8712   122880        0          1000 syz-executor.4
[  160.648120] [  11380]     0 11380    18145     8708   126976        0          1000 syz-executor.11
[  160.650785] [  11656]     0 11656    18178     8712   122880        0          1000 syz-executor.0
[  160.653417] [  11696]     0 11696    18145     8708   122880        0          1000 syz-executor.12
[  160.656484] [  11701]     0 11701    18145     8708   122880        0          1000 syz-executor.12
[  160.659015] [  11704]     0 11704    18178     8710   122880        0          1000 syz-executor.12
[  160.661592] [  11712]     0 11712    18178     8710   122880        0          1000 syz-executor.12
[  160.664138] [  11810]     0 11810    18145     8700   118784        0          1000 syz-executor.7
[  160.666655] [  11855]     0 11855    18145     8709   118784        0          1000 syz-executor.7
[  160.669163] [  12037]     0 12037    18145     8711   126976        0          1000 syz-executor.2
[  160.671702] [  12107]     0 12107    18145     8710   122880        0          1000 syz-executor.0
[  160.674228] [  12116]     0 12116    18178     8712   122880        0          1000 syz-executor.0
[  160.676750] [  12519]     0 12519    18145     8711   126976        0          1000 syz-executor.2
[  160.680041] [  12738]     0 12738    18178     8712   126976        0          1000 syz-executor.14
[  160.682629] [  12859]     0 12859    18178     8712   126976        0          1000 syz-executor.14
[  160.685200] [  12937]     0 12937    18145     8701   126976        0          1000 syz-executor.12
[  160.687763] [  12954]     0 12954    18145     8709   126976        0          1000 syz-executor.12
[  160.690480] [  13231]     0 13231     3220       32    69632        0             0 agetty
[  160.692744] [  14394]     0 14394    18145     8711   122880        0          1000 syz-executor.0
[  160.695236] [  14509]     0 14509    18145     8711   122880        0          1000 syz-executor.0
[  160.697768] [  14551]     0 14551    18178     8713   122880        0          1000 syz-executor.0
[  160.700267] [  15038]     0 15038    18145     8709   139264        0          1000 syz-executor.14
[  160.702890] [  15213]     0 15213    18145     8710   122880        0          1000 syz-executor.0
[  160.705431] [  15218]     0 15218    18178     8712   122880        0          1000 syz-executor.0
[  160.707931] [  15391]     0 15391    18145     8710   122880        0          1000 syz-executor.0
[  160.710477] [  15399]     0 15399    18178     8713   122880        0          1000 syz-executor.0
[  160.713122] [  15778]     0 15778    18145     8703   122880        0          1000 syz-executor.4
[  160.715614] [  15784]     0 15784    18145     8711   122880        0          1000 syz-executor.4
[  160.718193] [  17110]     0 17110    18145     8711   122880        0          1000 syz-executor.0
[  160.720687] [  18128]     0 18128    18145     8710   126976        0          1000 syz-executor.12
[  160.723234] [  18136]     0 18136    18178     8712   126976        0          1000 syz-executor.12
[  160.725789] [  19411]     0 19411    18145     8712   126976        0          1000 syz-executor.9
[  160.728498] [  31889]     0 31889    18178     8535   135168        0          1000 syz-executor.10
[  160.731115] [  31911]     0 31905    18145     8704   135168        0          1000 syz-executor.13
[  160.733696] oom-kill:constraint=CONSTRAINT_NONE,nodemask=(null),cpuset=/,mems_allowed=0,task=syz-executor.9,pid=19411,uid=0
[  160.736960] Out of memory: Killed process 19411 (syz-executor.9) total-vm:72580kB, anon-rss:160kB, file-rss:34688kB, shmem-rss:0kB, UID:0 pgtables:124kB oom_score_adj:1000
[  160.741328] oom_reaper: reaped process 19411 (syz-executor.9), now anon-rss:0kB, file-rss:34816kB, shmem-rss:0kB
[  160.743255] syz-fuzzer invoked oom-killer: gfp_mask=0x100cca(GFP_HIGHUSER_MOVABLE), order=0, oom_score_adj=0
[  160.746060] CPU: 0 PID: 2002 Comm: syz-fuzzer Not tainted 5.5.0-rc6 #2
[  160.747927] Hardware name: QEMU Standard PC (i440FX + PIIX, 1996), BIOS 1.10.2-1ubuntu1 04/01/2014
[  160.750569] Call Trace:
[  160.751361]  dump_stack+0x94/0xce
[  160.752489]  dump_header+0x100/0xc20
[  160.753566]  ? _raw_spin_lock+0x75/0xd0
[  160.754692]  ? task_will_free_mem+0x140/0x500
[  160.755907]  ? ___ratelimit+0x59/0x3e0
[  160.756989]  oom_kill_process+0x177/0x9a0
[  160.758135]  ? find_lock_task_mm+0xbe/0x180
[  160.759327]  ? cpuset_mems_allowed_intersects+0xd/0x70
[  160.760802]  ? oom_cpuset_eligible+0x49/0x1f0
[  160.762078]  out_of_memory+0x29b/0x1610
[  160.763189]  ? oom_killer_disable+0x230/0x230
[  160.764470]  ? cpumask_next+0x1f/0x30
[  160.765642]  ? zone_reclaimable_pages+0x4f9/0x690
[  160.766950]  ? find_next_bit+0xc9/0xf0
[  160.768065]  __alloc_pages_slowpath+0x1e01/0x1f30
[  160.769500]  ? warn_alloc+0x290/0x290
[  160.770597]  ? __alloc_pages_slowpath+0x1f30/0x1f30
[  160.772024]  __alloc_pages_nodemask+0x470/0x5d0
[  160.773376]  ? __alloc_pages_slowpath+0x1f30/0x1f30
[  160.774806]  ? find_get_pages_contig+0x540/0x540
[  160.776097]  ? __page_cache_alloc+0xad/0x1d0
[  160.777326]  alloc_pages_current+0xac/0x1e0
[  160.778552]  __page_cache_alloc+0x116/0x1d0
[  160.779782]  pagecache_get_page+0x170/0x610
[  160.781014]  filemap_fault+0x1003/0x1ec0
[  160.782130]  ? filemap_map_pages+0x313/0xa20
[  160.783351]  ? grab_cache_page_write_begin+0x90/0x90
[  160.784847]  ? down_read+0xef/0x210
[  160.785855]  ? find_get_pages_range_tag+0x750/0x750
[  160.787488]  ? down_read_killable+0x230/0x230
[  160.788751]  ? page_add_file_rmap+0x7c/0xa0
[  160.790133]  ext4_filemap_fault+0x7d/0xa4
[  160.791247]  __do_fault+0xd7/0x2b0
[  160.792243]  ? find_get_pages_range_tag+0x750/0x750
[  160.793673]  __handle_mm_fault+0xded/0x1ce0
[  160.794894]  ? __sched_text_start+0x8/0x8
[  160.796060]  ? __pmd_alloc+0x2d0/0x2d0
[  160.797145]  ? down_read+0xef/0x210
[  160.798146]  ? down_read_trylock+0xee/0x170
[  160.799495]  handle_mm_fault+0xfe/0x350
[  160.800767]  __do_page_fault+0x4bc/0xa20
[  160.802014]  ? do_page_fault+0x27/0x270
[  160.803294]  async_page_fault+0x2f/0x40
[  160.804378] RIP: 0033:0x43b09d
[  160.805297] Code: Bad RIP value.
[  160.806231] RSP: 002b:000000c000051f50 EFLAGS: 00010206
[  160.807683] RAX: 0000000000000000 RBX: 0000000000004e20 RCX: 000000000046042d
[  160.809662] RDX: 0000000000000000 RSI: 0000000000000000 RDI: 000000c000051f30
[  160.811641] RBP: 000000c000051f48 R08: 000000c00022ef00 R09: 00007ffe422e0090
[  160.813882] R10: 0000000000000000 R11: 0000000000000202 R12: 00000000004336a0
[  160.815862] R13: 0000000000000000 R14: 0000000000aac4b0 R15: 0000000000000000
[  160.817838] Mem-Info:
[  160.818575] active_anon:30724 inactive_anon:8786 isolated_anon:0
[  160.818575]  active_file:12 inactive_file:28 isolated_file:28
[  160.818575]  unevictable:0 dirty:0 writeback:0 unstable:0
[  160.818575]  slab_reclaimable:4479 slab_unreclaimable:26285
[  160.818575]  mapped:139808 shmem:8824 pagetables:2416 bounce:0
[  160.818575]  free:2864 free_pcp:378 free_cma:0
[  160.827783] Node 0 active_anon:122896kB inactive_anon:35144kB active_file:52kB inactive_file:188kB unevictable:0kB isolated(anon):0kB isolated(file):0kB mapped:559232kB dirty:0kB writeback:0kB shmem:35296kB writeback_tmp:0kB unstable:0kB all_unreclaimable? yes
[  160.834248] Node 0 DMA free:6668kB min:48kB low:60kB high:72kB reserved_highatomic:0KB active_anon:16kB inactive_anon:0kB active_file:0kB inactive_file:0kB unevictable:0kB writepending:0kB present:15992kB managed:15908kB mlocked:0kB kernel_stack:0kB pagetables:0kB bounce:0kB free_pcp:0kB local_pcp:0kB free_cma:0kB
[  160.840911] lowmem_reserve[]: 0 1655 1655 1655
[  160.842037] Node 0 DMA32 free:4788kB min:5176kB low:6868kB high:8560kB reserved_highatomic:0KB active_anon:122880kB inactive_anon:35144kB active_file:100kB inactive_file:68kB unevictable:0kB writepending:0kB present:2080640kB managed:1696852kB mlocked:0kB kernel_stack:5792kB pagetables:9664kB bounce:0kB free_pcp:1512kB local_pcp:644kB free_cma:0kB
[  160.849288] lowmem_reserve[]: 0 0 0 0
[  160.850205] Node 0 DMA: 5*4kB (UM) 3*8kB (UM) 2*16kB (UM) 0*32kB 1*64kB (M) 1*128kB (M) 1*256kB (M) 2*512kB (UM) 1*1024kB (M) 0*2048kB 1*4096kB (M) = 6668kB
[  160.853448] Node 0 DMA32: 267*4kB (UME) 171*8kB (UME) 65*16kB (UME) 24*32kB (UME) 7*64kB (UM) 1*128kB (U) 0*256kB 0*512kB 0*1024kB 0*2048kB 0*4096kB = 4820kB
[  160.857195] Node 0 hugepages_total=0 hugepages_free=0 hugepages_surp=0 hugepages_size=2048kB
[  160.859239] 8901 total pagecache pages
[  160.860156] 0 pages in swap cache
[  160.860954] Swap cache stats: add 0, delete 0, find 0/0
[  160.862203] Free swap  = 0kB
[  160.862884] Total swap = 0kB
[  160.863618] 524158 pages RAM
[  160.864336] 0 pages HighMem/MovableOnly
[  160.865270] 95968 pages reserved
[  160.866060] Tasks state (memory values in pages):
[  160.867160] [  pid  ]   uid  tgid total_vm      rss pgtables_bytes swapents oom_score_adj name
[  160.869261] [   1244]     0  1244    17670      672   126976        0             0 systemd-journal
[  160.871426] [   1259]     0  1259    11415      443   122880        0         -1000 systemd-udevd
[  160.873704] [   1528]   100  1528    31821      123   151552        0             0 systemd-timesyn
[  160.875896] [   1840]     0  1840     6998       60    98304        0             0 cron
[  160.877829] [   1841]     0  1841    63582      224   151552        0             0 rsyslogd
[  160.880183] [   1876]     0  1876     5088      258    73728        0             0 dhclient
[  160.882171] [   1903]     0  1903     3220       31    69632        0             0 agetty
[  160.884291] [   1905]     0  1905     3220       32    69632        0             0 agetty
[  160.886310] [   1906]     0  1906     3220       33    73728        0             0 agetty
[  160.888530] [   1907]     0  1907     3220       32    73728        0             0 agetty
[  160.890536] [   1908]     0  1908     3220       33    73728        0             0 agetty
[  160.892630] [   1909]     0  1909     3164       33    69632        0             0 agetty
[  160.894625] [   1912]     0  1912    17488      186   180224        0         -1000 sshd
[  160.896789] [   1995]     0  1995    23216      255   221184        0             0 sshd
[  160.899571] [   2001]     0  2001   140451    26357   548864        0             0 syz-fuzzer
[  160.901674] [   2031]     0  2031    18113       17   114688        0             0 syz-executor.0
[  160.903777] [   2032]     0  2032    18113       17   114688        0             0 syz-executor.1
[  160.905953] [   2033]     0  2033    18113       17   118784        0             0 syz-executor.5
[  160.908073] [   2034]     0  2034    18113       18   114688        0             0 syz-executor.6
[  160.910215] [   2035]     0  2035    18113       16   114688        0             0 syz-executor.7
[  160.912346] [   2038]     0  2038    18112     8574   122880        0             0 syz-executor.1
[  160.914588] [   2039]     0  2039    18112     8730   122880        0             0 syz-executor.0
[  160.916831] [   2040]     0  2040    18113       16   114688        0             0 syz-executor.3
[  160.919217] [   2042]     0  2042    18113       16   118784        0             0 syz-executor.2
[  160.921287] [   2044]     0  2044    18113       17   114688        0             0 syz-executor.4
[  160.923512] [   2046]     0  2046    18112     8730   126976        0             0 syz-executor.5
[  160.925727] [   2048]     0  2048    18113       16   118784        0             0 syz-executor.15
[  160.927894] [   2050]     0  2050    18113       17   118784        0             0 syz-executor.9
[  160.930445] [   2053]     0  2053    18112     8574   126976        0             0 syz-executor.6
[  160.932511] [   2055]     0  2055    18113       16   118784        0             0 syz-executor.10
[  160.934589] [   2059]     0  2059    18113       16   118784        0             0 syz-executor.11
[  160.936680] [   2064]     0  2064    18113       17   114688        0             0 syz-executor.8
[  160.938751] [   2069]     0  2069    18112     8527   126976        0             0 syz-executor.2
[  160.941089] [   2073]     0  2073    18113       16   118784        0             0 syz-executor.14
[  160.943470] [   2081]     0  2081    18113       16   118784        0             0 syz-executor.13
[  160.945742] [   2083]     0  2083    18113       18   118784        0             0 syz-executor.12
[  160.947823] [   2095]     0  2095    18112     8728   126976        0             0 syz-executor.15
[  160.949932] [   2097]     0  2097    18112     8732   122880        0             0 syz-executor.7
[  160.952151] [   2115]     0  2115    18112     8730   122880        0             0 syz-executor.3
[  160.954258] [   2119]     0  2119    18112     8731   122880        0             0 syz-executor.4
[  160.956384] [   2113]     0  2113    18112     8494   126976        0             0 syz-executor.10
[  160.958528] [   2125]     0  2125    18112     8731   126976        0             0 syz-executor.9
[  160.960774] [   2139]     0  2139    18112     8728   126976        0             0 syz-executor.11
[  160.963267] [   2161]     0  2161    18112     8395   122880        0             0 syz-executor.8
[  160.965496] [   2165]     0  2165    18112     8664   126976        0             0 syz-executor.12
[  160.967730] [   2156]     0  2156    18112     8575   126976        0             0 syz-executor.14
[  160.969847] [   2174]     0  2174    18112     8665   126976        0             0 syz-executor.13
[  160.971949] [   8866]     0  8866    18145     8709   126976        0          1000 syz-executor.11
[  160.974106] [   8894]     0  8894    18178     8711   126976        0          1000 syz-executor.11
[  160.976156] [   9211]     0  9211    18145     8709   126976        0          1000 syz-executor.11
[  160.978308] [   9550]     0  9550    18145     8702   122880        0          1000 syz-executor.4
[  160.980622] [   9564]     0  9564    18145     8710   122880        0          1000 syz-executor.4
[  160.982853] [   9830]     0  9830    18145     8708   126976        0          1000 syz-executor.10
[  160.984922] [   9847]     0  9847    18178     8710   126976        0          1000 syz-executor.10
[  160.987011] [  10230]     0 10230    18495     8708   126976        0          1000 syz-executor.10
[  160.989168] [  10247]     0 10247    18528     8711   131072        0          1000 syz-executor.10
[  160.991309] [  10589]     0 10589    18145     8702   126976        0          1000 syz-executor.5
[  160.993408] [  10608]     0 10608    18145     8710   126976        0          1000 syz-executor.5
[  160.995604] [  10624]     0 10624    18145     8703   126976        0          1000 syz-executor.9
[  160.997685] [  10631]     0 10631    18145     8711   126976        0          1000 syz-executor.9
[  160.999837] [  11021]     0 11021    18145     8710   135168        0          1000 syz-executor.3
[  161.001929] [  11187]     0 11187    18145     8708   126976        0          1000 syz-executor.10
[  161.004075] [  11248]     0 11248    18145     8710   122880        0          1000 syz-executor.4
[  161.006148] [  11252]     0 11252    18178     8712   122880        0          1000 syz-executor.4
[  161.008289] [  11380]     0 11380    18145     8708   126976        0          1000 syz-executor.11
[  161.010486] [  11656]     0 11656    18178     8712   122880        0          1000 syz-executor.0
[  161.012533] [  11696]     0 11696    18145     8708   122880        0          1000 syz-executor.12
[  161.014612] [  11701]     0 11701    18145     8708   122880        0          1000 syz-executor.12
[  161.016764] [  11704]     0 11704    18178     8710   122880        0          1000 syz-executor.12
[  161.018890] [  11712]     0 11712    18178     8710   122880        0          1000 syz-executor.12
[  161.020997] [  11810]     0 11810    18145     8700   118784        0          1000 syz-executor.7
[  161.023089] [  11855]     0 11855    18145     8709   118784        0          1000 syz-executor.7
[  161.025181] [  12037]     0 12037    18145     8711   126976        0          1000 syz-executor.2
[  161.027248] [  12107]     0 12107    18145     8710   122880        0          1000 syz-executor.0
[  161.029253] [  12116]     0 12116    18178     8712   122880        0          1000 syz-executor.0
[  161.031312] [  12519]     0 12519    18145     8711   126976        0          1000 syz-executor.2
[  161.033402] [  12738]     0 12738    18178     8712   126976        0          1000 syz-executor.14
[  161.035479] [  12859]     0 12859    18178     8712   126976        0          1000 syz-executor.14
[  161.037491] [  12937]     0 12937    18145     8701   126976        0          1000 syz-executor.12
[  161.039752] [  12954]     0 12954    18145     8709   126976        0          1000 syz-executor.12
[  161.041844] [  13231]     0 13231     3220       32    69632        0             0 agetty
[  161.043779] [  14394]     0 14394    18145     8711   122880        0          1000 syz-executor.0
[  161.046170] [  14509]     0 14509    18145     8711   122880        0          1000 syz-executor.0
[  161.048248] [  14551]     0 14551    18178     8713   122880        0          1000 syz-executor.0
[  161.050413] [  15038]     0 15038    18145     8709   139264        0          1000 syz-executor.14
[  161.052524] [  15213]     0 15213    18145     8710   122880        0          1000 syz-executor.0
[  161.054655] [  15218]     0 15218    18178     8712   122880        0          1000 syz-executor.0
[  161.056766] [  15391]     0 15391    18145     8710   122880        0          1000 syz-executor.0
[  161.058897] [  15399]     0 15399    18178     8713   122880        0          1000 syz-executor.0
[  161.060979] [  15778]     0 15778    18145     8703   122880        0          1000 syz-executor.4
[  161.062907] [  15784]     0 15784    18145     8711   122880        0          1000 syz-executor.4
[  161.064679] [  17110]     0 17110    18145     8711   122880        0          1000 syz-executor.0
[  161.066866] [  18128]     0 18128    18145     8710   126976        0          1000 syz-executor.12
[  161.068978] [  18136]     0 18136    18178     8712   126976        0          1000 syz-executor.12
[  161.070628] [  31889]     0 31889    18178     8535   135168        0          1000 syz-executor.10
[  161.072194] [  31911]     0 31905    18145     8704   135168        0          1000 syz-executor.13
[  161.073811] oom-kill:constraint=CONSTRAINT_NONE,nodemask=(null),cpuset=/,mems_allowed=0,task=syz-executor.12,pid=18136,uid=0
[  161.075843] Out of memory: Killed process 18136 (syz-executor.12) total-vm:72712kB, anon-rss:160kB, file-rss:34688kB, shmem-rss:0kB, UID:0 pgtables:124kB oom_score_adj:1000
[  161.078919] oom_reaper: reaped process 18136 (syz-executor.12), now anon-rss:0kB, file-rss:34816kB, shmem-rss:0kB
[  161.081843] syz-executor.14 invoked oom-killer: gfp_mask=0x100cca(GFP_HIGHUSER_MOVABLE), order=0, oom_score_adj=0
[  161.084331] CPU: 0 PID: 2156 Comm: syz-executor.14 Not tainted 5.5.0-rc6 #2
[  161.085995] Hardware name: QEMU Standard PC (i440FX + PIIX, 1996), BIOS 1.10.2-1ubuntu1 04/01/2014
[  161.088073] Call Trace:
[  161.088687]  dump_stack+0x94/0xce
[  161.089647]  dump_header+0x100/0xc20
[  161.090263]  ? _raw_spin_lock+0x75/0xd0
[  161.090913]  ? task_will_free_mem+0x140/0x500
[  161.091632]  ? ___ratelimit+0x59/0x3e0
[  161.092285]  oom_kill_process+0x177/0x9a0
[  161.092957]  ? find_lock_task_mm+0xbe/0x180
[  161.093688]  ? cpuset_mems_allowed_intersects+0xd/0x70
[  161.094524]  ? oom_cpuset_eligible+0x49/0x1f0
[  161.095267]  out_of_memory+0x29b/0x1610
[  161.095923]  ? oom_killer_disable+0x230/0x230
[  161.096662]  ? cpumask_next+0x1f/0x30
[  161.097280]  ? zone_reclaimable_pages+0x4f9/0x690
[  161.098083]  ? find_next_bit+0xc9/0xf0
[  161.098719]  __alloc_pages_slowpath+0x1e01/0x1f30
[  161.099498]  ? warn_alloc+0x290/0x290
[  161.100206]  ? __alloc_pages_slowpath+0x1f30/0x1f30
[  161.101045]  __alloc_pages_nodemask+0x470/0x5d0
[  161.101884]  ? __alloc_pages_slowpath+0x1f30/0x1f30
[  161.102709]  ? find_get_pages_contig+0x540/0x540
[  161.103495]  ? __page_cache_alloc+0xad/0x1d0
[  161.104208]  alloc_pages_current+0xac/0x1e0
[  161.104919]  __page_cache_alloc+0x116/0x1d0
[  161.105647]  pagecache_get_page+0x170/0x610
[  161.106361]  filemap_fault+0x1003/0x1ec0
[  161.107017]  ? filemap_map_pages+0x313/0xa20
[  161.107759]  ? grab_cache_page_write_begin+0x90/0x90
[  161.108609]  ? down_read+0xef/0x210
[  161.109212]  ? find_get_pages_range_tag+0x750/0x750
[  161.110041]  ? down_read_killable+0x230/0x230
[  161.110796]  ? lockref_put_return+0x103/0x180
[  161.111534]  ? mntput_no_expire+0xcd/0x6a0
[  161.112245]  ? lockref_mark_dead+0xa0/0xa0
[  161.113005]  ext4_filemap_fault+0x7d/0xa4
[  161.113881]  __do_fault+0xd7/0x2b0
[  161.114459]  ? find_get_pages_range_tag+0x750/0x750
[  161.115290]  __handle_mm_fault+0xded/0x1ce0
[  161.116003]  ? __pmd_alloc+0x2d0/0x2d0
[  161.116640]  ? down_read_trylock+0xee/0x170
[  161.117382]  handle_mm_fault+0xfe/0x350
[  161.118226]  __do_page_fault+0x4bc/0xa20
[  161.118895]  ? do_page_fault+0x27/0x270
[  161.119610]  async_page_fault+0x2f/0x40
[  161.120262] RIP: 0033:0x403a8c
[  161.120789] Code: Bad RIP value.
[  161.121346] RSP: 002b:00007ffc61f5d870 EFLAGS: 00010206
[  161.122389] RAX: 000000000284cc7b RBX: 00007ffc61f5d920 RCX: 0000000000000002
[  161.123747] RDX: 000000000284cc68 RSI: 000000000284cc7b RDI: 00000000004be8a0
[  161.124997] RBP: 0000000000000000 R08: 000000000284cc5b R09: 0000000000000010
[  161.126220] R10: 00000000fffffff6 R11: 0000000000000206 R12: 00007ffc61f5e9c0
[  161.127416] R13: 000000000284cbe0 R14: 0000000000000002 R15: 00000000ffffffff
[  161.128668] Mem-Info:
[  161.129117] active_anon:30703 inactive_anon:8786 isolated_anon:0
[  161.129117]  active_file:25 inactive_file:38 isolated_file:0
[  161.129117]  unevictable:0 dirty:0 writeback:0 unstable:0
[  161.129117]  slab_reclaimable:4479 slab_unreclaimable:26285
[  161.129117]  mapped:139808 shmem:8824 pagetables:2416 bounce:0
[  161.129117]  free:2864 free_pcp:433 free_cma:0
[  161.135474] Node 0 active_anon:122812kB inactive_anon:35144kB active_file:128kB inactive_file:128kB unevictable:0kB isolated(anon):0kB isolated(file):0kB mapped:559232kB dirty:0kB writeback:0kB shmem:35296kB writeback_tmp:0kB unstable:0kB all_unreclaimable? yes
[  161.139454] Node 0 DMA free:6668kB min:48kB low:60kB high:72kB reserved_highatomic:0KB active_anon:16kB inactive_anon:0kB active_file:0kB inactive_file:0kB unevictable:0kB writepending:0kB present:15992kB managed:15908kB mlocked:0kB kernel_stack:0kB pagetables:0kB bounce:0kB free_pcp:0kB local_pcp:0kB free_cma:0kB
[  161.144120] lowmem_reserve[]: 0 1655 1655 1655
[  161.144880] Node 0 DMA32 free:4788kB min:5176kB low:6868kB high:8560kB reserved_highatomic:0KB active_anon:122796kB inactive_anon:35144kB active_file:156kB inactive_file:124kB unevictable:0kB writepending:0kB present:2080640kB managed:1696852kB mlocked:0kB kernel_stack:5760kB pagetables:9664kB bounce:0kB free_pcp:1732kB local_pcp:644kB free_cma:0kB
[  161.150036] lowmem_reserve[]: 0 0 0 0
[  161.150695] Node 0 DMA: 5*4kB (UM) 3*8kB (UM) 2*16kB (UM) 0*32kB 1*64kB (M) 1*128kB (M) 1*256kB (M) 2*512kB (UM) 1*1024kB (M) 0*2048kB 1*4096kB (M) = 6668kB
[  161.153061] Node 0 DMA32: 267*4kB (UME) 171*8kB (UME) 65*16kB (UME) 25*32kB (UME) 7*64kB (UM) 1*128kB (U) 0*256kB 0*512kB 0*1024kB 0*2048kB 0*4096kB = 4852kB
[  161.155449] Node 0 hugepages_total=0 hugepages_free=0 hugepages_surp=0 hugepages_size=2048kB
[  161.157040] 8901 total pagecache pages
[  161.157768] 0 pages in swap cache
[  161.158375] Swap cache stats: add 0, delete 0, find 0/0
[  161.159270] Free swap  = 0kB
[  161.159978] Total swap = 0kB
[  161.160492] 524158 pages RAM
[  161.160994] 0 pages HighMem/MovableOnly
[  161.161806] 95968 pages reserved
[  161.162506] Tasks state (memory values in pages):
[  161.163437] [  pid  ]   uid  tgid total_vm      rss pgtables_bytes swapents oom_score_adj name
[  161.164994] [   1244]     0  1244    17670      672   126976        0             0 systemd-journal
[  161.167427] [   1259]     0  1259    11415      443   122880        0         -1000 systemd-udevd
[  161.169230] [   1528]   100  1528    31821      123   151552        0             0 systemd-timesyn
[  161.170852] [   1840]     0  1840     6998       60    98304        0             0 cron
[  161.172344] [   1841]     0  1841    63582      224   151552        0             0 rsyslogd
[  161.173859] [   1876]     0  1876     5088      258    73728        0             0 dhclient
[  161.175267] [   1903]     0  1903     3220       31    69632        0             0 agetty
[  161.176948] [   1905]     0  1905     3220       32    69632        0             0 agetty
[  161.178380] [   1906]     0  1906     3220       33    73728        0             0 agetty
[  161.179903] [   1907]     0  1907     3220       32    73728        0             0 agetty
[  161.181291] [   1908]     0  1908     3220       33    73728        0             0 agetty
[  161.183044] [   1909]     0  1909     3164       33    69632        0             0 agetty
[  161.184845] [   1912]     0  1912    17488      186   180224        0         -1000 sshd
[  161.186211] [   1995]     0  1995    23216      255   221184        0             0 sshd
[  161.187652] [   2001]     0  2001   140451    26357   548864        0             0 syz-fuzzer
[  161.190021] [   2031]     0  2031    18113       17   114688        0             0 syz-executor.0
[  161.191956] [   2032]     0  2032    18113       17   114688        0             0 syz-executor.1
[  161.194283] [   2033]     0  2033    18113       17   118784        0             0 syz-executor.5
[  161.196107] [   2034]     0  2034    18113       18   114688        0             0 syz-executor.6
[  161.198119] [   2035]     0  2035    18113       16   114688        0             0 syz-executor.7
[  161.199671] [   2038]     0  2038    18112     8574   122880        0             0 syz-executor.1
[  161.201380] [   2039]     0  2039    18112     8730   122880        0             0 syz-executor.0
[  161.202875] [   2040]     0  2040    18113       16   114688        0             0 syz-executor.3
[  161.204398] [   2042]     0  2042    18113       16   118784        0             0 syz-executor.2
[  161.206111] [   2044]     0  2044    18113       17   114688        0             0 syz-executor.4
[  161.207662] [   2046]     0  2046    18112     8730   126976        0             0 syz-executor.5
[  161.209199] [   2048]     0  2048    18113       16   118784        0             0 syz-executor.15
[  161.211259] [   2050]     0  2050    18113       17   118784        0             0 syz-executor.9
[  161.213243] [   2053]     0  2053    18112     8574   126976        0             0 syz-executor.6
[  161.215215] [   2055]     0  2055    18113       16   118784        0             0 syz-executor.10
[  161.217067] [   2059]     0  2059    18113       16   118784        0             0 syz-executor.11
[  161.219175] [   2064]     0  2064    18113       17   114688        0             0 syz-executor.8
[  161.221024] [   2069]     0  2069    18112     8527   126976        0             0 syz-executor.2
[  161.222965] [   2073]     0  2073    18113       16   118784        0             0 syz-executor.14
[  161.224666] [   2081]     0  2081    18113       16   118784        0             0 syz-executor.13
[  161.226356] [   2083]     0  2083    18113       18   118784        0             0 syz-executor.12
[  161.228101] [   2095]     0  2095    18112     8728   126976        0             0 syz-executor.15
[  161.229788] [   2097]     0  2097    18112     8732   122880        0             0 syz-executor.7
[  161.231531] [   2115]     0  2115    18112     8730   122880        0             0 syz-executor.3
[  161.233447] [   2119]     0  2119    18112     8731   122880        0             0 syz-executor.4
[  161.235313] [   2113]     0  2113    18112     8494   126976        0             0 syz-executor.10
[  161.237179] [   2125]     0  2125    18112     8731   126976        0             0 syz-executor.9
[  161.238806] [   2139]     0  2139    18112     8728   126976        0             0 syz-executor.11
[  161.240415] [   2161]     0  2161    18112     8395   122880        0             0 syz-executor.8
[  161.242021] [   2165]     0  2165    18112     8664   126976        0             0 syz-executor.12
[  161.243788] [   2156]     0  2156    18112     8575   126976        0             0 syz-executor.14
[  161.245459] [   2174]     0  2174    18112     8665   126976        0             0 syz-executor.13
[  161.247035] [   8866]     0  8866    18145     8709   126976        0          1000 syz-executor.11
[  161.248647] [   8894]     0  8894    18178     8711   126976        0          1000 syz-executor.11
[  161.250403] [   9211]     0  9211    18145     8709   126976        0          1000 syz-executor.11
[  161.252478] [   9550]     0  9550    18145     8702   122880        0          1000 syz-executor.4
[  161.254596] [   9564]     0  9564    18145     8710   122880        0          1000 syz-executor.4
[  161.257045] [   9830]     0  9830    18145     8708   126976        0          1000 syz-executor.10
[  161.258718] [   9847]     0  9847    18178     8710   126976        0          1000 syz-executor.10
[  161.260303] [  10230]     0 10230    18495     8708   126976        0          1000 syz-executor.10
[  161.261979] [  10247]     0 10247    18528     8711   131072        0          1000 syz-executor.10
[  161.263611] [  10589]     0 10589    18145     8702   126976        0          1000 syz-executor.5
[  161.265198] [  10608]     0 10608    18145     8710   126976        0          1000 syz-executor.5
[  161.266787] [  10624]     0 10624    18145     8703   126976        0          1000 syz-executor.9
[  161.268365] [  10631]     0 10631    18145     8711   126976        0          1000 syz-executor.9
[  161.270229] [  11021]     0 11021    18145     8710   135168        0          1000 syz-executor.3
[  161.271776] [  11187]     0 11187    18145     8708   126976        0          1000 syz-executor.10
[  161.273368] [  11248]     0 11248    18145     8710   122880        0          1000 syz-executor.4
[  161.275017] [  11252]     0 11252    18178     8712   122880        0          1000 syz-executor.4
[  161.276573] [  11380]     0 11380    18145     8708   126976        0          1000 syz-executor.11
[  161.278168] [  11656]     0 11656    18178     8712   122880        0          1000 syz-executor.0
[  161.279711] [  11696]     0 11696    18145     8708   122880        0          1000 syz-executor.12
[  161.281498] [  11701]     0 11701    18145     8708   122880        0          1000 syz-executor.12
[  161.283073] [  11704]     0 11704    18178     8710   122880        0          1000 syz-executor.12
[  161.284635] [  11712]     0 11712    18178     8710   122880        0          1000 syz-executor.12
[  161.286228] [  11810]     0 11810    18145     8700   118784        0          1000 syz-executor.7
[  161.287750] [  11855]     0 11855    18145     8709   118784        0          1000 syz-executor.7
[  161.289370] [  12037]     0 12037    18145     8711   126976        0          1000 syz-executor.2
[  161.291064] [  12107]     0 12107    18145     8710   122880        0          1000 syz-executor.0
[  161.292619] [  12116]     0 12116    18178     8712   122880        0          1000 syz-executor.0
[  161.294298] [  12519]     0 12519    18145     8711   126976        0          1000 syz-executor.2
[  161.295839] [  12738]     0 12738    18178     8712   126976        0          1000 syz-executor.14
[  161.297501] [  12859]     0 12859    18178     8712   126976        0          1000 syz-executor.14
[  161.299232] [  12937]     0 12937    18145     8701   126976        0          1000 syz-executor.12
[  161.300743] [  12954]     0 12954    18145     8709   126976        0          1000 syz-executor.12
[  161.302334] [  13231]     0 13231     3220       32    69632        0             0 agetty
[  161.303714] [  14394]     0 14394    18145     8711   122880        0          1000 syz-executor.0
[  161.305237] [  14509]     0 14509    18145     8711   122880        0          1000 syz-executor.0
[  161.306733] [  14551]     0 14551    18178     8713   122880        0          1000 syz-executor.0
[  161.308229] [  15038]     0 15038    18145     8709   139264        0          1000 syz-executor.14
[  161.309826] [  15213]     0 15213    18145     8710   122880        0          1000 syz-executor.0
[  161.311402] [  15218]     0 15218    18178     8712   122880        0          1000 syz-executor.0
[  161.312911] [  15391]     0 15391    18145     8710   122880        0          1000 syz-executor.0
[  161.314405] [  15399]     0 15399    18178     8713   122880        0          1000 syz-executor.0
[  161.315927] [  15778]     0 15778    18145     8703   122880        0          1000 syz-executor.4
[  161.317485] [  15784]     0 15784    18145     8711   122880        0          1000 syz-executor.4
[  161.318991] [  17110]     0 17110    18145     8711   122880        0          1000 syz-executor.0
[  161.320561] [  18128]     0 18128    18145     8710   126976        0          1000 syz-executor.12
[  161.322160] [  31889]     0 31889    18178     8535   135168        0          1000 syz-executor.10
[  161.323670] [  31911]     0 31905    18145     8704   135168        0          1000 syz-executor.13
[  161.325168] oom-kill:constraint=CONSTRAINT_NONE,nodemask=(null),cpuset=/,mems_allowed=0,task=syz-executor.0,pid=15399,uid=0
[  161.327298] Out of memory: Killed process 15399 (syz-executor.0) total-vm:72712kB, anon-rss:164kB, file-rss:34688kB, shmem-rss:0kB, UID:0 pgtables:120kB oom_score_adj:1000
[  161.330020] oom_reaper: reaped process 15399 (syz-executor.0), now anon-rss:0kB, file-rss:34816kB, shmem-rss:0kB
[  161.333332] syz-executor.10 invoked oom-killer: gfp_mask=0xcc0(GFP_KERNEL), order=0, oom_score_adj=1000
[  161.335019] CPU: 0 PID: 31894 Comm: syz-executor.10 Not tainted 5.5.0-rc6 #2
[  161.336666] Hardware name: QEMU Standard PC (i440FX + PIIX, 1996), BIOS 1.10.2-1ubuntu1 04/01/2014
[  161.338267] Call Trace:
[  161.338734]  dump_stack+0x94/0xce
[  161.339342]  dump_header+0x100/0xc20
[  161.339954]  ? _raw_spin_lock+0x75/0xd0
[  161.340778]  ? task_will_free_mem+0x140/0x500
[  161.341701]  ? ___ratelimit+0x59/0x3e0
[  161.342499]  oom_kill_process+0x177/0x9a0
[  161.343330]  ? find_lock_task_mm+0xbe/0x180
[  161.344116]  ? cpuset_mems_allowed_intersects+0xd/0x70
[  161.345127]  ? oom_cpuset_eligible+0x49/0x1f0
[  161.346056]  out_of_memory+0x29b/0x1610
[  161.346762]  ? oom_killer_disable+0x230/0x230
[  161.347498]  ? cpumask_next+0x1f/0x30
[  161.348265]  ? zone_reclaimable_pages+0x4f9/0x690
[  161.349161]  ? find_next_bit+0xc9/0xf0
[  161.349914]  __alloc_pages_slowpath+0x1e01/0x1f30
[  161.350802]  ? warn_alloc+0x290/0x290
[  161.351453]  __alloc_pages_nodemask+0x470/0x5d0
[  161.352318]  ? apic_timer_interrupt+0xa/0x20
[  161.353043]  ? __alloc_pages_slowpath+0x1f30/0x1f30
[  161.353980]  ? alloc_pages_current+0x109/0x1e0
[  161.354855]  alloc_pages_current+0xac/0x1e0
[  161.355817]  relay_open_buf.part.13+0x24d/0xaf0
[  161.356915]  relay_open+0x4cf/0x920
[  161.357737]  ? debugfs_create_file+0x37/0x60
[  161.358603]  do_blk_trace_setup+0x3c3/0xa80
[  161.359317]  __blk_trace_setup+0xa8/0x140
[  161.360001]  ? blk_trace_setup_queue+0x340/0x340
[  161.360778]  ? __mutex_lock_slowpath+0x10/0x10
[  161.361541]  blk_trace_setup+0x45/0x60
[  161.362354]  sg_ioctl+0xac6/0x2440
[  161.363052]  ? do_futex+0x1a7/0x1940
[  161.363843]  ? sg_new_write.isra.21+0x690/0x690
[  161.364950]  ? save_stack+0x19/0x80
[  161.365671]  ? __kasan_slab_free+0x130/0x180
[  161.366562]  ? kmem_cache_free+0x7a/0x290
[  161.367328]  ? putname+0xdd/0x110
[  161.368013]  ? do_sys_open+0x213/0x490
[  161.368820]  ? do_syscall_64+0x9a/0x360
[  161.369697]  ? entry_SYSCALL_64_after_hwframe+0x44/0xa9
[  161.370703]  ? futex_exit_release+0xf0/0xf0
[  161.371417]  ? _raw_spin_lock+0x75/0xd0
[  161.372060]  ? _raw_write_lock+0xd0/0xd0
[  161.372727]  ? __perf_event_task_sched_in+0x143/0x570
[  161.373581]  ? __switch_to_asm+0x34/0x70
[  161.374264]  ? __switch_to_asm+0x40/0x70
[  161.374932]  ? sg_new_write.isra.21+0x690/0x690
[  161.376235]  do_vfs_ioctl+0x1a0/0x1010
[  161.377282]  ? compat_ioctl_preallocate+0x1c0/0x1c0
[  161.378657]  ? selinux_file_ioctl+0x3ab/0x590
[  161.379680]  ? __switch_to_asm+0x40/0x70
[  161.380733]  ? selinux_capable+0x40/0x40
[  161.381710]  ? perf_trace_sched_swap_numa+0x303/0xc00
[  161.383046]  ? __fget+0x223/0x2e0
[  161.383938]  ? iterate_fd+0x1b0/0x1b0
[  161.384881]  ? ktime_get_ts64+0x176/0x200
[  161.385755]  ? security_file_ioctl+0x58/0xb0
[  161.386670]  ? selinux_capable+0x40/0x40
[  161.387524]  ksys_ioctl+0x84/0x90
[  161.388112]  __x64_sys_ioctl+0x6f/0xb0
[  161.388834]  do_syscall_64+0x9a/0x360
[  161.389528]  ? syscall_return_slowpath+0x18f/0x250
[  161.390526]  entry_SYSCALL_64_after_hwframe+0x44/0xa9
[  161.391641] RIP: 0033:0x466039
[  161.392166] Code: Bad RIP value.
[  161.392911] RSP: 002b:00007f333355ac58 EFLAGS: 00000246 ORIG_RAX: 0000000000000010
[  161.394610] RAX: ffffffffffffffda RBX: 000000000073bf00 RCX: 0000000000466039
[  161.396142] RDX: 0000000020000040 RSI: 00000000c0481273 RDI: 0000000000000003
[  161.397476] RBP: 0000000000000003 R08: 0000000000000000 R09: 0000000000000000
[  161.398773] R10: 0000000000000000 R11: 0000000000000246 R12: 00007f333355b6bc
[  161.400219] R13: 00000000004c1564 R14: 0000000000701768 R15: 00000000ffffffff
[  161.401613] Mem-Info:
[  161.402019] active_anon:30682 inactive_anon:8786 isolated_anon:0
[  161.402019]  active_file:46 inactive_file:26 isolated_file:5
[  161.402019]  unevictable:0 dirty:0 writeback:0 unstable:0
[  161.402019]  slab_reclaimable:4479 slab_unreclaimable:26285
[  161.402019]  mapped:139808 shmem:8824 pagetables:2385 bounce:0
[  161.402019]  free:2888 free_pcp:487 free_cma:0
[  161.408526] Node 0 active_anon:122728kB inactive_anon:35144kB active_file:140kB inactive_file:168kB unevictable:0kB isolated(anon):0kB isolated(file):84kB mapped:559232kB dirty:0kB writeback:0kB shmem:35296kB writeback_tmp:0kB unstable:0kB all_unreclaimable? yes
[  161.412359] Node 0 DMA free:6668kB min:48kB low:60kB high:72kB reserved_highatomic:0KB active_anon:16kB inactive_anon:0kB active_file:0kB inactive_file:0kB unevictable:0kB writepending:0kB present:15992kB managed:15908kB mlocked:0kB kernel_stack:0kB pagetables:0kB bounce:0kB free_pcp:0kB local_pcp:0kB free_cma:0kB
[  161.418108] lowmem_reserve[]: 0 1655 1655 1655
[  161.418872] Node 0 DMA32 free:4884kB min:5176kB low:6868kB high:8560kB reserved_highatomic:0KB active_anon:122712kB inactive_anon:35144kB active_file:80kB inactive_file:144kB unevictable:0kB writepending:0kB present:2080640kB managed:1696852kB mlocked:0kB kernel_stack:5728kB pagetables:9540kB bounce:0kB free_pcp:1948kB local_pcp:644kB free_cma:0kB
[  161.424902] lowmem_reserve[]: 0 0 0 0
[  161.425603] Node 0 DMA: 5*4kB (UM) 3*8kB (UM) 2*16kB (UM) 0*32kB 1*64kB (M) 1*128kB (M) 1*256kB (M) 2*512kB (UM) 1*1024kB (M) 0*2048kB 1*4096kB (M) = 6668kB
[  161.429104] Node 0 DMA32: 267*4kB (UME) 171*8kB (UME) 65*16kB (UME) 26*32kB (UME) 7*64kB (UM) 1*128kB (U) 0*256kB 0*512kB 0*1024kB 0*2048kB 0*4096kB = 4884kB
[  161.432086] Node 0 hugepages_total=0 hugepages_free=0 hugepages_surp=0 hugepages_size=2048kB
[  161.433544] 8901 total pagecache pages
[  161.434227] 0 pages in swap cache
[  161.434801] Swap cache stats: add 0, delete 0, find 0/0
[  161.435708] Free swap  = 0kB
[  161.436225] Total swap = 0kB
[  161.436762] 524158 pages RAM
[  161.437402] 0 pages HighMem/MovableOnly
[  161.438136] 95968 pages reserved
[  161.438745] Tasks state (memory values in pages):
[  161.439604] [  pid  ]   uid  tgid total_vm      rss pgtables_bytes swapents oom_score_adj name
[  161.441086] [   1244]     0  1244    17670      672   126976        0             0 systemd-journal
[  161.442652] [   1259]     0  1259    11415      443   122880        0         -1000 systemd-udevd
[  161.444226] [   1528]   100  1528    31821      123   151552        0             0 systemd-timesyn
[  161.445814] [   1840]     0  1840     6998       60    98304        0             0 cron
[  161.447239] [   1841]     0  1841    63582      224   151552        0             0 rsyslogd
[  161.448966] [   1876]     0  1876     5088      258    73728        0             0 dhclient
[  161.450506] [   1903]     0  1903     3220       31    69632        0             0 agetty
[  161.452036] [   1905]     0  1905     3220       32    69632        0             0 agetty
[  161.453617] [   1906]     0  1906     3220       33    73728        0             0 agetty
[  161.455076] [   1907]     0  1907     3220       32    73728        0             0 agetty
[  161.456872] [   1908]     0  1908     3220       33    73728        0             0 agetty
[  161.458652] [   1909]     0  1909     3164       33    69632        0             0 agetty
[  161.460125] [   1912]     0  1912    17488      186   180224        0         -1000 sshd
[  161.461827] [   1995]     0  1995    23216      255   221184        0             0 sshd
[  161.463760] [   2001]     0  2001   140451    26357   548864        0             0 syz-fuzzer
[  161.465187] [   2031]     0  2031    18113       17   114688        0             0 syz-executor.0
[  161.467083] [   2032]     0  2032    18113       17   114688        0             0 syz-executor.1
[  161.468566] [   2033]     0  2033    18113       17   118784        0             0 syz-executor.5
[  161.470115] [   2034]     0  2034    18113       18   114688        0             0 syz-executor.6
[  161.471724] [   2035]     0  2035    18113       16   114688        0             0 syz-executor.7
[  161.473546] [   2038]     0  2038    18112     8574   122880        0             0 syz-executor.1
[  161.475241] [   2039]     0  2039    18112     8730   122880        0             0 syz-executor.0
[  161.476905] [   2040]     0  2040    18113       16   114688        0             0 syz-executor.3
[  161.478773] [   2042]     0  2042    18113       16   118784        0             0 syz-executor.2
[  161.480515] [   2044]     0  2044    18113       17   114688        0             0 syz-executor.4
[  161.482087] [   2046]     0  2046    18112     8730   126976        0             0 syz-executor.5
[  161.483691] [   2048]     0  2048    18113       16   118784        0             0 syz-executor.15
[  161.485408] [   2050]     0  2050    18113       17   118784        0             0 syz-executor.9
[  161.486902] [   2053]     0  2053    18112     8574   126976        0             0 syz-executor.6
[  161.488654] [   2055]     0  2055    18113       16   118784        0             0 syz-executor.10
[  161.490447] [   2059]     0  2059    18113       16   118784        0             0 syz-executor.11
[  161.492195] [   2064]     0  2064    18113       17   114688        0             0 syz-executor.8
[  161.494073] [   2069]     0  2069    18112     8527   126976        0             0 syz-executor.2
[  161.495896] [   2073]     0  2073    18113       16   118784        0             0 syz-executor.14
[  161.497711] [   2081]     0  2081    18113       16   118784        0             0 syz-executor.13
[  161.499521] [   2083]     0  2083    18113       18   118784        0             0 syz-executor.12
[  161.501152] [   2095]     0  2095    18112     8728   126976        0             0 syz-executor.15
[  161.502751] [   2097]     0  2097    18112     8732   122880        0             0 syz-executor.7
[  161.504674] [   2115]     0  2115    18112     8730   122880        0             0 syz-executor.3
[  161.506360] [   2119]     0  2119    18112     8731   122880        0             0 syz-executor.4
[  161.507862] [   2113]     0  2113    18112     8494   126976        0             0 syz-executor.10
[  161.509569] [   2125]     0  2125    18112     8731   126976        0             0 syz-executor.9
[  161.511356] [   2139]     0  2139    18112     8728   126976        0             0 syz-executor.11
[  161.513124] [   2161]     0  2161    18112     8395   122880        0             0 syz-executor.8
[  161.514706] [   2165]     0  2165    18112     8664   126976        0             0 syz-executor.12
[  161.516313] [   2156]     0  2156    18112     8575   126976        0             0 syz-executor.14
[  161.518031] [   2174]     0  2174    18112     8665   126976        0             0 syz-executor.13
[  161.519556] [   8866]     0  8866    18145     8709   126976        0          1000 syz-executor.11
[  161.521099] [   8894]     0  8894    18178     8711   126976        0          1000 syz-executor.11
[  161.523278] [   9211]     0  9211    18145     8709   126976        0          1000 syz-executor.11
[  161.525253] [   9550]     0  9550    18145     8702   122880        0          1000 syz-executor.4
[  161.527423] [   9564]     0  9564    18145     8710   122880        0          1000 syz-executor.4
[  161.529713] [   9830]     0  9830    18145     8708   126976        0          1000 syz-executor.10
[  161.531384] [   9847]     0  9847    18178     8710   126976        0          1000 syz-executor.10
[  161.533003] [  10230]     0 10230    18495     8708   126976        0          1000 syz-executor.10
[  161.534577] [  10247]     0 10247    18528     8711   131072        0          1000 syz-executor.10
[  161.536160] [  10589]     0 10589    18145     8702   126976        0          1000 syz-executor.5
[  161.537758] [  10608]     0 10608    18145     8710   126976        0          1000 syz-executor.5
[  161.539455] [  10624]     0 10624    18145     8703   126976        0          1000 syz-executor.9
[  161.541125] [  10631]     0 10631    18145     8711   126976        0          1000 syz-executor.9
[  161.543033] [  11021]     0 11021    18145     8710   135168        0          1000 syz-executor.3
[  161.544704] [  11187]     0 11187    18145     8708   126976        0          1000 syz-executor.10
[  161.546464] [  11248]     0 11248    18145     8710   122880        0          1000 syz-executor.4
[  161.548182] [  11252]     0 11252    18178     8712   122880        0          1000 syz-executor.4
[  161.549809] [  11380]     0 11380    18145     8708   126976        0          1000 syz-executor.11
[  161.551360] [  11656]     0 11656    18178     8712   122880        0          1000 syz-executor.0
[  161.552902] [  11696]     0 11696    18145     8708   122880        0          1000 syz-executor.12
[  161.554483] [  11701]     0 11701    18145     8708   122880        0          1000 syz-executor.12
[  161.556218] [  11704]     0 11704    18178     8710   122880        0          1000 syz-executor.12
[  161.557855] [  11712]     0 11712    18178     8710   122880        0          1000 syz-executor.12
[  161.559456] [  11810]     0 11810    18145     8700   118784        0          1000 syz-executor.7
[  161.561105] [  11855]     0 11855    18145     8709   118784        0          1000 syz-executor.7
[  161.562804] [  12037]     0 12037    18145     8711   126976        0          1000 syz-executor.2
[  161.564855] [  12107]     0 12107    18145     8710   122880        0          1000 syz-executor.0
[  161.566902] [  12116]     0 12116    18178     8712   122880        0          1000 syz-executor.0
[  161.568668] [  12519]     0 12519    18145     8711   126976        0          1000 syz-executor.2
[  161.570767] [  12738]     0 12738    18178     8712   126976        0          1000 syz-executor.14
[  161.572840] [  12859]     0 12859    18178     8712   126976        0          1000 syz-executor.14
[  161.574956] [  12937]     0 12937    18145     8701   126976        0          1000 syz-executor.12
[  161.577005] [  12954]     0 12954    18145     8709   126976        0          1000 syz-executor.12
[  161.579126] [  13231]     0 13231     3220       32    69632        0             0 agetty
[  161.581014] [  14394]     0 14394    18145     8711   122880        0          1000 syz-executor.0
[  161.583143] [  14509]     0 14509    18145     8711   122880        0          1000 syz-executor.0
[  161.585256] [  14551]     0 14551    18178     8713   122880        0          1000 syz-executor.0
[  161.587370] [  15038]     0 15038    18145     8709   139264        0          1000 syz-executor.14
[  161.589519] [  15213]     0 15213    18145     8710   122880        0          1000 syz-executor.0
[  161.591647] [  15218]     0 15218    18178     8712   122880        0          1000 syz-executor.0
[  161.593786] [  15391]     0 15391    18145     8710   122880        0          1000 syz-executor.0
[  161.595892] [  15778]     0 15778    18145     8703   122880        0          1000 syz-executor.4
[  161.597974] [  15784]     0 15784    18145     8711   122880        0          1000 syz-executor.4
[  161.600069] [  17110]     0 17110    18145     8711   122880        0          1000 syz-executor.0
[  161.602308] [  18128]     0 18128    18145     8710   126976        0          1000 syz-executor.12
[  161.604448] [  31889]     0 31889    18178     8535   135168        0          1000 syz-executor.10
[  161.606536] [  31911]     0 31905    18145     8704   135168        0          1000 syz-executor.13
[  161.608614] oom-kill:constraint=CONSTRAINT_NONE,nodemask=(null),cpuset=/,mems_allowed=0,task=syz-executor.14,pid=15038,uid=0
[  161.611232] Out of memory: Killed process 15038 (syz-executor.14) total-vm:72580kB, anon-rss:148kB, file-rss:34688kB, shmem-rss:0kB, UID:0 pgtables:136kB oom_score_adj:1000
[  161.614964] oom_reaper: reaped process 15038 (syz-executor.14), now anon-rss:0kB, file-rss:34816kB, shmem-rss:0kB
[  161.620552] Out of memory: Killed process 14551 (syz-executor.0) total-vm:72712kB, anon-rss:164kB, file-rss:34688kB, shmem-rss:0kB, UID:0 pgtables:120kB oom_score_adj:1000
[  161.666579] Out of memory: Killed process 12859 (syz-executor.14) total-vm:72712kB, anon-rss:160kB, file-rss:34688kB, shmem-rss:0kB, UID:0 pgtables:124kB oom_score_adj:1000
[  161.670925] oom_reaper: reaped process 12859 (syz-executor.14), now anon-rss:0kB, file-rss:34816kB, shmem-rss:0kB
[  161.827431] Out of memory: Killed process 31894 (syz-executor.10) total-vm:72712kB, anon-rss:160kB, file-rss:34820kB, shmem-rss:0kB, UID:0 pgtables:132kB oom_score_adj:1000
[  161.832709] oom_reaper: reaped process 31894 (syz-executor.10), now anon-rss:0kB, file-rss:34816kB, shmem-rss:0kB
17:09:53 executing program 14:
r0 = signalfd(0xffffffffffffffff, &(0x7f00000003c0), 0x8)
read(r0, &(0x7f0000000400)=""/248, 0xf8)
r1 = socket(0x18, 0x1, 0x5)
getpeername$unix(r1, &(0x7f0000000140), &(0x7f00000001c0)=0x6e)
r2 = socket$inet6_udp(0xa, 0x2, 0x0)
r3 = socket$inet(0x2, 0xa, 0x80)
dup3(r2, r3, 0x0)
setsockopt$inet6_opts(r2, 0x29, 0x39, &(0x7f0000000200)=@srh={0x88, 0x12, 0x4, 0x9, 0x0, 0x974e9b24de297028, 0xfffa, [@dev={0xfe, 0x80, [], 0x20}, @empty, @mcast1, @initdev={0xfe, 0x88, [], 0x1, 0x0}, @initdev={0xfe, 0x88, [], 0x0, 0x0}, @local, @empty, @ipv4={[], [], @empty}, @mcast2]}, 0x98)
r4 = accept$inet6(0xffffffffffffffff, &(0x7f0000000000)={0xa, 0x0, 0x0, @mcast1}, &(0x7f0000000040)=0x1c)
setsockopt$inet6_MCAST_JOIN_GROUP(r4, 0x29, 0x2a, &(0x7f0000000080)={0x8, {{0xa, 0x4e20, 0xffffff00, @mcast1, 0x9}}}, 0x88)

17:09:53 executing program 4:
r0 = signalfd(0xffffffffffffffff, &(0x7f00000003c0), 0x8)
signalfd4(r0, &(0x7f0000000000), 0xd9, 0x0)

17:09:53 executing program 13:
r0 = syz_open_dev$sg(&(0x7f0000000000)='/dev/sg#\x00', 0x0, 0x0)
ioctl$BLKTRACESETUP(r0, 0xc0481273, &(0x7f0000000040)={[], 0x0, 0x9, 0x400, 0x0, 0x4})
ioctl$SG_GET_RESERVED_SIZE(r0, 0x2272, &(0x7f00000000c0))
r1 = socket$nl_generic(0x10, 0x3, 0x10)
r2 = syz_genetlink_get_family_id$tipc(&(0x7f0000000180)='TIPC\x00')
sendmsg$TIPC_CMD_DISABLE_BEARER(r1, &(0x7f0000000240)={&(0x7f0000000140)={0x10, 0x0, 0x0, 0x20000}, 0xc, &(0x7f0000000200)={&(0x7f00000001c0)={0x2c, r2, 0x100, 0x70bd25, 0x25dfdbfe, {{}, {}, {0x10, 0x13, @udp='udp:syz2\x00'}}, ["", ""]}, 0x2c}, 0x1, 0x0, 0x0, 0xc084}, 0x10000)
ioctl$SG_GET_VERSION_NUM(0xffffffffffffffff, 0x2282, &(0x7f0000000100))

17:09:53 executing program 8:
r0 = getpid()
pipe2(&(0x7f0000000080)={<r1=>0xffffffffffffffff, <r2=>0xffffffffffffffff}, 0x0)
fstat(r1, &(0x7f0000001400)={0x0, 0x0, 0x0, 0x0, <r3=>0x0})
fstat(0x1, &(0x7f00000001ca)={0x0, 0x0, 0x0, 0x0, <r4=>0x0})
sendmsg$NBD_CMD_CONNECT(r2, &(0x7f0000000140)={&(0x7f0000000040)={0x10, 0x0, 0x0, 0x8400}, 0xc, &(0x7f0000000100)={&(0x7f00000000c0)={0x20, 0x0, 0x100, 0x70bd2a, 0x25dfdbfb, {}, [@NBD_ATTR_TIMEOUT={0xc, 0x4, 0x7}]}, 0x20}, 0x1, 0x0, 0x0, 0x20000000}, 0x40)
setresuid(r4, r3, 0xffffffffffffffff)
getsockopt$IPT_SO_GET_ENTRIES(0xffffffffffffffff, 0x0, 0x41, 0x0, 0x0)
r5 = socket$nl_generic(0x10, 0x3, 0x10)
r6 = dup(r5)
sendmmsg$unix(r6, &(0x7f0000000000)=[{0x0, 0x0, 0x0, 0x0, &(0x7f0000000240)=[@cred={{0x1c, 0x1, 0x2, {r0}}}], 0x20}], 0x1, 0x0)

17:09:53 executing program 10:
r0 = syz_open_dev$sg(&(0x7f0000000000)='/dev/sg#\x00', 0x0, 0x0)
r1 = getpid()
ioctl$BLKTRACESETUP(r0, 0xc0481273, &(0x7f0000000040)={[], 0x0, 0x81fa, 0xa504, 0x0, 0x0, r1})
openat$vcs(0xffffffffffffff9c, &(0x7f00000000c0)='/dev/vcs\x00', 0x4000, 0x0)
r2 = socket$nl_generic(0x10, 0x3, 0x10)
r3 = syz_genetlink_get_family_id$nl80211(&(0x7f00000000c0)='nl80211\x00')
sendmsg$NL80211_CMD_SET_BEACON(r2, &(0x7f0000000080)={0x0, 0x0, &(0x7f0000000040)={&(0x7f00000001c0)={0x1c, r3, 0x1, 0x0, 0x0, {}, [@NL80211_ATTR_IE_PROBE_RESP={0x6, 0x7f, "ca70"}]}, 0x1c}}, 0x0)
r4 = socket$inet6_tcp(0xa, 0x1, 0x0)
r5 = socket$inet6_tcp(0xa, 0x1, 0x0)
getsockopt$inet6_mreq(r5, 0x29, 0x1c, &(0x7f0000000200)={@ipv4={[], [], @multicast1}, <r6=>0x0}, &(0x7f0000000280)=0x14)
ioctl$sock_inet6_SIOCADDRT(r4, 0x890b, &(0x7f0000000040)={@ipv4={[], [], @multicast1}, @dev={0xfe, 0x80, [], 0x22}, @mcast2, 0x0, 0x9, 0x0, 0x0, 0x0, 0x84060200, r6})

17:09:53 executing program 7:
r0 = syz_open_dev$loop(&(0x7f00000000c0)='/dev/loop#\x00', 0x0, 0x2)
ioctl$BLKZEROOUT(r0, 0x127f, &(0x7f0000000100)={0x1, 0x3})

17:09:53 executing program 9:
r0 = syz_open_dev$loop(&(0x7f00000000c0)='/dev/loop#\x00', 0x0, 0x2)
open(&(0x7f0000000000)='file\x00', 0x42, 0x0)
r1 = socket$inet(0x2, 0x2, 0x0)
getsockopt$IPT_SO_GET_ENTRIES(r1, 0x0, 0x41, &(0x7f0000000200)={'nat\x00', 0x4, "bc143688"}, &(0x7f0000000000)=0x28)
fcntl$setstatus(r1, 0x4, 0x20000)
r2 = open(&(0x7f0000000000)='file\x00', 0x42, 0x115)
fcntl$setstatus(r2, 0x4, 0x6ed31b2276b7d0f2)
ioctl$BLKZEROOUT(r0, 0x127f, 0x0)

17:09:53 executing program 3:
r0 = syz_open_dev$vcsa(&(0x7f0000000000)='/dev/vcsa#\x00', 0x2, 0x2)
poll(&(0x7f0000000100), 0x0, 0x0)
write$binfmt_elf64(r0, &(0x7f00000000c0)=ANY=[@ANYBLOB='\x00'], 0x1)

17:09:53 executing program 5:
r0 = syz_open_dev$evdev(&(0x7f00000000c0)='/dev/input/event#\x00', 0x1, 0x0)
r1 = open(&(0x7f0000000000)='file\x00', 0x42, 0x0)
ioctl$EVIOCGMASK(r0, 0x80104592, &(0x7f0000000440)={0x11, 0xd, &(0x7f0000000400)="58b96e4d5bf18902307b086faa"})
fcntl$setstatus(r1, 0x4, 0x6ed31b2276b7d0f2)
ioctl$SNDRV_SEQ_IOCTL_SET_QUEUE_TEMPO(r1, 0x402c5342, &(0x7f0000000000)={0x1, 0x3, 0x1000, {0xff, 0x7}, 0x5, 0xdf})
r2 = open(&(0x7f0000000000)='file\x00', 0x42, 0x0)
fcntl$setstatus(r2, 0x4, 0x6ed31b2276b7d0f2)
r3 = accept4(0xffffffffffffffff, &(0x7f00000000c0)=@xdp, &(0x7f0000000140)=0x80, 0x800)
r4 = syz_genetlink_get_family_id$netlbl_mgmt(&(0x7f00000001c0)='NLBL_MGMT\x00')
sendmsg$NLBL_MGMT_C_ADDDEF(r3, &(0x7f00000002c0)={&(0x7f0000000180)={0x10, 0x0, 0x0, 0x3}, 0xc, &(0x7f0000000280)={&(0x7f0000000200)={0x68, r4, 0x300, 0x70bd2a, 0x25dfdbfe, {}, [@NLBL_MGMT_A_FAMILY={0x6, 0xb, 0xaa65c881769da682}, @NLBL_MGMT_A_DOMAIN={0xe, 0x1, 'security.\x00'}, @NLBL_MGMT_A_FAMILY={0x6, 0xb, 0x11}, @NLBL_MGMT_A_IPV4ADDR={0x8, 0x7, @dev={0xac, 0x14, 0x14, 0x1d}}, @NLBL_MGMT_A_IPV4ADDR={0x8, 0x7, @dev={0xac, 0x14, 0x14, 0x15}}, @NLBL_MGMT_A_CLPDOI={0x8, 0xc, 0x1}, @NLBL_MGMT_A_IPV6ADDR={0x14, 0x5, @initdev={0xfe, 0x88, [], 0x0, 0x0}}, @NLBL_MGMT_A_CLPDOI={0x8}]}, 0x68}, 0x1, 0x0, 0x0, 0xe000820}, 0x9fe01e380a2dd2be)
sendmsg$NLBL_MGMT_C_REMOVEDEF(r2, &(0x7f00000001c0)={&(0x7f0000000080), 0xc, &(0x7f0000000180)={&(0x7f0000000300)=ANY=[@ANYBLOB='(\x00\x00\x00', @ANYRES16=r4, @ANYBLOB="080028bd7000fddb3f0e78f830525b970600fe8000000000000000000000000000aac99b2f682154d04cf8bc1367f87b2e54cb1fa7e25f9061aef49cc7fc8279cd4993463baff62145bf5040fad0dd6fd7f0acadcf9244235e12e2c9dd54d59545fbe2d8e4c806dae51d9d4c2caf238068b446e10c2b52399edc3f0855c100d59367fb51362900b9c00bcc0da1b57c4f9ebe69b942f45b0f1c11c65a37806959f7f6852443b19823ca5d0dd6f8299322e43b32a70a89132bdc0069ea24e4496902f792c3dede5763f8f6b0ce829b424d976c9ebbbbf0a5a81468ec37752f4551cd87f6d95a8bb9a71172d118f40d32ae7f537766f4cfa5161c"], 0x28}, 0x1, 0x0, 0x0, 0x20000004}, 0x20005048)
ioctl$EVIOCSKEYCODE(r0, 0x40084504, &(0x7f0000000100)=[0x8001, 0x3])

17:09:53 executing program 11:
r0 = openat$ptmx(0xffffffffffffff9c, &(0x7f0000000040)='/dev/ptmx\x00', 0x0, 0x0)
r1 = socket$inet6_udp(0xa, 0x2, 0x0)
r2 = socket$inet(0x2, 0xa, 0x80)
dup3(r1, r2, 0x0)
setsockopt$inet6_int(r1, 0x29, 0x21, &(0x7f0000000080)=0x5, 0x4)
ioctl$TIOCSIG(r0, 0x40045436, 0x0)
r3 = open(&(0x7f0000000000)='file\x00', 0x42, 0x0)
fcntl$setstatus(r3, 0x4, 0x6ed31b2276b7d0f2)
write$P9_RFSYNC(r3, &(0x7f0000000000)={0x7, 0x33, 0x1}, 0x7)

17:09:53 executing program 12:
r0 = syz_open_dev$sg(&(0x7f0000000000)='/dev/sg#\x00', 0xd18, 0x10800)
ioctl$SG_SET_RESERVED_SIZE(r0, 0x2275, &(0x7f0000000100)=0x80000001)
r1 = creat(&(0x7f0000000040)='./file0\x00', 0x20)
openat$cgroup_int(r1, &(0x7f0000000080)='hugetlb.2MB.limit_in_bytes\x00', 0x2, 0x0)

17:09:53 executing program 6:
r0 = socket$nl_netfilter(0x10, 0x3, 0xc)
r1 = openat$zero(0xffffffffffffff9c, &(0x7f0000000000)='/dev/zero\x00', 0x2000, 0x0)
r2 = syz_genetlink_get_family_id$netlbl_unlabel(&(0x7f0000000080)='NLBL_UNLBL\x00')
unshare(0x8000400)
r3 = dup(0x2)
fsetxattr$trusted_overlay_opaque(r3, 0x0, 0x0, 0x0, 0x5)
sendmsg$NLBL_UNLABEL_C_LIST(r1, &(0x7f0000000140)={&(0x7f0000000040)={0x10, 0x0, 0x0, 0x200000}, 0xc, &(0x7f0000000100)={&(0x7f00000001c0)=ANY=[@ANYBLOB="dd327f08cc766a3c0000001e34e04e243738eb3adfcb048d0b30de04a93de0266cd922979b9d6b6af1923bf19a029838faf9e481fe99813e717e73beff0397e0094f1b79c1dab8516958761e5951c09c28b332ee7ad3d3db9b93b202c8d029ac558603c7a53307803ce34ea1e0d7d9c184d2ec60fd5c79355078819be596c8ea5ab19384000ab200273549c37c4faced5fecc95a120c07b5a6fdb5d27a9659d779e5a783d935cbfd2a96f06b0124ba25e7", @ANYRES16=r2, @ANYBLOB="100d27bd7000fbdbdf2502000000140006006970365f767469300000000000000000140006006e657464657673696d30000000000000"], 0x3c}, 0x1, 0x0, 0x0, 0x200098a0}, 0x40)
r4 = syz_genetlink_get_family_id$nl80211(&(0x7f0000000180)='nl80211\x00')
sendmsg$NL80211_CMD_GET_REG(r0, &(0x7f0000000340)={&(0x7f00000000c0)={0x10, 0x0, 0x0, 0xa40000}, 0xc, &(0x7f0000000300)={&(0x7f00000002c0)={0x14, r4, 0x200, 0x70bd2a, 0x25dfdbfe}, 0x14}, 0x1, 0x0, 0x0, 0x1}, 0x80)
setsockopt$netlink_NETLINK_ADD_MEMBERSHIP(r0, 0x10e, 0x1, &(0x7f0000000580)=0x3, 0x4)

17:09:53 executing program 1:
r0 = signalfd(0xffffffffffffffff, &(0x7f00000003c0), 0x8)
fallocate(0xffffffffffffffff, 0x2a, 0x9, 0x0)
read(r0, &(0x7f0000000400)=""/248, 0xf8)
r1 = socket$inet(0x2, 0x2, 0x0)
getsockopt$IPT_SO_GET_ENTRIES(r1, 0x0, 0x41, &(0x7f0000000200)=ANY=[@ANYBLOB="6e617400000000000000000000000000000000000004000000bc143688e8286f5e3508cf9b919641"], &(0x7f0000000000)=0x1)
ioctl$sock_netdev_private(r1, 0x89fa, &(0x7f0000000040)="ef4a2ffb2c098c1c7909f933b3a9fa93b6285d7fb9c13e9af002ea7e42623ea27899abac5a51e3a69727323dc0c0b766a22db14ccf64e16390de916e99ffa72a47e6253ceb06931107af720efbd97093f23cd3429cf91d9a0a930ec089602ff140673391093fcef25edab38b5f5deda8f61e6a4c1199d7a6e1d95af8e99dd47cf577e5bd3d86ffcb0c0e0defc3cb11337e31035ab284baf87c510567024d86a3a61996f3e290047916ffff5797d5a8099d5eed10d3af23e94427a02e485195271ead3c2f5247209d3913c357d720b829e21dc6")
r2 = signalfd4(r0, &(0x7f0000000000), 0x8, 0x0)
fsetxattr$security_ima(r2, 0x0, 0x0, 0x0, 0x0)

17:09:53 executing program 15:
r0 = syz_open_dev$vcsa(&(0x7f0000000000)='/dev/vcsa#\x00', 0x1f, 0x2)
write$P9_RLOCK(r0, &(0x7f0000000480)={0x8, 0x35, 0x1}, 0x8)
fcntl$getown(r0, 0x9)

17:09:53 executing program 2:
r0 = syz_open_dev$loop(&(0x7f00000000c0)='/dev/loop#\x00', 0x0, 0x802)
r1 = open(&(0x7f0000000000)='file\x00', 0x42, 0x0)
fcntl$setstatus(r1, 0x4, 0x6ed31b2276b7d0f2)
r2 = socket$nl_generic(0x10, 0x3, 0x10)
r3 = syz_genetlink_get_family_id$nl80211(&(0x7f00000000c0)='nl80211\x00')
sendmsg$NL80211_CMD_SET_BEACON(r2, &(0x7f0000000080)={0x0, 0x0, &(0x7f0000000040)={&(0x7f00000001c0)={0x1c, r3, 0x1, 0x0, 0x0, {}, [@NL80211_ATTR_IE_PROBE_RESP={0x6, 0x7f, "ca70"}]}, 0x1c}}, 0x0)
r4 = socket$inet6_tcp(0xa, 0x1, 0x0)
r5 = socket$inet6_tcp(0xa, 0x1, 0x0)
getsockopt$inet6_mreq(r5, 0x29, 0x1c, &(0x7f0000000200)={@ipv4={[], [], @multicast1}, <r6=>0x0}, &(0x7f0000000280)=0x14)
ioctl$sock_inet6_SIOCADDRT(r4, 0x890b, &(0x7f0000000040)={@ipv4={[], [], @multicast1}, @dev={0xfe, 0x80, [], 0x22}, @mcast2, 0x0, 0x9, 0x0, 0x0, 0x0, 0x84060200, r6})
sendmsg$NL80211_CMD_NEW_INTERFACE(r1, &(0x7f0000000180)={&(0x7f0000000000)={0x10, 0x0, 0x0, 0x1010000}, 0xc, &(0x7f0000000140)={&(0x7f0000000040)=ANY=[@ANYBLOB='\x00', @ANYRES16=r3, @ANYBLOB="01002abd7000fedbdf25070000000c00990007000000020000001400040076657468315f746f5f7465616d000000080001000200000008000300", @ANYRES32=r6, @ANYBLOB="08000100ffffffff0c00990001000000030000000c00990005000000ffffffff"], 0x64}, 0x1, 0x0, 0x0, 0x8000}, 0x20000000)
ioctl$BLKZEROOUT(r0, 0x127f, &(0x7f0000000100))

17:09:53 executing program 0:
syz_open_dev$vcsa(&(0x7f0000000000)='/dev/vcsa#\x00', 0x4, 0x200a02)
r0 = open(&(0x7f0000000000)='file\x00', 0x42, 0x0)
fcntl$setstatus(r0, 0x4, 0x6ed31b2276b7d0f2)
r1 = syz_genetlink_get_family_id$netlbl_cipso(&(0x7f0000000140)='NLBL_CIPSOv4\x00')
sendmsg$NLBL_CIPSOV4_C_ADD(r0, &(0x7f0000000240)={&(0x7f0000000100), 0xc, &(0x7f0000000200)={&(0x7f0000000180)=ANY=[@ANYBLOB='\x00\x00\x00\x00', @ANYRES16=r1, @ANYBLOB="020028bd7000fddbdf25010000000c0004000500030003000000500008004c000700080006006a0000000800060078000000080006008d000000080006003d0000000800050055eb52120800050005fa243f0800050042bee81e08000500aee20a1d080006003300000008000100010000000800010000000000"], 0x80}, 0x1, 0x0, 0x0, 0x40040084}, 0x4000)
r2 = getpgid(0xffffffffffffffff)
ptrace$getenv(0x4201, r2, 0x100, &(0x7f00000003c0))
getsockopt$IPT_SO_GET_ENTRIES(0xffffffffffffffff, 0x0, 0x41, &(0x7f0000000200)=ANY=[@ANYBLOB="6e6174000000000000000000000065d89a5f000000000000900d00000000524de8c5902557c98d1e"], &(0x7f0000000000)=0x28)
pwrite64(0xffffffffffffffff, &(0x7f0000000280)="e70128ee48937e479a010e51867023d82345b4722181a417f73ef9af3f24123b67b50fe0488b562235c07aaf5d8d0c33918ca5c590e68570a971aaa00d9be0e4ef6b94e975af415ae82285472d24709e5a37f0a4dc0b6039e34c72752356f62647f4192660c3bfde9182bb17a80dd2c5c843a89b4f374176a95dc812186df5efa6c8887ae6a289dea0d9cf3122f44695b1fbb61ac9fce3b3ac7bd2932e551479115f93c7b3cf6a9d8c7a6cf2821bb14e1e6c3ff7e48fd769442a1db6b72498c878bc34a0f0472c81aebb9be1a490697b4a32dca8e81387e07e01c65b", 0xdc, 0x7ff)
r3 = socket$inet(0x2, 0x2, 0x0)
getsockopt$IPT_SO_GET_ENTRIES(r3, 0x0, 0x41, &(0x7f0000000200)={'nat\x00', 0x4, "bc143688"}, &(0x7f0000000000)=0x28)
setsockopt$inet_tcp_TCP_MD5SIG(r3, 0x6, 0xe, &(0x7f0000000480)={@in6={{0xa, 0x4e23, 0x1ff, @rand_addr="410491c106122aa6d55d31674c242ed9", 0x1}}, 0x0, 0x0, 0x4a, 0x0, "df09d91af886b19814c79a4d18d49efc4474cfc152cac57682d35fbf0f34a379a339af52380f87bf84fa820fdf2c94992f75a74ef9c697aa0cb435498c83ad153debc4c0168ce60079e60d4994ccdf7f"}, 0xd8)
r4 = open(&(0x7f0000000000)='file\x00', 0x42, 0x0)
fcntl$setstatus(r4, 0x4, 0x6ed31b2276b7d0f2)
ioctl$PTP_PIN_SETFUNC2(r4, 0x40603d10, &(0x7f0000000400)={[], 0x0, 0x3, 0x1})
syz_mount_image$iso9660(&(0x7f0000000080)='iso9660\x00', &(0x7f00000000c0)='file\x00', 0x0, 0x0, 0x0, 0x0, &(0x7f0000000380)=ANY=[@ANYBLOB='map=normal,gid=', @ANYRESHEX, @ANYBLOB="14"])

17:09:53 executing program 9:
r0 = syz_open_dev$loop(&(0x7f0000000040)='/dev/loop#\x00', 0x4, 0x298e80)
ioctl$BLKZEROOUT(r0, 0x127f, 0x0)

[  162.021475] debugfs: File 'dropped' in directory 'sg0' already present!
17:09:53 executing program 6:
r0 = socket$nl_netfilter(0x10, 0x3, 0xc)
setsockopt$netlink_NETLINK_ADD_MEMBERSHIP(r0, 0x10e, 0x1, &(0x7f0000000000)=0x3, 0xc)
r1 = syz_open_dev$tty20(0xc, 0x4, 0x1)
ioctl$KDSKBENT(r1, 0x4b47, 0x0)
ioctl$VT_RESIZEX(r1, 0x560a, &(0x7f0000000040)={0xbcd4, 0x1000, 0x5, 0x20, 0x200, 0x4})
r2 = socket$inet(0x2, 0x2, 0x0)
getsockopt$IPT_SO_GET_ENTRIES(r2, 0x0, 0x41, &(0x7f0000000200)={'nat\x00', 0x4, "bc143688"}, &(0x7f0000000000)=0x28)
ioctl$sock_TIOCOUTQ(r2, 0x5411, &(0x7f0000000080))

[  162.033547] debugfs: File 'msg' in directory 'sg0' already present!
17:09:53 executing program 4:
r0 = signalfd(0xffffffffffffffff, &(0x7f00000003c0), 0x8)
r1 = openat$autofs(0xffffffffffffff9c, &(0x7f0000000040)='/dev/autofs\x00', 0x400800, 0x0)
r2 = socket$inet(0x2, 0x2, 0x0)
getsockopt$IPT_SO_GET_ENTRIES(r2, 0x0, 0x41, &(0x7f0000000200)={'nat\x00', 0x4, "bc143688"}, &(0x7f0000000000)=0x28)
r3 = socket$inet(0x2, 0x2, 0x0)
getsockopt$IPT_SO_GET_ENTRIES(r3, 0x0, 0x41, &(0x7f0000000200)={'nat\x00', 0x4, "bc143688"}, &(0x7f0000000000)=0x28)
ioctl$FIDEDUPERANGE(r0, 0xc0189436, &(0x7f0000000080)={0xffffffff, 0xdee, 0x5, 0x0, 0x0, [{{r1}, 0x8680ac6}, {{r0}, 0x2}, {{r2}, 0xffffffffffffffe0}, {{r0}, 0x5166}, {{r3}, 0x2}]})
signalfd4(r0, &(0x7f0000000000), 0x8, 0x0)

17:09:53 executing program 7:
r0 = openat$hpet(0xffffffffffffff9c, &(0x7f0000000000)='/dev/hpet\x00', 0x101000, 0x0)
getsockopt$inet_mreqsrc(r0, 0x0, 0x6cde033a693a0e24, &(0x7f0000000040)={@loopback, @broadcast, @remote}, &(0x7f0000000080)=0xc)
r1 = syz_open_dev$loop(&(0x7f00000000c0)='/dev/loop#\x00', 0x10003, 0x48c6c0)
ioctl$BLKZEROOUT(r1, 0x127f, &(0x7f0000000100)={0x0, 0x1})

17:09:53 executing program 8:
r0 = getpid()
pipe2(&(0x7f0000000080)={<r1=>0xffffffffffffffff, <r2=>0xffffffffffffffff}, 0x0)
fstat(r1, &(0x7f0000001400)={0x0, 0x0, 0x0, 0x0, <r3=>0x0})
fstat(0x1, &(0x7f00000001ca)={0x0, 0x0, 0x0, 0x0, <r4=>0x0})
r5 = syz_genetlink_get_family_id$ipvs(&(0x7f00000000c0)='IPVS\x00')
sendmsg$IPVS_CMD_GET_SERVICE(r2, &(0x7f00000002c0)={&(0x7f0000000040)={0x10, 0x0, 0x0, 0x10450000}, 0xc, &(0x7f0000000280)={&(0x7f0000000100)={0xa8, r5, 0x400, 0x70bd27, 0x25dfdbfd, {}, [@IPVS_CMD_ATTR_SERVICE={0x58, 0x1, [@IPVS_SVC_ATTR_AF={0x6}, @IPVS_SVC_ATTR_TIMEOUT={0x8, 0x8, 0x1f}, @IPVS_SVC_ATTR_PE_NAME={0x8, 0xb, 'sip\x00'}, @IPVS_SVC_ATTR_PE_NAME={0x8, 0xb, 'sip\x00'}, @IPVS_SVC_ATTR_FLAGS={0xc, 0x7, {0x1a, 0x1}}, @IPVS_SVC_ATTR_NETMASK={0x8, 0x9, 0x1f}, @IPVS_SVC_ATTR_NETMASK={0x8, 0x9, 0x5c}, @IPVS_SVC_ATTR_PORT={0x6, 0x4, 0x4e20}, @IPVS_SVC_ATTR_NETMASK={0x8, 0x9, 0x70}, @IPVS_SVC_ATTR_TIMEOUT={0x8, 0x8, 0x400}]}, @IPVS_CMD_ATTR_SERVICE={0x4}, @IPVS_CMD_ATTR_SERVICE={0x30, 0x1, [@IPVS_SVC_ATTR_ADDR={0x14, 0x3, @ipv4=@local}, @IPVS_SVC_ATTR_FWMARK={0x8, 0x5, 0x2}, @IPVS_SVC_ATTR_FWMARK={0x8, 0x5, 0x4}, @IPVS_SVC_ATTR_PROTOCOL={0x6, 0x2, 0x3a}]}, @IPVS_CMD_ATTR_TIMEOUT_TCP={0x8, 0x4, 0x7}]}, 0xa8}, 0x1, 0x0, 0x0, 0x24040000}, 0x20000003)
setresuid(r4, r3, 0xffffffffffffffff)
getsockopt$IPT_SO_GET_ENTRIES(0xffffffffffffffff, 0x0, 0x41, 0x0, 0x0)
r6 = socket$nl_generic(0x10, 0x3, 0x10)
r7 = dup(r6)
r8 = socket$inet(0x2, 0x2, 0x0)
getsockopt$IPT_SO_GET_ENTRIES(r8, 0x0, 0x41, &(0x7f0000000200)={'nat\x00', 0x4, "bc143688"}, &(0x7f0000000000)=0x28)
ioctl$EXT4_IOC_MOVE_EXT(r6, 0xc028660f, &(0x7f0000000340)={0x0, r6, 0x0, 0xb5, 0x3ff, 0xffff})
poll(&(0x7f0000000300)=[{r8, 0x2}, {r7, 0x400}], 0x0, 0x7fffffff)
sendmmsg$unix(r7, &(0x7f0000000000)=[{0x0, 0x0, 0x0, 0x0, &(0x7f0000000240)=[@cred={{0x1c, 0x1, 0x2, {r0}}}], 0x20}], 0x1, 0x0)

[  162.064296] debugfs: File 'trace0' in directory 'sg0' already present!
17:09:53 executing program 9:
syz_genetlink_get_family_id$tipc(&(0x7f0000000000)='TIPC\x00')
r0 = syz_open_dev$loop(&(0x7f00000000c0)='/dev/loop#\x00', 0x0, 0x2)
ioctl$BLKZEROOUT(r0, 0x127f, 0x0)
r1 = openat$zero(0xffffffffffffff9c, &(0x7f0000000100)='/dev/zero\x00', 0x200000, 0x0)
setsockopt$packet_drop_memb(r1, 0x107, 0x2, &(0x7f0000000140)={0x0, 0x1, 0x6, @broadcast}, 0x10)

17:09:53 executing program 5:
r0 = syz_open_dev$evdev(&(0x7f00000000c0)='/dev/input/event#\x00', 0x1, 0x0)
ioctl$EVIOCSKEYCODE(r0, 0x40084504, &(0x7f0000000100)=[0x1])
r1 = socket$inet(0x2, 0x2, 0x0)
getsockopt$IPT_SO_GET_ENTRIES(r1, 0x0, 0x41, &(0x7f0000000200)={'nat\x00', 0x4, "bc143688"}, &(0x7f0000000000)=0x28)
ioctl$FS_IOC_REMOVE_ENCRYPTION_KEY_ALL_USERS(r1, 0xc0406619, &(0x7f0000000000)={{0x6, 0x0, @identifier="8ecd50b910824ef4a37b9bdc8539d1be"}})
r2 = socket$packet(0x11, 0x2, 0x300)
setsockopt$packet_tx_ring(r2, 0x107, 0xd, &(0x7f0000000040)=@req3={0x0, 0x1ff, 0xffffffc0, 0x101, 0x80, 0x8000, 0x7ff}, 0x1c)

[  162.085206] debugfs: File 'dropped' in directory 'sg0' already present!
[  162.086806] debugfs: File 'msg' in directory 'sg0' already present!
17:09:54 executing program 2:
r0 = syz_open_dev$loop(&(0x7f00000000c0)='/dev/loop#\x00', 0x3, 0x2)
ioctl$BLKZEROOUT(r0, 0x127f, &(0x7f0000000100)={0xfff})
openat$ttyS3(0xffffffffffffff9c, &(0x7f0000000000)='/dev/ttyS3\x00', 0x0, 0x0)
r1 = socket$inet6_icmp(0xa, 0x2, 0x3a)
flock(r1, 0x8)

17:09:54 executing program 3:
r0 = syz_open_dev$vcsa(&(0x7f0000000000)='/dev/vcsa#\x00', 0x1f, 0x2)
poll(&(0x7f0000000100)=[{r0, 0x1}], 0x1, 0x0)
write$binfmt_elf64(r0, &(0x7f00000000c0)=ANY=[@ANYBLOB="7f"], 0x1)
r1 = socket$inet(0x2, 0x2, 0x0)
r2 = open(&(0x7f0000000000)='file\x00', 0x42, 0x0)
fcntl$setstatus(r2, 0x4, 0x6ed31b2276b7d0f2)
r3 = syz_open_dev$tty20(0xc, 0x4, 0x1)
ioctl$KDSKBENT(r3, 0x4b47, 0x0)
ioctl$GIO_FONTX(r3, 0x4b6b, &(0x7f0000000580)={0x1b7, 0x1c, &(0x7f0000000180)})
faccessat(r2, &(0x7f0000000080)='./file0\x00', 0x104, 0xc6f65053c22c677d)
getsockopt$IPT_SO_GET_ENTRIES(r1, 0x0, 0x41, &(0x7f0000000140)=ANY=[@ANYBLOB="ebf30acb8df3fdb8bf7acc6e6174b7a9e07d47574f6c030000008100000000000600000000000000"], &(0x7f0000000000)=0x28)
ioctl$EXT4_IOC_SETFLAGS(r1, 0x40086602, &(0x7f0000000040)=0x30000)

17:09:54 executing program 15:
r0 = syz_open_dev$vcsa(&(0x7f0000000000)='/dev/vcsa#\x00', 0x4, 0x2)
ioctl$PTP_SYS_OFFSET_PRECISE(r0, 0xc0403d08, &(0x7f0000000040))

17:09:54 executing program 7:
setsockopt$inet6_tcp_TCP_REPAIR_OPTIONS(0xffffffffffffffff, 0x6, 0x16, &(0x7f0000000000)=[@mss={0x2, 0xfff}, @sack_perm, @timestamp, @mss={0x2, 0x8000}, @window={0x3, 0xcf, 0x7f}, @window={0x3, 0xf5, 0x1}, @window={0x3, 0xfff8, 0x1}, @sack_perm, @sack_perm], 0x9)
r0 = syz_open_dev$loop(&(0x7f00000000c0)='/dev/loop#\x00', 0x0, 0x2)
r1 = gettid()
pidfd_open(r1, 0x0)
r2 = pkey_alloc(0x0, 0x3)
pkey_free(r2)
ioprio_get$pid(0x3, r1)
ioctl$BLKZEROOUT(r0, 0x127f, &(0x7f0000000100)={0x0, 0x1})

17:09:54 executing program 0:
syz_mount_image$iso9660(&(0x7f0000000080)='iso9660\x00', &(0x7f00000000c0)='file\x00', 0x0, 0x0, 0x0, 0x0, &(0x7f0000000000)=ANY=[@ANYBLOB="616c2c5de3ffffffffffffff00000000000000", @ANYRESHEX, @ANYBLOB='0'])

17:09:54 executing program 12:
r0 = syz_open_dev$sg(&(0x7f0000000000)='/dev/sg#\x00', 0x0, 0x0)
ioctl$SG_SET_RESERVED_SIZE(r0, 0x2275, &(0x7f0000000100)=0x80000001)
r1 = socket$inet6(0xa, 0x8, 0xe0)
accept4$packet(0xffffffffffffffff, &(0x7f0000000040)={0x11, 0x0, <r2=>0x0}, &(0x7f0000000080)=0x14, 0x81000)
r3 = socket$inet(0x2, 0x2, 0x0)
getsockopt$IPT_SO_GET_ENTRIES(r3, 0x0, 0x41, &(0x7f0000000200)={'nat\x00', 0x4, "bc143688"}, &(0x7f0000000000)=0x28)
getsockopt$inet_IP_XFRM_POLICY(r3, 0x0, 0x11, &(0x7f0000000140)={{{@in6=@empty, @in6=@mcast2, 0x0, 0x0, 0x0, 0x0, 0x0, 0x0, 0x0, 0x0, 0x0, <r4=>0x0}}, {{@in=@multicast1}, 0x0, @in6=@initdev}}, &(0x7f00000000c0)=0xe8)
setsockopt$inet6_IPV6_XFRM_POLICY(r1, 0x29, 0x23, &(0x7f0000000240)={{{@in=@multicast1, @in=@multicast2, 0x4e21, 0x1, 0x4e24, 0xe525, 0x8, 0x80, 0x0, 0x2e, r2, r4}, {0x4b, 0x9, 0x1ff, 0x1f, 0x4, 0x2, 0x2, 0x1}, {0x9547, 0xd7, 0x5, 0x80000001}, 0x8, 0x6e6bb8, 0x1, 0x0, 0x7, 0x2}, {{@in=@initdev={0xac, 0x1e, 0x1, 0x0}, 0x4d5, 0x33}, 0xa, @in6=@local, 0x3502, 0x1, 0x3, 0x8, 0x10000, 0x512044bf, 0x7fffffff}}, 0xe8)

17:09:54 executing program 15:
r0 = syz_open_dev$vcsa(&(0x7f0000000000)='/dev/vcsa#\x00', 0x1f, 0x2)
write$P9_RLOCK(r0, &(0x7f0000000480)={0x8, 0x35, 0x1}, 0x8)
setsockopt$inet_tcp_TCP_FASTOPEN_KEY(r0, 0x6, 0x21, &(0x7f0000000040)="df2abfbde2f3381b0c91ee2881a68718", 0x10)

17:09:54 executing program 11:
r0 = openat$ptmx(0xffffffffffffff9c, &(0x7f00000000c0)='/dev/ptmx\x00', 0x0, 0x0)
ioctl$TIOCSSOFTCAR(r0, 0x541a, &(0x7f0000000000)=0x400)
ioctl$TIOCSIG(r0, 0x40045436, 0x0)

17:09:54 executing program 2:
r0 = syz_open_dev$loop(&(0x7f0000000000)='/dev/loop#\x00', 0x1000000000000100, 0x6cc383)
r1 = open(&(0x7f0000000000)='file\x00', 0x42, 0x0)
fcntl$setstatus(r1, 0x4, 0x6ed31b2276b7d0f2)
ioctl$BLKROSET(r1, 0x125d, &(0x7f0000000040)=0x7)
modify_ldt$read_default(0x2, &(0x7f0000000080)=""/115, 0x73)
ioctl$BLKZEROOUT(r0, 0x127f, &(0x7f0000000100))

[  163.020355] Out of memory: Killed process 32045 (syz-executor.10) total-vm:72844kB, anon-rss:168kB, file-rss:34816kB, shmem-rss:0kB, UID:0 pgtables:132kB oom_score_adj:1000
[  163.023905] oom_reaper: reaped process 32045 (syz-executor.10), now anon-rss:0kB, file-rss:34816kB, shmem-rss:0kB
[  163.026569] Out of memory: Killed process 32023 (syz-executor.13) total-vm:72844kB, anon-rss:160kB, file-rss:34784kB, shmem-rss:0kB, UID:0 pgtables:132kB oom_score_adj:1000
[  163.030848] oom_reaper: reaped process 32023 (syz-executor.13), now anon-rss:0kB, file-rss:34784kB, shmem-rss:0kB
[  163.074734] Out of memory: Killed process 12738 (syz-executor.14) total-vm:72712kB, anon-rss:160kB, file-rss:34688kB, shmem-rss:0kB, UID:0 pgtables:124kB oom_score_adj:1000
[  163.078891] Out of memory: Killed process 11021 (syz-executor.3) total-vm:72580kB, anon-rss:152kB, file-rss:34688kB, shmem-rss:0kB, UID:0 pgtables:132kB oom_score_adj:1000
[  163.084441] Out of memory: Killed process 10247 (syz-executor.10) total-vm:74112kB, anon-rss:156kB, file-rss:34688kB, shmem-rss:0kB, UID:0 pgtables:128kB oom_score_adj:1000
[  163.170912] Out of memory: Killed process 15218 (syz-executor.0) total-vm:72712kB, anon-rss:160kB, file-rss:34688kB, shmem-rss:0kB, UID:0 pgtables:120kB oom_score_adj:1000
[  163.177981] Out of memory: Killed process 12519 (syz-executor.2) total-vm:72580kB, anon-rss:156kB, file-rss:34688kB, shmem-rss:0kB, UID:0 pgtables:124kB oom_score_adj:1000
[  163.181407] Out of memory: Killed process 12116 (syz-executor.0) total-vm:72712kB, anon-rss:160kB, file-rss:34688kB, shmem-rss:0kB, UID:0 pgtables:120kB oom_score_adj:1000
[  163.184688] oom_reaper: reaped process 12116 (syz-executor.0), now anon-rss:0kB, file-rss:34816kB, shmem-rss:0kB
[  163.186892] Out of memory: Killed process 12037 (syz-executor.2) total-vm:72580kB, anon-rss:156kB, file-rss:34688kB, shmem-rss:0kB, UID:0 pgtables:124kB oom_score_adj:1000
[  163.196491] Out of memory: Killed process 11656 (syz-executor.0) total-vm:72712kB, anon-rss:160kB, file-rss:34688kB, shmem-rss:0kB, UID:0 pgtables:120kB oom_score_adj:1000
[  163.199949] oom_reaper: reaped process 11656 (syz-executor.0), now anon-rss:0kB, file-rss:34688kB, shmem-rss:0kB
[  163.255396] modprobe (32154) used greatest stack depth: 25248 bytes left
17:09:55 executing program 1:
r0 = signalfd(0xffffffffffffffff, &(0x7f00000003c0), 0x8)
read(r0, &(0x7f0000000240)=""/251, 0xfb)
signalfd4(r0, &(0x7f0000000000), 0x8, 0x0)
fsetxattr$security_ima(0xffffffffffffffff, 0x0, 0x0, 0x0, 0x0)

17:09:55 executing program 13:
r0 = syz_open_dev$sg(&(0x7f0000000000)='/dev/sg#\x00', 0x0, 0x0)
r1 = gettid()
pidfd_open(r1, 0x0)
ioctl$BLKTRACESETUP(r0, 0xc0481273, &(0x7f0000000040)={[], 0x0, 0x9, 0xe504, 0x0, 0x0, r1})

17:09:55 executing program 15:
r0 = syz_open_dev$vcsa(&(0x7f0000000000)='/dev/vcsa#\x00', 0x1f, 0x2)
write$P9_RLOCK(r0, &(0x7f0000000480)={0x8, 0x35, 0x1}, 0x8)
syz_open_dev$rtc(&(0x7f0000000040)='/dev/rtc#\x00', 0x7, 0x400000)
r1 = socket$inet6_tcp(0xa, 0x1, 0x0)
r2 = socket$inet6_tcp(0xa, 0x1, 0x0)
getsockopt$inet6_mreq(r2, 0x29, 0x1c, &(0x7f0000000200)={@ipv4={[], [], @multicast1}, <r3=>0x0}, &(0x7f0000000280)=0x14)
ioctl$sock_inet6_SIOCADDRT(r1, 0x890b, &(0x7f0000000040)={@ipv4={[], [], @multicast1}, @dev={0xfe, 0x80, [], 0x22}, @mcast2, 0x0, 0x9, 0x0, 0x0, 0x0, 0x84060200, r3})
r4 = gettid()
pidfd_open(r4, 0x0)
ptrace$peeksig(0x4209, r4, &(0x7f00000000c0)={0x3, 0x0, 0x1}, &(0x7f0000000640)=[{}])
sendmmsg$inet6(0xffffffffffffffff, &(0x7f00000004c0)=[{{0x0, 0x0, &(0x7f0000000200)=[{&(0x7f0000000540)="0ddda246207a2c8bedcb5d162d20875f3030b48950114684f73454b387178e6d1c634f12b01373c3d8c2940f7657b2269993672313452f376d91c5c6ea2b288aac5ad5c996b79543eefa98c37f810a553fadda00006a80431ade204efea775c6b7c9b8551489110b0e70ac52a58fdcd0c714fa95700153d5835a9ba6ab3d7c1d24188ddeabbd40e70fe73fcaec09c3eca83b181f9140286b42c0d0f10709380a9ca379049d6ca2943cb1177d1eb53200197740f79b834da2841f4436617bb9a54096728eabe993d3ee7fa3947684b24a517de8c8a67f5c06a1cdab9b808a63e5518acbf1dc50f98625b725c669c1b9057fff", 0xf2}, {&(0x7f0000000100)="fb6330d589a6bbcb8b1480fd41eec58c0c5cbf4a235cdfb9c837f9ef2f6e9d149d7d8cad8ae48fba6939dcaee07c28d1b5dcaf1ea7ace4905876c653f5be429f8ba85dd3e3392593b3d14446f96cd6e387a7e418a92227746285295c8d11f6f9a897f25c08234a770dff8b38f9988429f109047fac9b4973b40f65c1a56213bc1ad17ab60588b3a46a1926303d0442c0b490c4e7d712e578df04611bcd2d3df8059e2f301b24edcfe95365518198a3b1974eccf3a730e8a925f8dec764fe22757a9ab214bf328c2810ac6f963dbe5caa3ee03f3dd8fb5f5cebb968f8e2ff268d7feb4251", 0xe4}], 0x2, &(0x7f0000000240)=[@pktinfo={{0x24, 0x29, 0x32, {@empty, r3}}}, @dstopts={{0x108, 0x29, 0x37, {0x0, 0x1d, [], [@hao={0xc9, 0x10, @remote}, @ra={0x5, 0x2, 0x5}, @enc_lim={0x4, 0x1, 0x7f}, @pad1, @calipso={0x7, 0x20, {0x0, 0x6, 0x8, 0x7, [0x2, 0x912, 0x100]}}, @generic={0x78, 0xa9, "d33d384ef72d2d8226be6151f363b6bdc0d20dea7b906a0b053070c06d0d900004bea347c4fea46ee2adf4721dfbfea160396949d859685dea9c0ec926e4896942a72a9fc39262d4aa8d406e03748aa2d2b99712a594d5363db6aafccc21919db4f1f1074cb110b6d4da9c28ccad5268c66a85758bf428970fc7e7afc07c2581862b7aae46edeca911ade329792e01d63321216e6988a8ec679a73769e11a627d981548f55bf4f2340"}]}}}], 0x130}}, {{&(0x7f0000000380)={0xa, 0x4e25, 0x81, @ipv4={[], [], @multicast1}, 0x6}, 0x1c, &(0x7f0000000400)=[{&(0x7f00000003c0)="77f4494df28fbefe27c020ef2f1b99b464c219b6bc554a092023a0798a06fcdefd543bc768bcfc62", 0x28}], 0x1, &(0x7f0000000440)=[@dontfrag={{0x14, 0x29, 0x3e, 0x1}}, @dontfrag={{0x14, 0x29, 0x3e, 0x1}}], 0x30}}], 0x2, 0x404c000)

17:09:55 executing program 6:
r0 = openat$null(0xffffffffffffff9c, &(0x7f0000000340)='/dev/null\x00', 0x212800, 0x0)
setsockopt$netlink_NETLINK_ADD_MEMBERSHIP(r0, 0x10e, 0x1, &(0x7f0000000000)=0x10003, 0x4)
write$P9_RFSYNC(r0, &(0x7f00000002c0)={0x7, 0x33, 0x1}, 0x7)
getsockopt$inet_udp_int(r0, 0x11, 0xb, &(0x7f0000000480), &(0x7f00000004c0)=0x4)
r1 = open(&(0x7f0000000000)='file\x00', 0x42, 0x0)
fcntl$setstatus(r1, 0x4, 0x6ed31b2276b7d0f2)
write$P9_RLERROR(r1, &(0x7f0000000280)={0x13, 0x7, 0x2, {0xa, '/dev/full\x00'}}, 0x13)
syz_mount_image$nfs4(&(0x7f0000000040)='nfs4\x00', &(0x7f0000000080)='./file0\x00', 0x0, 0x1, &(0x7f00000001c0)=[{&(0x7f00000000c0)="ae8e118dd96838b87b6ea4190cbdf797a20c7adaf5690cad99f0f1762f00942e29f928d6ed8a2ce4b23d28b5a5617d673052abdf2a3b43d170de2f81e5ef81707a8e55254b78960ba316082a507a592af398edad48e7a830155947397faa8922e2f82b4df14041703245ff99c282b3a82eb7e2dae89d2a59c13516de0eb4a553533170ae46bd10ea43410b1936467b009589215446572d09b838c1e2929b988d2c67c05a30066140620f5ade52785f51a3450d3b88beffce8051af45bcc7c173bd98bb1c2dcfafe73a1add651bda129cac70ecba19bd42a946b8e32d", 0xdc, 0x7fffffff}], 0x40, &(0x7f0000000200)='user!cgrouplosystemvboxnet1\x00')
ioctl$VT_RELDISP(r0, 0x5605)
r2 = openat$full(0xffffffffffffff9c, &(0x7f0000000240)='/dev/full\x00', 0x40, 0x0)
r3 = open(&(0x7f0000000000)='file\x00', 0x42, 0x0)
r4 = open(&(0x7f0000000000)='file\x00', 0x42, 0x0)
fcntl$setstatus(r4, 0x4, 0x6ed31b2276b7d0f2)
ioctl$LOOP_SET_STATUS64(r4, 0x4c04, &(0x7f0000000380)={0x0, 0x0, 0x0, 0xa5, 0x100000000, 0x0, 0x0, 0x17, 0x0, "39f5911c55ebdd8f81c22a28aaac9aad2837d657f7634a8a10b3d27c2cc0d4833acc20b285a43beadd4b0387abdd2b084a199aeadf93fa24462c8356166c6185", "2e7dec721895bdbe7aae2bf3661594603ac272eec6505b4da183ec6c3e98002be06a9044988a198f57dbb16742d700816cc6d19955176c2e6d4576faf8b4345a", "2942124f7022c9c1eb1675382206338233a43f078f0b6cf8ad13ace4810b5250", [0x1, 0x8]})
seccomp$SECCOMP_SET_MODE_FILTER_LISTENER(0x1, 0xc, &(0x7f0000000540)={0x8, &(0x7f0000000500)=[{0x3f, 0x4, 0x4, 0x85}, {0x101, 0x80, 0x7, 0x9}, {0x2, 0x1, 0x6, 0x6}, {0x5, 0x6f, 0x2}, {0xfc54, 0x3, 0x4, 0x8}, {0x1, 0x5, 0x40, 0xfff}, {0x7, 0x4, 0x2}, {0x8001, 0xfa, 0x0, 0x4}]})
fcntl$setstatus(r3, 0x4, 0x6ed31b2276b7d0f2)
openat$cgroup_ro(r2, &(0x7f0000000300)='hugetlb.2MB.usage_in_bytes\x00', 0x0, 0x0)

17:09:55 executing program 4:
r0 = signalfd(0xffffffffffffffff, &(0x7f00000003c0), 0x8)
signalfd4(r0, &(0x7f0000000000), 0x8, 0x0)
r1 = socket$inet(0x2, 0x2, 0x0)
getsockopt$IPT_SO_GET_ENTRIES(r1, 0x0, 0x41, &(0x7f0000000200)={'nat\x00', 0x4, "bc143688"}, &(0x7f0000000000)=0x28)
r2 = socket$inet(0x2, 0x2, 0x0)
getsockopt$IPT_SO_GET_ENTRIES(r2, 0x0, 0x41, &(0x7f0000000200)={'nat\x00', 0x4, "bc143688"}, &(0x7f0000000000)=0x28)
getsockopt$EBT_SO_GET_ENTRIES(r2, 0x0, 0x81, &(0x7f0000000180)={'broute\x00', 0x0, 0x4, 0x60, [], 0x6, &(0x7f0000000080)=[{}, {}, {}, {}, {}, {}], &(0x7f0000000100)=""/96}, &(0x7f0000000240)=0x78)
ioctl$FS_IOC_GETFLAGS(r1, 0x80086601, &(0x7f0000000040))

17:09:55 executing program 14:
r0 = openat$ptmx(0xffffffffffffff9c, &(0x7f0000000040)='/dev/ptmx\x00', 0x0, 0x0)
r1 = socket$inet6_udp(0xa, 0x2, 0x0)
r2 = socket$inet(0x2, 0xa, 0x80)
dup3(r1, r2, 0x0)
setsockopt$inet6_int(r1, 0x29, 0x21, &(0x7f0000000080)=0x5, 0x4)
ioctl$TIOCSIG(r0, 0x40045436, 0x0)
r3 = open(&(0x7f0000000000)='file\x00', 0x42, 0x0)
fcntl$setstatus(r3, 0x4, 0x6ed31b2276b7d0f2)
write$P9_RFSYNC(r3, &(0x7f0000000000)={0x7, 0x33, 0x1}, 0x7)

17:09:55 executing program 0:
syz_mount_image$iso9660(&(0x7f0000000080)='iso9660\x00', &(0x7f00000000c0)='file\x00', 0x0, 0x0, 0x0, 0x0, &(0x7f0000000380)=ANY=[@ANYBLOB='map=normal,gid=', @ANYRESHEX, @ANYBLOB='4'])
r0 = open(&(0x7f0000000000)='file\x00', 0x42, 0x0)
fcntl$setstatus(r0, 0x4, 0x6ed31b2276b7d0f2)
ioctl$RNDADDTOENTCNT(r0, 0x40045201, &(0x7f0000000000)=0x7f)
r1 = syz_open_dev$rtc(&(0x7f0000000040)='/dev/rtc#\x00', 0x7f, 0x80000)
r2 = socket$inet(0x2, 0x2, 0x0)
getsockopt$IPT_SO_GET_ENTRIES(r2, 0x0, 0x41, &(0x7f0000000200)={'nat\x00', 0x4, "bc143688"}, &(0x7f0000000000)=0x28)
ioctl$sock_SIOCGPGRP(r2, 0x8904, &(0x7f0000000100)=<r3=>0x0)
getsockopt$inet_int(0xffffffffffffffff, 0x0, 0x18, &(0x7f0000000140), &(0x7f0000000180)=0x4)
r4 = open(&(0x7f0000000000)='file\x00', 0x42, 0x0)
fcntl$setstatus(r4, 0x4, 0x6ed31b2276b7d0f2)
r5 = socket$inet(0x2, 0x2, 0x0)
getsockopt$IPT_SO_GET_ENTRIES(r5, 0x0, 0x41, &(0x7f0000000200)={'nat\x00', 0x4, "bc143688"}, &(0x7f0000000000)=0x28)
getsockopt$inet_pktinfo(r5, 0x0, 0x8, &(0x7f00000002c0)={<r6=>0x0, @multicast2, @multicast2}, &(0x7f0000000300)=0xc)
setsockopt$inet_pktinfo(r2, 0x0, 0x8, &(0x7f0000000340)={r6, @loopback, @multicast2}, 0xc)
ioctl$SG_GET_NUM_WAITING(r4, 0x227d, &(0x7f00000001c0))
setsockopt$IP_VS_SO_SET_DELDEST(r0, 0x0, 0x488, &(0x7f0000000240)={{0x4, @multicast2, 0x4e63, 0x1, 'rr\x00', 0x20, 0x0, 0x18}, {@multicast1, 0x4e23, 0x2000, 0x200, 0xfffffff8, 0x5}}, 0x44)
fcntl$setown(r1, 0x8, r3)

17:09:55 executing program 10:
r0 = syz_open_dev$sg(&(0x7f0000000000)='/dev/sg#\x00', 0x0, 0x0)
r1 = getpid()
ioctl$BLKTRACESETUP(r0, 0xc0481273, &(0x7f0000000040)={[], 0x0, 0x81fa, 0xa504, 0x0, 0x0, r1})
openat$vcs(0xffffffffffffff9c, &(0x7f00000000c0)='/dev/vcs\x00', 0x4000, 0x0)
r2 = socket$nl_generic(0x10, 0x3, 0x10)
r3 = syz_genetlink_get_family_id$nl80211(&(0x7f00000000c0)='nl80211\x00')
sendmsg$NL80211_CMD_SET_BEACON(r2, &(0x7f0000000080)={0x0, 0x0, &(0x7f0000000040)={&(0x7f00000001c0)={0x1c, r3, 0x1, 0x0, 0x0, {}, [@NL80211_ATTR_IE_PROBE_RESP={0x6, 0x7f, "ca70"}]}, 0x1c}}, 0x0)
socket$inet6_tcp(0xa, 0x1, 0x0)
r4 = socket$inet6_tcp(0xa, 0x1, 0x0)
getsockopt$inet6_mreq(r4, 0x29, 0x1c, &(0x7f0000000200)={@ipv4={[], [], @multicast1}}, &(0x7f0000000280)=0x14)

17:09:55 executing program 7:
r0 = open(&(0x7f0000000011)='/lib/x86_64-linux-gnu/libc.so.6\x00', 0x80000, 0x0)
fstat(r0, &(0x7f0000000031)={0x0, 0x0, 0x0, 0x0, 0x0, <r1=>0x0})
chown(&(0x7f0000000084)='/tmp/renhvHIMk\x00', 0xffffffffffffffff, r1)
r2 = socket$inet(0x2, 0x2, 0x0)
getsockopt$IPT_SO_GET_ENTRIES(r2, 0x0, 0x41, &(0x7f0000000200)={'nat\x00', 0x4, "bc143688"}, &(0x7f0000000000)=0x28)
fsetxattr$trusted_overlay_origin(r2, &(0x7f0000000140)='trusted.overlay.origin\x00', &(0x7f0000000180)='y\x00', 0x2, 0x5)
r3 = open(&(0x7f0000000011)='/lib/x86_64-linux-gnu/libc.so.6\x00', 0x80000, 0x0)
fstat(r3, &(0x7f0000000031)={0x0, 0x0, 0x0, 0x0, 0x0, <r4=>0x0})
chown(&(0x7f0000000084)='/tmp/renhvHIMk\x00', 0xffffffffffffffff, r4)
r5 = socket$inet(0x2, 0x2, 0x0)
getsockopt$IPT_SO_GET_ENTRIES(r5, 0x0, 0x41, &(0x7f0000000200)={'nat\x00', 0x4, "bc143688"}, &(0x7f0000000000)=0x28)
getsockopt$sock_cred(r5, 0x1, 0x11, &(0x7f0000000040)={0x0, 0x0, <r6=>0x0}, &(0x7f0000000080)=0xc)
setresgid(r1, r4, r6)
r7 = syz_open_dev$loop(&(0x7f00000000c0)='/dev/loop#\x00', 0x0, 0x2)
ioctl$BLKZEROOUT(r7, 0x127f, &(0x7f0000000100)={0x0, 0x1})
r8 = socket$inet(0x2, 0x2, 0x0)
getsockopt$IPT_SO_GET_ENTRIES(r8, 0x0, 0x41, &(0x7f0000000200)={'nat\x00', 0x4, "bc143688"}, &(0x7f0000000000)=0x28)
fcntl$setstatus(r8, 0x4, 0x0)

[  163.369257] debugfs: File 'dropped' in directory 'sg0' already present!
17:09:55 executing program 11:
r0 = openat$ptmx(0xffffffffffffff9c, &(0x7f00000000c0)='/dev/ptmx\x00', 0x0, 0x0)
r1 = syz_open_dev$tty20(0xc, 0x4, 0x1)
ioctl$KDSKBENT(r1, 0x4b47, 0x0)
ioctl$TIOCCBRK(r1, 0x5428)
ioctl$TIOCSIG(r0, 0x40045436, 0x0)
r2 = socket$nl_route(0x10, 0x3, 0x0)
ioctl$ifreq_SIOCGIFINDEX_vcan(r2, 0x8933, &(0x7f0000000000)={'vcan0\x00'})

17:09:55 executing program 2:
r0 = syz_open_dev$loop(&(0x7f00000000c0)='/dev/loop#\x00', 0x0, 0x2)
ioctl$BLKZEROOUT(r0, 0x127f, &(0x7f0000000100)={0x2, 0xa})
pipe2(&(0x7f0000000080)={<r1=>0xffffffffffffffff}, 0x0)
fstat(r1, &(0x7f0000001400)={0x0, 0x0, 0x0, 0x0, <r2=>0x0})
fstat(0x1, &(0x7f00000001ca)={0x0, 0x0, 0x0, 0x0, <r3=>0x0})
setresuid(r3, r2, 0xffffffffffffffff)
pipe2(&(0x7f0000000080)={<r4=>0xffffffffffffffff}, 0x0)
fstat(r4, &(0x7f0000001400)={0x0, 0x0, 0x0, 0x0, <r5=>0x0})
fstat(0x1, &(0x7f00000001ca)={0x0, 0x0, 0x0, 0x0, <r6=>0x0})
setresuid(r6, r5, 0xffffffffffffffff)
newfstatat(0xffffffffffffff9c, &(0x7f0000000080)='./file0\x00', &(0x7f0000000140)={0x0, 0x0, 0x0, 0x0, <r7=>0x0}, 0x100)
r8 = getuid()
stat(&(0x7f00000001c0)='./file0\x00', &(0x7f0000000200)={0x0, 0x0, 0x0, 0x0, <r9=>0x0})
newfstatat(0xffffffffffffff9c, &(0x7f0000000280)='./file0\x00', &(0x7f00000002c0)={0x0, 0x0, 0x0, 0x0, <r10=>0x0}, 0x400)
getsockopt$sock_cred(0xffffffffffffffff, 0x1, 0x11, &(0x7f0000000340)={0x0, <r11=>0x0}, &(0x7f0000000380)=0xc)
pipe2(&(0x7f0000000080)={<r12=>0xffffffffffffffff}, 0x0)
fstat(r12, &(0x7f0000001400)={0x0, 0x0, 0x0, 0x0, <r13=>0x0})
fstat(0x1, &(0x7f00000001ca)={0x0, 0x0, 0x0, 0x0, <r14=>0x0})
setresuid(r14, r13, 0xffffffffffffffff)
statx(0xffffffffffffffff, &(0x7f00000003c0)='./file0\x00', 0x100, 0x40, &(0x7f0000000400)={0x0, 0x0, 0x0, 0x0, <r15=>0x0})
pipe2(&(0x7f0000000080)={<r16=>0xffffffffffffffff}, 0x0)
fstat(r16, &(0x7f0000001400)={0x0, 0x0, 0x0, 0x0, <r17=>0x0})
fstat(0x1, &(0x7f00000001ca)={0x0, 0x0, 0x0, 0x0, <r18=>0x0})
setresuid(r18, r17, 0xffffffffffffffff)
r19 = open(&(0x7f0000000011)='/lib/x86_64-linux-gnu/libc.so.6\x00', 0x80000, 0x0)
fstat(r19, &(0x7f0000000031)={0x0, 0x0, 0x0, 0x0, 0x0, <r20=>0x0})
chown(&(0x7f0000000084)='/tmp/renhvHIMk\x00', 0xffffffffffffffff, r20)
getsockopt$sock_cred(0xffffffffffffffff, 0x1, 0x11, &(0x7f0000000500)={0x0, 0x0, <r21=>0x0}, &(0x7f0000000540)=0xc)
r22 = open(&(0x7f0000000011)='/lib/x86_64-linux-gnu/libc.so.6\x00', 0x80000, 0x0)
fstat(r22, &(0x7f0000000031)={0x0, 0x0, 0x0, 0x0, 0x0, <r23=>0x0})
chown(&(0x7f0000000084)='/tmp/renhvHIMk\x00', 0xffffffffffffffff, r23)
setxattr$system_posix_acl(&(0x7f0000000000)='./file0\x00', &(0x7f0000000040)='system.posix_acl_access\x00', &(0x7f0000000580)={{}, {0x1, 0x2}, [{0x2, 0x1, r3}, {0x2, 0x0, r6}, {0x2, 0x1, r7}, {0x2, 0x4, r8}, {0x2, 0x2, r9}, {0x2, 0x5, r10}, {0x2, 0x6, r11}, {0x2, 0x1, r13}, {0x2, 0x4, r15}, {0x2, 0x2, r18}], {0x4, 0x6}, [{0x8, 0x0, r20}, {}, {0x8, 0x2, r21}, {0x8, 0x2, r23}], {0x10, 0x1}, {0x20, 0x3}}, 0x94, 0x2)

[  163.377728] debugfs: File 'msg' in directory 'sg0' already present!
[  163.382754] debugfs: File 'trace0' in directory 'sg0' already present!
17:09:55 executing program 8:
r0 = getpid()
pipe2(&(0x7f0000000080)={<r1=>0xffffffffffffffff, <r2=>0xffffffffffffffff}, 0x0)
fstat(r1, &(0x7f0000001400)={0x0, 0x0, 0x0, 0x0, <r3=>0x0})
fstat(r2, &(0x7f00000000c0)={0x0, 0x0, 0x0, 0x0, <r4=>0x0})
setresuid(r4, r3, 0xffffffffffffffff)
getsockopt$IPT_SO_GET_ENTRIES(0xffffffffffffffff, 0x0, 0x41, 0x0, 0x0)
r5 = socket$nl_generic(0x10, 0x3, 0x10)
r6 = dup(r5)
r7 = syz_genetlink_get_family_id$netlbl_mgmt(&(0x7f0000000140)='NLBL_MGMT\x00')
sendmsg$NLBL_MGMT_C_ADDDEF(0xffffffffffffffff, &(0x7f0000000200)={&(0x7f0000000040)={0x10, 0x0, 0x0, 0x100490}, 0xc, &(0x7f00000001c0)={&(0x7f0000000180)={0x24, r7, 0xa15fd8e8123d33b9, 0x70bd28, 0x25dfdbfb, {}, [@NLBL_MGMT_A_CLPDOI={0x8}, @NLBL_MGMT_A_CLPDOI={0x8, 0xc, 0x23a8b371604cf0e9}]}, 0x24}, 0x1, 0x0, 0x0, 0x4008004}, 0x40)
sendmmsg$unix(r6, &(0x7f0000000000)=[{0x0, 0x0, 0x0, 0x0, &(0x7f0000000240)=[@cred={{0x1c, 0x1, 0x2, {r0}}}], 0x20}], 0x1, 0x0)

17:09:55 executing program 3:
fcntl$addseals(0xffffffffffffffff, 0x409, 0xa)
r0 = syz_open_dev$vcsa(&(0x7f0000000000)='/dev/vcsa#\x00', 0x1f, 0x2)
r1 = socket$inet(0x2, 0x2, 0x0)
getsockopt$IPT_SO_GET_ENTRIES(r1, 0x0, 0x41, &(0x7f0000000200)={'nat\x00', 0x4, "bc143688"}, &(0x7f0000000000)=0x28)
fcntl$lock(r1, 0x6b, &(0x7f0000000140)={0x2, 0x0, 0xfffffffffffffc00, 0x5, 0xffffffffffffffff})
r2 = open(&(0x7f0000000000)='file\x00', 0x42, 0x0)
fcntl$setstatus(r2, 0x4, 0x6ed31b2276b7d0f2)
ioctl$EVIOCSABS2F(r2, 0x401845ef, &(0x7f0000000100)={0x101, 0x8000, 0x9, 0x3d, 0x3, 0xe80})
poll(&(0x7f0000000100), 0x0, 0xffffffff)
ioctl$sock_SIOCGSKNS(r0, 0x894c, &(0x7f00000000c0)=0x10001)
write$binfmt_elf64(r0, &(0x7f0000000040)=ANY=[@ANYBLOB="6d3adec0211a02e0983b357f55cdea9e5eb62ccf81980af88e877a6389aafe02f3e6b519d09606571ac3bf70b870157c52955da54081302d1fdf491496044b4ae55227425af9c9595fa473efd1535519807d38f285266c38e3b01577b7ca1b2c78b82d440cdff0af326640"], 0x1)

17:09:55 executing program 5:
r0 = syz_open_dev$evdev(&(0x7f00000000c0)='/dev/input/event#\x00', 0x1, 0x0)
ioctl$EVIOCSKEYCODE(r0, 0x40084504, &(0x7f0000000100)=[0x1])
r1 = open(&(0x7f0000000000)='file\x00', 0x42, 0x0)
ioctl$EVIOCGID(r0, 0x80084502, &(0x7f00000004c0)=""/62)
r2 = openat$procfs(0xffffffffffffff9c, &(0x7f0000000100)='/proc/crypto\x00', 0x0, 0x0)
r3 = syz_genetlink_get_family_id$tipc2(&(0x7f0000000080)='TIPCv2\x00')
sendmsg$TIPC_NL_BEARER_ENABLE(r2, &(0x7f00000001c0)={&(0x7f0000000040)={0x10, 0x0, 0x0, 0x2200}, 0xc, &(0x7f0000000140)={&(0x7f0000003480)=ANY=[@ANYBLOB="541d0000", @ANYRES16=r3, @ANYBLOB="02002bbd7000fcdbdf250300000020000500140002000800010000000000080001001300000008000100756470002c00020004000400080001000001000004000400080001007f000000080001000010000008000100000100003c0009000800020000000100a2ff010006000000080002000100000008000100df6f1c1308000200010400000000020001800000080001000000000048000200c8ff0200933600000800020008000000040004000800010002000100080001001f0000000000040008000100810000000800020000100000000002006c00000004000400440007000c000300040000000000000008000100090000000c0004000004000000000000080002000700000000000200030000000c00030004000000000000002c0002000400040008000200ff000000040004000400040008000200ff0f000008000200010400004b000400"], 0x154}, 0x1, 0x0, 0x0, 0xc9984614a05a2a43}, 0x40400)
