 1918     3220       32    69632        0             0 agetty
[ 1419.694968] [   1920]     0  1920     3164       31    73728        0             0 agetty
[ 1419.696971] [   1999]     0  1999    23214      258   233472        0             0 sshd
[ 1419.698584] [   2005]     0  2005   140563    29666   520192        0             0 syz-fuzzer
[ 1419.700037] [   2037]     0  2037    18113       16   114688        0             0 syz-executor.3
[ 1419.701539] [   2038]     0  2038    18113       17   114688        0             0 syz-executor.1
[ 1419.703047] [   2040]     0  2040    18113       16   118784        0             0 syz-executor.4
[ 1419.704561] [   2041]     0  2041    18113       16   114688        0             0 syz-executor.2
[ 1419.706083] [   2042]     0  2042    18113       16   114688        0             0 syz-executor.12
[ 1419.707600] [   2043]     0  2043    18113       17   118784        0             0 syz-executor.6
[ 1419.709092] [   2046]     0  2046    18113       17   114688        0             0 syz-executor.5
[ 1419.710604] [   2051]     0  2051    18112     8588   122880        0             0 syz-executor.1
[ 1419.712111] [   2052]     0  2052    18112     8519   122880        0             0 syz-executor.3
[ 1419.713622] [   2053]     0  2053    18113       16   114688        0             0 syz-executor.8
[ 1419.715190] [   2056]     0  2056    18113       17   114688        0             0 syz-executor.9
[ 1419.716718] [   2057]     0  2057    18112     8542   122880        0             0 syz-executor.12
[ 1419.718255] [   2061]     0  2061    18112     8399   126976        0             0 syz-executor.6
[ 1419.720410] [   2062]     0  2062    18113       17   114688        0             0 syz-executor.13
[ 1419.722309] [   2064]     0  2064    18112     8575   122880        0             0 syz-executor.2
[ 1419.723821] [   2070]     0  2070    18113       16   114688        0             0 syz-executor.11
[ 1419.725350] [   2074]     0  2074    18112     8411   126976        0             0 syz-executor.4
[ 1419.726892] [   2078]     0  2078    18113       17   114688        0             0 syz-executor.15
[ 1419.728422] [   2136]     0  2136    18112     8730   122880        0             0 syz-executor.5
[ 1419.729918] [   2172]     0  2172    18112     8552   122880        0             0 syz-executor.8
[ 1419.731415] [   2181]     0  2181    18112     8506   122880        0             0 syz-executor.9
[ 1419.732967] [   2245]     0  2245    18112     8731   122880        0             0 syz-executor.13
[ 1419.734495] [   2242]     0  2242    18112     8280   122880        0             0 syz-executor.15
[ 1419.736040] [   2251]     0  2251    18112     8694   122880        0             0 syz-executor.11
[ 1419.737549] [   8148]     0  8148    18145     8708   122880        0          1000 syz-executor.12
[ 1419.739109] [   8574]     0  8574    18145     8703   122880        0          1000 syz-executor.15
[ 1419.740656] [   8856]     0  8856    18145     8709   122880        0          1000 syz-executor.11
[ 1419.742171] [   9861]     0  9861    18145     8702   126976        0          1000 syz-executor.6
[ 1419.744140] [   9951]     0  9951    18145     8702   126976        0          1000 syz-executor.4
[ 1419.746223] [  10270]     0 10270    18145     8702   122880        0          1000 syz-executor.5
[ 1419.747724] [  11978]     0 11978    18145     8702   122880        0          1000 syz-executor.12
[ 1419.749331] [  12052]     0 12052    18145     8708   122880        0          1000 syz-executor.8
[ 1419.750957] [  13073]     0 13073    18145     8702   122880        0          1000 syz-executor.12
[ 1419.752445] [  13506]     0 13506    18145     8702   122880        0          1000 syz-executor.9
[ 1419.753941] [  14416]     0 14416    18145     8702   122880        0          1000 syz-executor.13
[ 1419.755465] [  14843]     0 14843    18145     8709   118784        0          1000 syz-executor.5
[ 1419.757205] [  16101]     0 16101    18145     8701   122880        0          1000 syz-executor.8
[ 1419.758817] [  16376]     0 16376    18145     8702   126976        0          1000 syz-executor.4
[ 1419.760467] [  16757]     0 16757    18145     8702   122880        0          1000 syz-executor.13
[ 1419.762054] [  17034]     0 17034    18113       17   114688        0             0 syz-executor.10
[ 1419.763611] [  17035]     0 17035    18112     8600   122880        0             0 syz-executor.10
[ 1419.765136] [  17824]     0 17824    18145     8708   118784        0          1000 syz-executor.8
[ 1419.766667] [  18103]     0 18103    18145     8702   122880        0          1000 syz-executor.11
[ 1419.768225] [  18214]     0 18214    18113       16   118784        0             0 syz-executor.0
[ 1419.769735] [  18215]     0 18215    18112     8426   126976        0             0 syz-executor.0
[ 1419.771320] [  19153]     0 19153    18145     8701   118784        0          1000 syz-executor.13
[ 1419.772864] [  20843]     0 20843    18145     8708   122880        0          1000 syz-executor.10
[ 1419.774424] [  20891]     0 20891    18145     8704   122880        0          1000 syz-executor.12
[ 1419.776010] [  21379]     0 21379    18178     8705   122880        0          1000 syz-executor.15
[ 1419.777654] [  21639]     0 21639    18145     8702   122880        0          1000 syz-executor.10
[ 1419.779175] [  24159]     0 24159    18145     8703   122880        0          1000 syz-executor.15
[ 1419.780709] [  24479]     0 24479    18145     8702   122880        0          1000 syz-executor.2
[ 1419.782220] [  25194]     0 25194    18145     8701   118784        0          1000 syz-executor.11
[ 1419.783807] [  25928]     0 25928    18145     8702   126976        0          1000 syz-executor.6
[ 1419.785305] [  29496]     0 29496    18145     8702   126976        0          1000 syz-executor.6
[ 1419.786834] [  29808]     0 29808    18145     8702   122880        0          1000 syz-executor.10
[ 1419.788351] [  29986]     0 29986    18145     8701   118784        0          1000 syz-executor.11
[ 1419.789873] [  29987]     0 29987    18145     8709   118784        0          1000 syz-executor.11
[ 1419.791407] [  31323]     0 31323    18145     8703   118784        0          1000 syz-executor.12
[ 1419.793115] [  31342]     0 31342    18145     8702   122880        0          1000 syz-executor.5
[ 1419.794744] [  31395]     0 31395    18145     8702   122880        0          1000 syz-executor.8
[ 1419.796375] [  31571]     0 31571    18145     8704   122880        0          1000 syz-executor.12
[ 1419.797973] [  31891]     0 31891    18145     8703   118784        0          1000 syz-executor.12
[ 1419.799628] [  31934]     0 31934    18145     8703   118784        0          1000 syz-executor.12
[ 1419.801306] [  31974]     0 31974    18145     8703   118784        0          1000 syz-executor.12
[ 1419.802910] [  32497]     0 32497    18145     8702   126976        0          1000 syz-executor.4
[ 1419.804484] [   1092]     0  1092    18145     8704   122880        0          1000 syz-executor.15
[ 1419.806064] [   1166]     0  1166    18145     8702   126976        0          1000 syz-executor.4
[ 1419.807616] [   1550]     0  1550    18145     8702   126976        0          1000 syz-executor.6
[ 1419.809251] [   2772]     0  2772    18145     8703   122880        0          1000 syz-executor.13
[ 1419.810843] [   3144]     0  3144    18145     8701   122880        0          1000 syz-executor.3
[ 1419.812492] [   3346]     0  3346    18145     8703   118784        0          1000 syz-executor.12
[ 1419.814080] [   3884]     0  3884    18145     8703   122880        0          1000 syz-executor.13
[ 1419.815644] [   4118]     0  4118    18145     8703   118784        0          1000 syz-executor.12
[ 1419.817274] [   4174]     0  4174    18145     8703   118784        0          1000 syz-executor.12
[ 1419.818865] [   4274]     0  4274    18145     8702   126976        0          1000 syz-executor.4
[ 1419.820529] [   4443]     0  4443    18145     8703   118784        0          1000 syz-executor.12
[ 1419.822134] [   4692]     0  4692    18145     8702   122880        0          1000 syz-executor.10
[ 1419.823878] [   4773]     0  4773    18145     8703   118784        0          1000 syz-executor.12
[ 1419.825709] [   5101]     0  5101    18145     8701   118784        0          1000 syz-executor.2
[ 1419.827798] [   5910]     0  5910    18145     8702   122880        0          1000 syz-executor.2
[ 1419.829333] [   6067]     0  6067    18145     8702   122880        0          1000 syz-executor.2
[ 1419.830877] [  13528]     0 13528    18145     8702   122880        0          1000 syz-executor.10
[ 1419.832494] [  18079]     0 18079    18145     8704   122880        0          1000 syz-executor.13
[ 1419.834062] [  19379]     0 19379    18145     8704   122880        0          1000 syz-executor.13
[ 1419.835675] [  28051]     0 28051    18145     8703   122880        0          1000 syz-executor.10
[ 1419.837293] [  29231]     0 29231    18145     8705   122880        0          1000 syz-executor.15
[ 1419.838872] [  30451]     0 30451    18145     8705   122880        0          1000 syz-executor.15
[ 1419.840556] [  30897]     0 30897    18145     8704   122880        0          1000 syz-executor.13
[ 1419.842345] [    473]     0   473    18145     8703   126976        0          1000 syz-executor.4
[ 1419.844392] [   2874]     0  2874    18178     8704   122880        0          1000 syz-executor.5
[ 1419.846342] [   3719]     0  3719    18145     8704   122880        0          1000 syz-executor.13
[ 1419.848216] [   8180]     0  8180    18178     8704   122880        0          1000 syz-executor.10
[ 1419.850328] [   8423]     0  8423    18145     8701   118784        0          1000 syz-executor.8
[ 1419.852415] [   8424]     0  8424    18145     8709   118784        0          1000 syz-executor.8
[ 1419.854520] [  10022]     0 10022    18145     8708   122880        0          1000 syz-executor.0
[ 1419.856574] [  10335]     0 10335    18145     8702   122880        0          1000 syz-executor.5
[ 1419.858707] [  11192]     0 11192    18145     8703   122880        0          1000 syz-executor.13
[ 1419.860833] [  13195]     0 13195    18145     8702   122880        0          1000 syz-executor.5
[ 1419.862870] [  14741]     0 14741    18145     8704   122880        0          1000 syz-executor.9
[ 1419.865018] [  14875]     0 14875     3220       33    69632        0             0 agetty
[ 1419.866583] [  15010]     0 15010    18113       17   118784        0             0 syz-executor.14
[ 1419.868174] [  15011]     0 15011    18112     8566   126976        0             0 syz-executor.14
[ 1419.869874] [  15479]     0 15479    18145     8703   118784        0          1000 syz-executor.1
[ 1419.871420] [  16058]     0 16058    18113       17   114688        0             0 syz-executor.7
[ 1419.872986] [  16059]     0 16059    18112     8694   122880        0             0 syz-executor.7
[ 1419.874550] [  16418]     0 16418    18146     8699   122880        0          1000 syz-executor.7
[ 1419.876099] [  16419]     0 16419    18146     8708   122880        0          1000 syz-executor.7
[ 1419.877676] [  17115]     0 17115    18145     8703   122880        0          1000 syz-executor.7
[ 1419.879226] [  19133]     0 19133     3220       32    69632        0             0 agetty
[ 1419.880663] [  19830]     0 19830    18145     8704   122880        0          1000 syz-executor.13
[ 1419.882682] [  20673]     0 20673    18343     7978   135168        0          1000 syz-executor.3
[ 1419.884773] [  20695]     0 20695     1046       12    49152        0             0 modprobe
[ 1419.886778] oom-kill:constraint=CONSTRAINT_NONE,nodemask=(null),cpuset=/,mems_allowed=0,task=syz-executor.11,pid=8856,uid=0
[ 1419.889423] Out of memory: Killed process 8856 (syz-executor.11) total-vm:72580kB, anon-rss:148kB, file-rss:34688kB, shmem-rss:0kB, UID:0 pgtables:120kB oom_score_adj:1000
[ 1419.892967] oom_reaper: reaped process 8856 (syz-executor.11), now anon-rss:0kB, file-rss:34816kB, shmem-rss:0kB
[ 1419.906770] syz-fuzzer invoked oom-killer: gfp_mask=0x100cca(GFP_HIGHUSER_MOVABLE), order=0, oom_score_adj=0
[ 1419.909613] CPU: 0 PID: 2008 Comm: syz-fuzzer Not tainted 5.5.0-rc6 #2
[ 1419.911467] Hardware name: QEMU Standard PC (i440FX + PIIX, 1996), BIOS 1.10.2-1ubuntu1 04/01/2014
[ 1419.913537] Call Trace:
[ 1419.914104]  dump_stack+0x94/0xce
[ 1419.914825]  dump_header+0x100/0xc20
[ 1419.915583]  ? _raw_spin_lock+0x75/0xd0
[ 1419.916399]  ? task_will_free_mem+0x140/0x500
[ 1419.917308]  ? ___ratelimit+0x59/0x3e0
[ 1419.918091]  oom_kill_process+0x177/0x9a0
[ 1419.918928]  ? find_lock_task_mm+0xbe/0x180
[ 1419.919842]  ? oom_badness+0x4cf/0x5d0
[ 1419.920705]  out_of_memory+0x29b/0x1610
[ 1419.921502]  ? oom_killer_disable+0x230/0x230
[ 1419.922441]  ? cpumask_next+0x1f/0x30
[ 1419.923246]  ? zone_reclaimable_pages+0x4f9/0x690
[ 1419.924272]  ? find_next_bit+0xc9/0xf0
[ 1419.925054]  __alloc_pages_slowpath+0x1e01/0x1f30
[ 1419.926073]  ? __switch_to_asm+0x34/0x70
[ 1419.926893]  ? __switch_to_asm+0x40/0x70
[ 1419.927700]  ? warn_alloc+0x290/0x290
[ 1419.928476]  ? __alloc_pages_slowpath+0x1f30/0x1f30
[ 1419.929482]  __alloc_pages_nodemask+0x470/0x5d0
[ 1419.930407]  ? __alloc_pages_slowpath+0x1f30/0x1f30
[ 1419.931408]  ? find_get_pages_contig+0x540/0x540
[ 1419.932365]  ? __page_cache_alloc+0xad/0x1d0
[ 1419.933245]  alloc_pages_current+0xac/0x1e0
[ 1419.934108]  __page_cache_alloc+0x116/0x1d0
[ 1419.934978]  pagecache_get_page+0x170/0x610
[ 1419.935840]  filemap_fault+0x1003/0x1ec0
[ 1419.936657]  ? filemap_map_pages+0x313/0xa20
[ 1419.937547]  ? grab_cache_page_write_begin+0x90/0x90
[ 1419.938560]  ? down_read+0xef/0x210
[ 1419.939306]  ? find_get_pages_range_tag+0x750/0x750
[ 1419.940333]  ? down_read_killable+0x230/0x230
[ 1419.941246]  ? filemap_range_has_page+0x150/0x150
[ 1419.942209]  ? __switch_to_asm+0x34/0x70
[ 1419.943016]  ext4_filemap_fault+0x7d/0xa4
[ 1419.943855]  __do_fault+0xd7/0x2b0
[ 1419.944557]  ? find_get_pages_range_tag+0x750/0x750
[ 1419.945581]  __handle_mm_fault+0xded/0x1ce0
[ 1419.946447]  ? __pmd_alloc+0x2d0/0x2d0
[ 1419.947217]  ? call_function_single_interrupt+0xa/0x20
[ 1419.948277]  ? down_read+0xef/0x210
[ 1419.949003]  ? down_read_trylock+0xee/0x170
[ 1419.949858]  handle_mm_fault+0xfe/0x350
[ 1419.950656]  __do_page_fault+0x4bc/0xa20
[ 1419.951477]  ? do_page_fault+0x27/0x270
[ 1419.952285]  async_page_fault+0x2f/0x40
[ 1419.953072] RIP: 0033:0x44a550
[ 1419.953716] Code: Bad RIP value.
[ 1419.954387] RSP: 002b:000000c0007a8bc8 EFLAGS: 00010203
[ 1419.955444] RAX: 000000c0007a8c78 RBX: 0000000000000000 RCX: 000000c0045a8a48
[ 1419.956924] RDX: 000000c000aed700 RSI: 0000000000000038 RDI: 000000c0007a8d08
[ 1419.958375] RBP: 000000c0007a8d08 R08: 00007fee5def4453 R09: 0000000000203001
[ 1419.959829] R10: 0000000000000002 R11: 0000000000000011 R12: 00000000000000f1
[ 1419.961451] R13: 0000000000000000 R14: 0000000000aac0fa R15: 0000000000000000
[ 1419.963231] Mem-Info:
[ 1419.963789] active_anon:39054 inactive_anon:27235 isolated_anon:0
[ 1419.963789]  active_file:39 inactive_file:16 isolated_file:28
[ 1419.963789]  unevictable:0 dirty:1 writeback:0 unstable:0
[ 1419.963789]  slab_reclaimable:5329 slab_unreclaimable:31326
[ 1419.963789]  mapped:140396 shmem:31335 pagetables:3182 bounce:0
[ 1419.963789]  free:2909 free_pcp:338 free_cma:0
[ 1419.971707] Node 0 active_anon:156216kB inactive_anon:108940kB active_file:144kB inactive_file:0kB unevictable:0kB isolated(anon):0kB isolated(file):84kB mapped:561584kB dirty:4kB writeback:0kB shmem:125340kB writeback_tmp:0kB unstable:0kB all_unreclaimable? no
[ 1419.977449] Node 0 DMA free:6668kB min:48kB low:60kB high:72kB reserved_highatomic:0KB active_anon:0kB inactive_anon:0kB active_file:0kB inactive_file:0kB unevictable:0kB writepending:0kB present:15992kB managed:15908kB mlocked:0kB kernel_stack:0kB pagetables:0kB bounce:0kB free_pcp:0kB local_pcp:0kB free_cma:0kB
[ 1419.984085] lowmem_reserve[]: 0 1655 1655 1655
[ 1419.985314] Node 0 DMA32 free:5472kB min:5176kB low:6868kB high:8560kB reserved_highatomic:0KB active_anon:156216kB inactive_anon:108940kB active_file:240kB inactive_file:560kB unevictable:0kB writepending:4kB present:2080640kB managed:1696852kB mlocked:0kB kernel_stack:6720kB pagetables:12728kB bounce:0kB free_pcp:776kB local_pcp:520kB free_cma:0kB
[ 1419.992478] lowmem_reserve[]: 0 0 0 0
[ 1419.993555] Node 0 DMA: 1*4kB (U) 1*8kB (U) 2*16kB (U) 1*32kB (U) 1*64kB (U) 1*128kB (U) 1*256kB (U) 0*512kB 0*1024kB 1*2048kB (M) 1*4096kB (E) = 6668kB
[ 1419.996970] Node 0 DMA32: 986*4kB (UME) 133*8kB (UM) 0*16kB 4*32kB (U) 0*64kB 0*128kB 0*256kB 0*512kB 0*1024kB 0*2048kB 0*4096kB = 5136kB
[ 1420.000060] Node 0 hugepages_total=0 hugepages_free=0 hugepages_surp=0 hugepages_size=2048kB
[ 1420.001987] 31468 total pagecache pages
[ 1420.002926] 0 pages in swap cache
[ 1420.003742] Swap cache stats: add 0, delete 0, find 0/0
[ 1420.005003] Free swap  = 0kB
[ 1420.005718] Total swap = 0kB
[ 1420.006415] 524158 pages RAM
[ 1420.007125] 0 pages HighMem/MovableOnly
[ 1420.008070] 95968 pages reserved
[ 1420.008869] Tasks state (memory values in pages):
[ 1420.009982] [  pid  ]   uid  tgid total_vm      rss pgtables_bytes swapents oom_score_adj name
[ 1420.012296] [   1235]     0  1235    17670     1245   139264        0             0 systemd-journal
[ 1420.014563] [   1253]     0  1253    11481      509   118784        0         -1000 systemd-udevd
[ 1420.016797] [   1554]   100  1554    31821      132   151552        0             0 systemd-timesyn
[ 1420.019092] [   1577]     0  1577     5088      258    69632        0             0 dhclient
[ 1420.021257] [   1902]     0  1902    63582      539   155648        0             0 rsyslogd
[ 1420.023451] [   1904]     0  1904     6998       62   102400        0             0 cron
[ 1420.025533] [   1912]     0  1912    17488      187   176128        0         -1000 sshd
[ 1420.027598] [   1914]     0  1914     3220       33    69632        0             0 agetty
[ 1420.029572] [   1915]     0  1915     3220       33    69632        0             0 agetty
[ 1420.031508] [   1916]     0  1916     3220       33    73728        0             0 agetty
[ 1420.033490] [   1918]     0  1918     3220       32    69632        0             0 agetty
[ 1420.035401] [   1920]     0  1920     3164       31    73728        0             0 agetty
[ 1420.037416] [   1999]     0  1999    23214      258   233472        0             0 sshd
[ 1420.039303] [   2005]     0  2005   140563    29666   520192        0             0 syz-fuzzer
[ 1420.041576] [   2037]     0  2037    18113       16   114688        0             0 syz-executor.3
[ 1420.043882] [   2038]     0  2038    18113       17   114688        0             0 syz-executor.1
[ 1420.046110] [   2040]     0  2040    18113       16   118784        0             0 syz-executor.4
[ 1420.048394] [   2041]     0  2041    18113       16   114688        0             0 syz-executor.2
[ 1420.050626] [   2042]     0  2042    18113       16   114688        0             0 syz-executor.12
[ 1420.052930] [   2043]     0  2043    18113       17   118784        0             0 syz-executor.6
[ 1420.055161] [   2046]     0  2046    18113       17   114688        0             0 syz-executor.5
[ 1420.057423] [   2051]     0  2051    18112     8588   122880        0             0 syz-executor.1
[ 1420.059634] [   2052]     0  2052    18112     8519   122880        0             0 syz-executor.3
[ 1420.061804] [   2053]     0  2053    18113       16   114688        0             0 syz-executor.8
[ 1420.064080] [   2056]     0  2056    18113       17   114688        0             0 syz-executor.9
[ 1420.065946] [   2057]     0  2057    18112     8542   122880        0             0 syz-executor.12
[ 1420.068230] [   2061]     0  2061    18112     8399   126976        0             0 syz-executor.6
[ 1420.070490] [   2062]     0  2062    18113       17   114688        0             0 syz-executor.13
[ 1420.072566] [   2064]     0  2064    18112     8575   122880        0             0 syz-executor.2
[ 1420.074580] [   2070]     0  2070    18113       16   114688        0             0 syz-executor.11
[ 1420.076751] [   2074]     0  2074    18112     8411   126976        0             0 syz-executor.4
[ 1420.078929] [   2078]     0  2078    18113       17   114688        0             0 syz-executor.15
[ 1420.081138] [   2136]     0  2136    18112     8730   122880        0             0 syz-executor.5
[ 1420.083349] [   2172]     0  2172    18112     8552   122880        0             0 syz-executor.8
[ 1420.085616] [   2181]     0  2181    18112     8506   122880        0             0 syz-executor.9
[ 1420.087893] [   2245]     0  2245    18112     8731   122880        0             0 syz-executor.13
[ 1420.090106] [   2242]     0  2242    18112     8280   122880        0             0 syz-executor.15
[ 1420.092383] [   2251]     0  2251    18112     8693   122880        0             0 syz-executor.11
[ 1420.094725] [   8148]     0  8148    18145     8708   122880        0          1000 syz-executor.12
[ 1420.096985] [   8574]     0  8574    18145     8703   122880        0          1000 syz-executor.15
[ 1420.099197] [   9861]     0  9861    18145     8702   126976        0          1000 syz-executor.6
[ 1420.101416] [   9951]     0  9951    18145     8702   126976        0          1000 syz-executor.4
[ 1420.103460] [  10270]     0 10270    18145     8702   122880        0          1000 syz-executor.5
[ 1420.105541] [  11978]     0 11978    18145     8702   122880        0          1000 syz-executor.12
[ 1420.107631] [  12052]     0 12052    18145     8708   122880        0          1000 syz-executor.8
[ 1420.109747] [  13073]     0 13073    18145     8702   122880        0          1000 syz-executor.12
[ 1420.111840] [  13506]     0 13506    18145     8702   122880        0          1000 syz-executor.9
[ 1420.113987] [  14416]     0 14416    18145     8702   122880        0          1000 syz-executor.13
[ 1420.116136] [  14843]     0 14843    18145     8709   118784        0          1000 syz-executor.5
[ 1420.118225] [  16101]     0 16101    18145     8701   122880        0          1000 syz-executor.8
[ 1420.120370] [  16376]     0 16376    18145     8702   126976        0          1000 syz-executor.4
[ 1420.122498] [  16757]     0 16757    18145     8702   122880        0          1000 syz-executor.13
[ 1420.124697] [  17034]     0 17034    18113       17   114688        0             0 syz-executor.10
[ 1420.126862] [  17035]     0 17035    18112     8600   122880        0             0 syz-executor.10
[ 1420.129057] [  17824]     0 17824    18145     8708   118784        0          1000 syz-executor.8
[ 1420.131185] [  18103]     0 18103    18145     8702   122880        0          1000 syz-executor.11
[ 1420.133372] [  18214]     0 18214    18113       16   118784        0             0 syz-executor.0
[ 1420.135527] [  18215]     0 18215    18112     8426   126976        0             0 syz-executor.0
[ 1420.137689] [  19153]     0 19153    18145     8701   118784        0          1000 syz-executor.13
[ 1420.139797] [  20843]     0 20843    18145     8708   122880        0          1000 syz-executor.10
[ 1420.141909] [  20891]     0 20891    18145     8704   122880        0          1000 syz-executor.12
[ 1420.144031] [  21379]     0 21379    18178     8705   122880        0          1000 syz-executor.15
[ 1420.146106] [  21639]     0 21639    18145     8702   122880        0          1000 syz-executor.10
[ 1420.148229] [  24159]     0 24159    18145     8703   122880        0          1000 syz-executor.15
[ 1420.150253] [  24479]     0 24479    18145     8702   122880        0          1000 syz-executor.2
[ 1420.152296] [  25194]     0 25194    18145     8701   118784        0          1000 syz-executor.11
[ 1420.154395] [  25928]     0 25928    18145     8702   126976        0          1000 syz-executor.6
[ 1420.156582] [  29496]     0 29496    18145     8702   126976        0          1000 syz-executor.6
[ 1420.158703] [  29808]     0 29808    18145     8702   122880        0          1000 syz-executor.10
[ 1420.160890] [  29986]     0 29986    18145     8701   118784        0          1000 syz-executor.11
[ 1420.163031] [  29987]     0 29987    18145     8709   118784        0          1000 syz-executor.11
[ 1420.165233] [  31323]     0 31323    18145     8703   118784        0          1000 syz-executor.12
[ 1420.167441] [  31342]     0 31342    18145     8702   122880        0          1000 syz-executor.5
[ 1420.169615] [  31395]     0 31395    18145     8702   122880        0          1000 syz-executor.8
[ 1420.171768] [  31571]     0 31571    18145     8704   122880        0          1000 syz-executor.12
[ 1420.173939] [  31891]     0 31891    18145     8703   118784        0          1000 syz-executor.12
[ 1420.176141] [  31934]     0 31934    18145     8703   118784        0          1000 syz-executor.12
[ 1420.178315] [  31974]     0 31974    18145     8703   118784        0          1000 syz-executor.12
[ 1420.180537] [  32497]     0 32497    18145     8702   126976        0          1000 syz-executor.4
[ 1420.182670] [   1092]     0  1092    18145     8704   122880        0          1000 syz-executor.15
[ 1420.184855] [   1166]     0  1166    18145     8702   126976        0          1000 syz-executor.4
[ 1420.187032] [   1550]     0  1550    18145     8702   126976        0          1000 syz-executor.6
[ 1420.189160] [   2772]     0  2772    18145     8703   122880        0          1000 syz-executor.13
[ 1420.191353] [   3144]     0  3144    18145     8701   122880        0          1000 syz-executor.3
[ 1420.193532] [   3346]     0  3346    18145     8703   118784        0          1000 syz-executor.12
[ 1420.195716] [   3884]     0  3884    18145     8703   122880        0          1000 syz-executor.13
[ 1420.197926] [   4118]     0  4118    18145     8703   118784        0          1000 syz-executor.12
[ 1420.200084] [   4174]     0  4174    18145     8703   118784        0          1000 syz-executor.12
[ 1420.202241] [   4274]     0  4274    18145     8702   126976        0          1000 syz-executor.4
[ 1420.204408] [   4443]     0  4443    18145     8703   118784        0          1000 syz-executor.12
[ 1420.206546] [   4692]     0  4692    18145     8702   122880        0          1000 syz-executor.10
[ 1420.208713] [   4773]     0  4773    18145     8703   118784        0          1000 syz-executor.12
[ 1420.210852] [   5101]     0  5101    18145     8701   118784        0          1000 syz-executor.2
[ 1420.212999] [   5910]     0  5910    18145     8702   122880        0          1000 syz-executor.2
[ 1420.215119] [   6067]     0  6067    18145     8702   122880        0          1000 syz-executor.2
[ 1420.217290] [  13528]     0 13528    18145     8702   122880        0          1000 syz-executor.10
[ 1420.219498] [  18079]     0 18079    18145     8704   122880        0          1000 syz-executor.13
[ 1420.221652] [  19379]     0 19379    18145     8704   122880        0          1000 syz-executor.13
[ 1420.223825] [  28051]     0 28051    18145     8703   122880        0          1000 syz-executor.10
[ 1420.225994] [  29231]     0 29231    18145     8705   122880        0          1000 syz-executor.15
[ 1420.228177] [  30451]     0 30451    18145     8705   122880        0          1000 syz-executor.15
[ 1420.230348] [  30897]     0 30897    18145     8704   122880        0          1000 syz-executor.13
[ 1420.232571] [    473]     0   473    18145     8703   126976        0          1000 syz-executor.4
[ 1420.234654] [   2874]     0  2874    18178     8704   122880        0          1000 syz-executor.5
[ 1420.236799] [   3719]     0  3719    18145     8704   122880        0          1000 syz-executor.13
[ 1420.238908] [   8180]     0  8180    18178     8704   122880        0          1000 syz-executor.10
[ 1420.241034] [   8423]     0  8423    18145     8701   118784        0          1000 syz-executor.8
[ 1420.243134] [   8424]     0  8424    18145     8709   118784        0          1000 syz-executor.8
[ 1420.245252] [  10022]     0 10022    18145     8708   122880        0          1000 syz-executor.0
[ 1420.247341] [  10335]     0 10335    18145     8702   122880        0          1000 syz-executor.5
[ 1420.249251] [  11192]     0 11192    18145     8703   122880        0          1000 syz-executor.13
[ 1420.251339] [  13195]     0 13195    18145     8702   122880        0          1000 syz-executor.5
[ 1420.253465] [  14741]     0 14741    18145     8704   122880        0          1000 syz-executor.9
[ 1420.255651] [  14875]     0 14875     3220       33    69632        0             0 agetty
[ 1420.257639] [  15010]     0 15010    18113       17   118784        0             0 syz-executor.14
[ 1420.259819] [  15011]     0 15011    18112     8566   126976        0             0 syz-executor.14
[ 1420.261948] [  15479]     0 15479    18145     8703   118784        0          1000 syz-executor.1
[ 1420.264064] [  16058]     0 16058    18113       17   114688        0             0 syz-executor.7
[ 1420.266162] [  16059]     0 16059    18112     8694   122880        0             0 syz-executor.7
[ 1420.268285] [  16418]     0 16418    18146     8699   122880        0          1000 syz-executor.7
[ 1420.270396] [  16419]     0 16419    18146     8708   122880        0          1000 syz-executor.7
[ 1420.272508] [  17115]     0 17115    18145     8703   122880        0          1000 syz-executor.7
[ 1420.274574] [  19133]     0 19133     3220       32    69632        0             0 agetty
[ 1420.276508] [  19830]     0 19830    18145     8704   122880        0          1000 syz-executor.13
[ 1420.278594] [  20673]     0 20673    18343     7927   135168        0          1000 syz-executor.3
[ 1420.280729] [  20695]     0 20695     1046       12    49152        0             0 modprobe
[ 1420.282660] oom-kill:constraint=CONSTRAINT_NONE,nodemask=(null),cpuset=/,mems_allowed=0,task=syz-executor.7,pid=16419,uid=0
[ 1420.285353] Out of memory: Killed process 16419 (syz-executor.7) total-vm:72584kB, anon-rss:144kB, file-rss:34688kB, shmem-rss:0kB, UID:0 pgtables:120kB oom_score_adj:1000
[ 1420.309206] syz-fuzzer invoked oom-killer: gfp_mask=0x100cca(GFP_HIGHUSER_MOVABLE), order=0, oom_score_adj=0
[ 1420.311466] CPU: 0 PID: 2008 Comm: syz-fuzzer Not tainted 5.5.0-rc6 #2
[ 1420.312965] Hardware name: QEMU Standard PC (i440FX + PIIX, 1996), BIOS 1.10.2-1ubuntu1 04/01/2014
[ 1420.315042] Call Trace:
[ 1420.315670]  dump_stack+0x94/0xce
[ 1420.316501]  dump_header+0x100/0xc20
[ 1420.317380]  ? _raw_spin_lock+0x75/0xd0
[ 1420.318294]  ? task_will_free_mem+0x140/0x500
[ 1420.319306]  ? ___ratelimit+0x59/0x3e0
[ 1420.320176]  oom_kill_process+0x177/0x9a0
[ 1420.321101]  ? find_lock_task_mm+0xbe/0x180
[ 1420.322075]  ? oom_badness+0x4cf/0x5d0
[ 1420.322857]  out_of_memory+0x29b/0x1610
[ 1420.323678]  ? oom_killer_disable+0x230/0x230
[ 1420.324706]  ? unreserve_highatomic_pageblock+0x288/0x480
[ 1420.325961]  __alloc_pages_slowpath+0x1e01/0x1f30
[ 1420.327084]  ? __switch_to_asm+0x34/0x70
[ 1420.328049]  ? __switch_to_asm+0x40/0x70
[ 1420.328983]  ? warn_alloc+0x290/0x290
[ 1420.329850]  ? __alloc_pages_slowpath+0x1f30/0x1f30
[ 1420.330955]  __alloc_pages_nodemask+0x470/0x5d0
[ 1420.331998]  ? __alloc_pages_slowpath+0x1f30/0x1f30
[ 1420.333135]  ? find_get_pages_contig+0x540/0x540
[ 1420.333971]  ? __page_cache_alloc+0xad/0x1d0
[ 1420.334744]  alloc_pages_current+0xac/0x1e0
[ 1420.335456]  __page_cache_alloc+0x116/0x1d0
[ 1420.336213]  pagecache_get_page+0x170/0x610
[ 1420.336919]  filemap_fault+0x1003/0x1ec0
[ 1420.337580]  ? filemap_map_pages+0x313/0xa20
[ 1420.338312]  ? grab_cache_page_write_begin+0x90/0x90
[ 1420.339143]  ? down_read+0xef/0x210
[ 1420.339747]  ? find_get_pages_range_tag+0x750/0x750
[ 1420.340577]  ? down_read_killable+0x230/0x230
[ 1420.341330]  ? filemap_range_has_page+0x150/0x150
[ 1420.342140]  ? __switch_to_asm+0x34/0x70
[ 1420.343116]  ext4_filemap_fault+0x7d/0xa4
[ 1420.344118]  __do_fault+0xd7/0x2b0
[ 1420.344960]  ? find_get_pages_range_tag+0x750/0x750
[ 1420.345925]  __handle_mm_fault+0xded/0x1ce0
[ 1420.346643]  ? __pmd_alloc+0x2d0/0x2d0
[ 1420.347295]  ? call_function_single_interrupt+0xa/0x20
[ 1420.348170]  ? down_read+0xef/0x210
[ 1420.348764]  ? down_read_trylock+0xee/0x170
[ 1420.349484]  handle_mm_fault+0xfe/0x350
[ 1420.350134]  __do_page_fault+0x4bc/0xa20
[ 1420.350810]  ? do_page_fault+0x27/0x270
[ 1420.351463]  async_page_fault+0x2f/0x40
[ 1420.352133] RIP: 0033:0x40c900
[ 1420.352671] Code: Bad RIP value.
[ 1420.353223] RSP: 002b:000000c0007a8bc8 EFLAGS: 00010297
[ 1420.354118] RAX: 000000c00028c400 RBX: 00000000008ec0c0 RCX: 000000c000aed740
[ 1420.355323] RDX: 0000000000000000 RSI: 0000000000000038 RDI: 000000c0007a8d08
[ 1420.356527] RBP: 000000c0007a8d08 R08: 00007fee5def4453 R09: 0000000000203001
[ 1420.357751] R10: 0000000000000002 R11: 0000000000000011 R12: 00000000000000f1
[ 1420.358954] R13: 0000000000000000 R14: 0000000000aac0fa R15: 0000000000000000
[ 1420.360257] Mem-Info:
[ 1420.360673] active_anon:39033 inactive_anon:27235 isolated_anon:0
[ 1420.360673]  active_file:0 inactive_file:41 isolated_file:9
[ 1420.360673]  unevictable:0 dirty:1 writeback:0 unstable:0
[ 1420.360673]  slab_reclaimable:5329 slab_unreclaimable:31326
[ 1420.360673]  mapped:140376 shmem:31335 pagetables:3122 bounce:0
[ 1420.360673]  free:2909 free_pcp:66 free_cma:0
[ 1420.366245] Node 0 active_anon:156132kB inactive_anon:108940kB active_file:0kB inactive_file:164kB unevictable:0kB isolated(anon):0kB isolated(file):36kB mapped:561504kB dirty:4kB writeback:0kB shmem:125340kB writeback_tmp:0kB unstable:0kB all_unreclaimable? yes
[ 1420.370237] Node 0 DMA free:6668kB min:48kB low:60kB high:72kB reserved_highatomic:0KB active_anon:0kB inactive_anon:0kB active_file:0kB inactive_file:0kB unevictable:0kB writepending:0kB present:15992kB managed:15908kB mlocked:0kB kernel_stack:0kB pagetables:0kB bounce:0kB free_pcp:0kB local_pcp:0kB free_cma:0kB
[ 1420.374869] lowmem_reserve[]: 0 1655 1655 1655
[ 1420.375636] Node 0 DMA32 free:4968kB min:9272kB low:10964kB high:12656kB reserved_highatomic:0KB active_anon:156132kB inactive_anon:108940kB active_file:228kB inactive_file:24kB unevictable:0kB writepending:4kB present:2080640kB managed:1696852kB mlocked:0kB kernel_stack:6624kB pagetables:12488kB bounce:0kB free_pcp:264kB local_pcp:16kB free_cma:0kB
[ 1420.380830] lowmem_reserve[]: 0 0 0 0
[ 1420.381464] Node 0 DMA: 1*4kB (U) 1*8kB (U) 2*16kB (U) 1*32kB (U) 1*64kB (U) 1*128kB (U) 1*256kB (U) 0*512kB 0*1024kB 1*2048kB (M) 1*4096kB (E) = 6668kB
[ 1420.383846] Node 0 DMA32: 1063*4kB (UME) 106*8kB (UM) 0*16kB 0*32kB 0*64kB 0*128kB 0*256kB 0*512kB 0*1024kB 0*2048kB 0*4096kB = 5100kB
[ 1420.385934] Node 0 hugepages_total=0 hugepages_free=0 hugepages_surp=0 hugepages_size=2048kB
[ 1420.387353] 31411 total pagecache pages
[ 1420.388114] 0 pages in swap cache
[ 1420.388693] Swap cache stats: add 0, delete 0, find 0/0
[ 1420.389577] Free swap  = 0kB
[ 1420.390088] Total swap = 0kB
[ 1420.390588] 524158 pages RAM
[ 1420.391091] 0 pages HighMem/MovableOnly
[ 1420.391758] 95968 pages reserved
[ 1420.392330] Tasks state (memory values in pages):
[ 1420.393134] [  pid  ]   uid  tgid total_vm      rss pgtables_bytes swapents oom_score_adj name
[ 1420.394615] [   1235]     0  1235    17670     1245   139264        0             0 systemd-journal
[ 1420.396219] [   1253]     0  1253    11481      509   118784        0         -1000 systemd-udevd
[ 1420.397732] [   1554]   100  1554    31821      132   151552        0             0 systemd-timesyn
[ 1420.399282] [   1577]     0  1577     5088      258    69632        0             0 dhclient
[ 1420.400709] [   1902]     0  1902    63582      539   155648        0             0 rsyslogd
[ 1420.402129] [   1904]     0  1904     6998       62   102400        0             0 cron
[ 1420.403500] [   1912]     0  1912    17488      187   176128        0         -1000 sshd
[ 1420.404927] [   1914]     0  1914     3220       33    69632        0             0 agetty
[ 1420.406331] [   1915]     0  1915     3220       33    69632        0             0 agetty
[ 1420.407743] [   1916]     0  1916     3220       33    73728        0             0 agetty
[ 1420.409176] [   1918]     0  1918     3220       32    69632        0             0 agetty
[ 1420.410585] [   1920]     0  1920     3164       31    73728        0             0 agetty
[ 1420.412010] [   1999]     0  1999    23214      258   233472        0             0 sshd
[ 1420.413403] [   2005]     0  2005   140563    29666   520192        0             0 syz-fuzzer
[ 1420.414877] [   2037]     0  2037    18113       16   114688        0             0 syz-executor.3
[ 1420.416427] [   2038]     0  2038    18113       17   114688        0             0 syz-executor.1
[ 1420.417951] [   2040]     0  2040    18113       16   118784        0             0 syz-executor.4
[ 1420.419468] [   2041]     0  2041    18113       16   114688        0             0 syz-executor.2
[ 1420.421033] [   2042]     0  2042    18113       16   114688        0             0 syz-executor.12
[ 1420.422560] [   2043]     0  2043    18113       17   118784        0             0 syz-executor.6
[ 1420.424166] [   2046]     0  2046    18113       17   114688        0             0 syz-executor.5
[ 1420.425853] [   2051]     0  2051    18112     8588   122880        0             0 syz-executor.1
[ 1420.427602] [   2052]     0  2052    18112     8519   122880        0             0 syz-executor.3
[ 1420.429477] [   2053]     0  2053    18113       16   114688        0             0 syz-executor.8
[ 1420.430995] [   2056]     0  2056    18113       17   114688        0             0 syz-executor.9
[ 1420.432675] [   2057]     0  2057    18112     8542   122880        0             0 syz-executor.12
[ 1420.434548] [   2061]     0  2061    18112     8399   126976        0             0 syz-executor.6
[ 1420.436197] [   2062]     0  2062    18113       17   114688        0             0 syz-executor.13
[ 1420.437887] [   2064]     0  2064    18112     8575   122880        0             0 syz-executor.2
[ 1420.439529] [   2070]     0  2070    18113       16   114688        0             0 syz-executor.11
[ 1420.441134] [   2074]     0  2074    18112     8411   126976        0             0 syz-executor.4
[ 1420.442682] [   2078]     0  2078    18113       17   114688        0             0 syz-executor.15
[ 1420.444258] [   2136]     0  2136    18112     8730   122880        0             0 syz-executor.5
[ 1420.445830] [   2172]     0  2172    18112     8552   122880        0             0 syz-executor.8
[ 1420.447432] [   2181]     0  2181    18112     8506   122880        0             0 syz-executor.9
[ 1420.449479] [   2245]     0  2245    18112     8731   122880        0             0 syz-executor.13
[ 1420.451046] [   2242]     0  2242    18112     8280   122880        0             0 syz-executor.15
[ 1420.452590] [   2251]     0  2251    18112     8693   122880        0             0 syz-executor.11
[ 1420.454141] [   8148]     0  8148    18145     8708   122880        0          1000 syz-executor.12
[ 1420.455667] [   8574]     0  8574    18145     8703   122880        0          1000 syz-executor.15
[ 1420.457707] [   9861]     0  9861    18145     8702   126976        0          1000 syz-executor.6
[ 1420.459776] [   9951]     0  9951    18145     8702   126976        0          1000 syz-executor.4
[ 1420.461843] [  10270]     0 10270    18145     8702   122880        0          1000 syz-executor.5
[ 1420.463799] [  11978]     0 11978    18145     8702   122880        0          1000 syz-executor.12
[ 1420.465634] [  12052]     0 12052    18145     8708   122880        0          1000 syz-executor.8
[ 1420.467206] [  13073]     0 13073    18145     8702   122880        0          1000 syz-executor.12
[ 1420.468746] [  13506]     0 13506    18145     8702   122880        0          1000 syz-executor.9
[ 1420.470288] [  14416]     0 14416    18145     8702   122880        0          1000 syz-executor.13
[ 1420.471835] [  14843]     0 14843    18145     8709   118784        0          1000 syz-executor.5
[ 1420.473353] [  16101]     0 16101    18145     8701   122880        0          1000 syz-executor.8
[ 1420.475178] [  16376]     0 16376    18145     8702   126976        0          1000 syz-executor.4
[ 1420.476823] [  16757]     0 16757    18145     8702   122880        0          1000 syz-executor.13
[ 1420.478579] [  17034]     0 17034    18113       17   114688        0             0 syz-executor.10
[ 1420.480391] [  17035]     0 17035    18112     8600   122880        0             0 syz-executor.10
[ 1420.481922] [  17824]     0 17824    18145     8708   118784        0          1000 syz-executor.8
[ 1420.483493] [  18103]     0 18103    18145     8702   122880        0          1000 syz-executor.11
[ 1420.485055] [  18214]     0 18214    18113       16   118784        0             0 syz-executor.0
[ 1420.486548] [  18215]     0 18215    18112     8426   126976        0             0 syz-executor.0
[ 1420.488068] [  19153]     0 19153    18145     8701   118784        0          1000 syz-executor.13
[ 1420.489625] [  20843]     0 20843    18145     8708   122880        0          1000 syz-executor.10
[ 1420.491181] [  20891]     0 20891    18145     8704   122880        0          1000 syz-executor.12
[ 1420.492756] [  21379]     0 21379    18178     8705   122880        0          1000 syz-executor.15
[ 1420.494289] [  21639]     0 21639    18145     8702   122880        0          1000 syz-executor.10
[ 1420.495865] [  24159]     0 24159    18145     8703   122880        0          1000 syz-executor.15
[ 1420.497408] [  24479]     0 24479    18145     8702   122880        0          1000 syz-executor.2
[ 1420.498933] [  25194]     0 25194    18145     8701   118784        0          1000 syz-executor.11
[ 1420.500484] [  25928]     0 25928    18145     8702   126976        0          1000 syz-executor.6
[ 1420.502022] [  29496]     0 29496    18145     8702   126976        0          1000 syz-executor.6
[ 1420.503550] [  29808]     0 29808    18145     8702   122880        0          1000 syz-executor.10
[ 1420.505085] [  29986]     0 29986    18145     8701   118784        0          1000 syz-executor.11
[ 1420.506633] [  29987]     0 29987    18145     8709   118784        0          1000 syz-executor.11
[ 1420.508205] [  31323]     0 31323    18145     8703   118784        0          1000 syz-executor.12
[ 1420.509810] [  31342]     0 31342    18145     8702   122880        0          1000 syz-executor.5
[ 1420.511314] [  31395]     0 31395    18145     8702   122880        0          1000 syz-executor.8
[ 1420.512941] [  31571]     0 31571    18145     8704   122880        0          1000 syz-executor.12
[ 1420.514547] [  31891]     0 31891    18145     8703   118784        0          1000 syz-executor.12
[ 1420.516150] [  31934]     0 31934    18145     8703   118784        0          1000 syz-executor.12
[ 1420.517705] [  31974]     0 31974    18145     8703   118784        0          1000 syz-executor.12
[ 1420.519280] [  32497]     0 32497    18145     8702   126976        0          1000 syz-executor.4
[ 1420.520883] [   1092]     0  1092    18145     8704   122880        0          1000 syz-executor.15
[ 1420.522536] [   1166]     0  1166    18145     8702   126976        0          1000 syz-executor.4
[ 1420.524162] [   1550]     0  1550    18145     8702   126976        0          1000 syz-executor.6
[ 1420.525812] [   2772]     0  2772    18145     8703   122880        0          1000 syz-executor.13
[ 1420.527434] [   3144]     0  3144    18145     8701   122880        0          1000 syz-executor.3
[ 1420.528989] [   3346]     0  3346    18145     8703   118784        0          1000 syz-executor.12
[ 1420.530690] [   3884]     0  3884    18145     8703   122880        0          1000 syz-executor.13
[ 1420.532285] [   4118]     0  4118    18145     8703   118784        0          1000 syz-executor.12
[ 1420.534194] [   4174]     0  4174    18145     8703   118784        0          1000 syz-executor.12
[ 1420.536172] [   4274]     0  4274    18145     8702   126976        0          1000 syz-executor.4
[ 1420.537998] [   4443]     0  4443    18145     8703   118784        0          1000 syz-executor.12
[ 1420.539512] [   4692]     0  4692    18145     8702   122880        0          1000 syz-executor.10
[ 1420.541368] [   4773]     0  4773    18145     8703   118784        0          1000 syz-executor.12
[ 1420.542932] [   5101]     0  5101    18145     8701   118784        0          1000 syz-executor.2
[ 1420.544758] [   5910]     0  5910    18145     8702   122880        0          1000 syz-executor.2
[ 1420.546444] [   6067]     0  6067    18145     8702   122880        0          1000 syz-executor.2
[ 1420.547960] [  13528]     0 13528    18145     8702   122880        0          1000 syz-executor.10
[ 1420.549501] [  18079]     0 18079    18145     8704   122880        0          1000 syz-executor.13
[ 1420.551029] [  19379]     0 19379    18145     8704   122880        0          1000 syz-executor.13
[ 1420.552570] [  28051]     0 28051    18145     8703   122880        0          1000 syz-executor.10
[ 1420.554092] [  29231]     0 29231    18145     8705   122880        0          1000 syz-executor.15
[ 1420.555612] [  30451]     0 30451    18145     8705   122880        0          1000 syz-executor.15
[ 1420.557172] [  30897]     0 30897    18145     8704   122880        0          1000 syz-executor.13
[ 1420.558688] [    473]     0   473    18145     8703   126976        0          1000 syz-executor.4
[ 1420.560196] [   2874]     0  2874    18178     8704   122880        0          1000 syz-executor.5
[ 1420.561769] [   3719]     0  3719    18145     8704   122880        0          1000 syz-executor.13
[ 1420.563370] [   8180]     0  8180    18178     8704   122880        0          1000 syz-executor.10
[ 1420.564975] [   8423]     0  8423    18145     8701   118784        0          1000 syz-executor.8
[ 1420.566467] [   8424]     0  8424    18145     8709   118784        0          1000 syz-executor.8
[ 1420.568030] [  10022]     0 10022    18145     8708   122880        0          1000 syz-executor.0
[ 1420.569656] [  10335]     0 10335    18145     8702   122880        0          1000 syz-executor.5
[ 1420.571151] [  11192]     0 11192    18145     8703   122880        0          1000 syz-executor.13
[ 1420.572692] [  13195]     0 13195    18145     8702   122880        0          1000 syz-executor.5
[ 1420.574257] [  14741]     0 14741    18145     8704   122880        0          1000 syz-executor.9
[ 1420.575791] [  14875]     0 14875     3220       33    69632        0             0 agetty
[ 1420.577255] [  15010]     0 15010    18113       17   118784        0             0 syz-executor.14
[ 1420.578813] [  15011]     0 15011    18112     8566   126976        0             0 syz-executor.14
[ 1420.580411] [  15479]     0 15479    18145     8703   118784        0          1000 syz-executor.1
[ 1420.582248] [  16058]     0 16058    18113       17   114688        0             0 syz-executor.7
[ 1420.584123] [  16059]     0 16059    18112     8694   122880        0             0 syz-executor.7
[ 1420.585727] [  16418]     0 16418    18146     8699   122880        0          1000 syz-executor.7
[ 1420.587244] [  17115]     0 17115    18145     8703   122880        0          1000 syz-executor.7
[ 1420.588766] [  19133]     0 19133     3220       32    69632        0             0 agetty
[ 1420.590170] [  19830]     0 19830    18145     8704   122880        0          1000 syz-executor.13
[ 1420.591717] [  20673]     0 20673    18343     7927   135168        0          1000 syz-executor.3
[ 1420.593257] [  20695]     0 20695     1046       12    49152        0             0 modprobe
[ 1420.594703] oom-kill:constraint=CONSTRAINT_NONE,nodemask=(null),cpuset=/,mems_allowed=0,task=syz-executor.0,pid=10022,uid=0
[ 1420.596654] Out of memory: Killed process 10022 (syz-executor.0) total-vm:72580kB, anon-rss:144kB, file-rss:34688kB, shmem-rss:0kB, UID:0 pgtables:120kB oom_score_adj:1000
[ 1420.631605] systemd-journal invoked oom-killer: gfp_mask=0x100cca(GFP_HIGHUSER_MOVABLE), order=0, oom_score_adj=0
[ 1420.633467] CPU: 0 PID: 1235 Comm: systemd-journal Not tainted 5.5.0-rc6 #2
[ 1420.634784] Hardware name: QEMU Standard PC (i440FX + PIIX, 1996), BIOS 1.10.2-1ubuntu1 04/01/2014
[ 1420.636373] Call Trace:
[ 1420.636832]  dump_stack+0x94/0xce
[ 1420.637427]  dump_header+0x100/0xc20
[ 1420.638080]  ? _raw_spin_lock+0x75/0xd0
[ 1420.638765]  ? task_will_free_mem+0x140/0x500
[ 1420.639527]  ? ___ratelimit+0x59/0x3e0
[ 1420.640199]  oom_kill_process+0x177/0x9a0
[ 1420.640939]  ? find_lock_task_mm+0xbe/0x180
[ 1420.641705]  ? oom_badness+0x4cf/0x5d0
[ 1420.642375]  out_of_memory+0x29b/0x1610
[ 1420.643067]  ? oom_killer_disable+0x230/0x230
[ 1420.643853]  ? cpumask_next+0x1f/0x30
[ 1420.644512]  ? zone_reclaimable_pages+0x4f9/0x690
[ 1420.645345]  ? find_next_bit+0xc9/0xf0
[ 1420.646025]  __alloc_pages_slowpath+0x1e01/0x1f30
[ 1420.646849]  ? warn_alloc+0x290/0x290
[ 1420.647509]  ? __alloc_pages_slowpath+0x1f30/0x1f30
[ 1420.648376]  __alloc_pages_nodemask+0x470/0x5d0
[ 1420.649193]  ? __alloc_pages_slowpath+0x1f30/0x1f30
[ 1420.650045]  ? find_get_pages_contig+0x540/0x540
[ 1420.650861]  ? __page_cache_alloc+0xad/0x1d0
[ 1420.651617]  alloc_pages_current+0xac/0x1e0
[ 1420.652361]  __page_cache_alloc+0x116/0x1d0
[ 1420.653124]  pagecache_get_page+0x170/0x610
[ 1420.653867]  filemap_fault+0x1003/0x1ec0
[ 1420.654559]  ? filemap_map_pages+0x313/0xa20
[ 1420.655369]  ? grab_cache_page_write_begin+0x90/0x90
[ 1420.656263]  ? down_read+0xef/0x210
[ 1420.656879]  ? find_get_pages_range_tag+0x750/0x750
[ 1420.657727]  ? down_read_killable+0x230/0x230
[ 1420.658488]  ? filemap_range_has_page+0x150/0x150
[ 1420.659347]  ext4_filemap_fault+0x7d/0xa4
[ 1420.660094]  __do_fault+0xd7/0x2b0
[ 1420.660809]  ? find_get_pages_range_tag+0x750/0x750
[ 1420.661927]  __handle_mm_fault+0xded/0x1ce0
[ 1420.662928]  ? kasan_unpoison_shadow+0x30/0x40
[ 1420.663994]  ? __pmd_alloc+0x2d0/0x2d0
[ 1420.664884]  ? down_read+0xef/0x210
[ 1420.665742]  ? down_read_trylock+0xee/0x170
[ 1420.666776]  handle_mm_fault+0xfe/0x350
[ 1420.667718]  __do_page_fault+0x4bc/0xa20
[ 1420.668670]  ? do_page_fault+0x27/0x270
[ 1420.669470]  async_page_fault+0x2f/0x40
[ 1420.670212] RIP: 0033:0x7f7750c6d724
[ 1420.670938] Code: Bad RIP value.
[ 1420.671551] RSP: 002b:00007fff0d7fd340 EFLAGS: 00010206
[ 1420.672554] RAX: 00007f7750fa1801 RBX: 00007fff0d7fd670 RCX: 00007f775051bb00
[ 1420.673960] RDX: 00007f7750fa21d0 RSI: 0000000000000001 RDI: 00007f7750d87758
[ 1420.675303] RBP: 0000000000000001 R08: 0000000000000000 R09: 0000000000000050
[ 1420.676670] R10: 0000000000000069 R11: 00007f77502ec060 R12: 00007f7750d873a0
[ 1420.678027] R13: 0000555a573d9060 R14: 00007fff0d7fd630 R15: 0000555a573e48b0
[ 1420.679511] Mem-Info:
[ 1420.680260] active_anon:38993 inactive_anon:27235 isolated_anon:0
[ 1420.680260]  active_file:10 inactive_file:35 isolated_file:22
[ 1420.680260]  unevictable:0 dirty:0 writeback:0 unstable:0
[ 1420.680260]  slab_reclaimable:5329 slab_unreclaimable:31323
[ 1420.680260]  mapped:140376 shmem:31335 pagetables:3084 bounce:0
[ 1420.680260]  free:2877 free_pcp:67 free_cma:0
[ 1420.686440] Node 0 active_anon:155972kB inactive_anon:108940kB active_file:0kB inactive_file:216kB unevictable:0kB isolated(anon):0kB isolated(file):0kB mapped:561504kB dirty:0kB writeback:0kB shmem:125340kB writeback_tmp:0kB unstable:0kB all_unreclaimable? yes
[ 1420.690745] Node 0 DMA free:6668kB min:48kB low:60kB high:72kB reserved_highatomic:0KB active_anon:0kB inactive_anon:0kB active_file:0kB inactive_file:0kB unevictable:0kB writepending:0kB present:15992kB managed:15908kB mlocked:0kB kernel_stack:0kB pagetables:0kB bounce:0kB free_pcp:0kB local_pcp:0kB free_cma:0kB
[ 1420.696222] lowmem_reserve[]: 0 1655 1655 1655
[ 1420.697280] Node 0 DMA32 free:4840kB min:5176kB low:6868kB high:8560kB reserved_highatomic:0KB active_anon:155972kB inactive_anon:108940kB active_file:180kB inactive_file:60kB unevictable:0kB writepending:0kB present:2080640kB managed:1696852kB mlocked:0kB kernel_stack:6592kB pagetables:12336kB bounce:0kB free_pcp:8kB local_pcp:8kB free_cma:0kB
[ 1420.704176] lowmem_reserve[]: 0 0 0 0
[ 1420.705030] Node 0 DMA: 1*4kB (U) 1*8kB (U) 2*16kB (U) 1*32kB (U) 1*64kB (U) 1*128kB (U) 1*256kB (U) 0*512kB 0*1024kB 1*2048kB (M) 1*4096kB (E) = 6668kB
[ 1420.708155] Node 0 DMA32: 1060*4kB (UME) 99*8kB (UM) 0*16kB 3*32kB (U) 0*64kB 0*128kB 0*256kB 0*512kB 0*1024kB 0*2048kB 0*4096kB = 5128kB
[ 1420.711109] Node 0 hugepages_total=0 hugepages_free=0 hugepages_surp=0 hugepages_size=2048kB
[ 1420.712723] 31406 total pagecache pages
[ 1420.713445] 0 pages in swap cache
[ 1420.714077] Swap cache stats: add 0, delete 0, find 0/0
[ 1420.715033] Free swap  = 0kB
[ 1420.715546] Total swap = 0kB
[ 1420.716143] 524158 pages RAM
[ 1420.716670] 0 pages HighMem/MovableOnly
[ 1420.717390] 95968 pages reserved
[ 1420.717965] Tasks state (memory values in pages):
[ 1420.718813] [  pid  ]   uid  tgid total_vm      rss pgtables_bytes swapents oom_score_adj name
[ 1420.720416] [   1235]     0  1235    17670     1245   139264        0             0 systemd-journal
[ 1420.722029] [   1253]     0  1253    11481      509   118784        0         -1000 systemd-udevd
[ 1420.723629] [   1554]   100  1554    31821      132   151552        0             0 systemd-timesyn
[ 1420.725226] [   1577]     0  1577     5088      258    69632        0             0 dhclient
[ 1420.726730] [   1902]     0  1902    63582      539   155648        0             0 rsyslogd
[ 1420.728269] [   1904]     0  1904     6998       62   102400        0             0 cron
[ 1420.729699] [   1912]     0  1912    17488      187   176128        0         -1000 sshd
[ 1420.731136] [   1914]     0  1914     3220       33    69632        0             0 agetty
[ 1420.732692] [   1915]     0  1915     3220       33    69632        0             0 agetty
[ 1420.734195] [   1916]     0  1916     3220       33    73728        0             0 agetty
[ 1420.735706] [   1918]     0  1918     3220       32    69632        0             0 agetty
[ 1420.737213] [   1920]     0  1920     3164       31    73728        0             0 agetty
[ 1420.738720] [   1999]     0  1999    23214      258   233472        0             0 sshd
[ 1420.740223] [   2005]     0  2005   140563    29666   520192        0             0 syz-fuzzer
[ 1420.741789] [   2037]     0  2037    18113       16   114688        0             0 syz-executor.3
[ 1420.743440] [   2038]     0  2038    18113       17   114688        0             0 syz-executor.1
[ 1420.745088] [   2040]     0  2040    18113       16   118784        0             0 syz-executor.4
[ 1420.746740] [   2041]     0  2041    18113       16   114688        0             0 syz-executor.2
[ 1420.748424] [   2042]     0  2042    18113       16   114688        0             0 syz-executor.12
[ 1420.750308] [   2043]     0  2043    18113       17   118784        0             0 syz-executor.6
[ 1420.752424] [   2046]     0  2046    18113       17   114688        0             0 syz-executor.5
[ 1420.754548] [   2051]     0  2051    18112     8588   122880        0             0 syz-executor.1
[ 1420.756567] [   2052]     0  2052    18112     8519   122880        0             0 syz-executor.3
[ 1420.758277] [   2053]     0  2053    18113       16   114688        0             0 syz-executor.8
[ 1420.760307] [   2056]     0  2056    18113       17   114688        0             0 syz-executor.9
[ 1420.762018] [   2057]     0  2057    18112     8542   122880        0             0 syz-executor.12
[ 1420.764172] [   2061]     0  2061    18112     8399   126976        0             0 syz-executor.6
[ 1420.766130] [   2062]     0  2062    18113       17   114688        0             0 syz-executor.13
[ 1420.768267] [   2064]     0  2064    18112     8575   122880        0             0 syz-executor.2
[ 1420.770300] [   2070]     0  2070    18113       16   114688        0             0 syz-executor.11
[ 1420.772448] [   2074]     0  2074    18112     8411   126976        0             0 syz-executor.4
[ 1420.774332] [   2078]     0  2078    18113       17   114688        0             0 syz-executor.15
[ 1420.776250] [   2136]     0  2136    18112     8730   122880        0             0 syz-executor.5
[ 1420.778430] [   2172]     0  2172    18112     8552   122880        0             0 syz-executor.8
[ 1420.780627] [   2181]     0  2181    18112     8506   122880        0             0 syz-executor.9
[ 1420.782586] [   2245]     0  2245    18112     8731   122880        0             0 syz-executor.13
[ 1420.784647] [   2242]     0  2242    18112     8280   122880        0             0 syz-executor.15
[ 1420.786726] [   2251]     0  2251    18112     8693   122880        0             0 syz-executor.11
[ 1420.788658] [   8148]     0  8148    18145     8708   122880        0          1000 syz-executor.12
[ 1420.790679] [   8574]     0  8574    18145     8703   122880        0          1000 syz-executor.15
[ 1420.792872] [   9861]     0  9861    18145     8702   126976        0          1000 syz-executor.6
[ 1420.795018] [   9951]     0  9951    18145     8702   126976        0          1000 syz-executor.4
[ 1420.797211] [  10270]     0 10270    18145     8702   122880        0          1000 syz-executor.5
[ 1420.799377] [  11978]     0 11978    18145     8702   122880        0          1000 syz-executor.12
[ 1420.801562] [  12052]     0 12052    18145     8708   122880        0          1000 syz-executor.8
[ 1420.803469] [  13073]     0 13073    18145     8702   122880        0          1000 syz-executor.12
[ 1420.805440] [  13506]     0 13506    18145     8702   122880        0          1000 syz-executor.9
[ 1420.807568] [  14416]     0 14416    18145     8702   122880        0          1000 syz-executor.13
[ 1420.809628] [  14843]     0 14843    18145     8709   118784        0          1000 syz-executor.5
[ 1420.811530] [  16101]     0 16101    18145     8701   122880        0          1000 syz-executor.8
[ 1420.813535] [  16376]     0 16376    18145     8702   126976        0          1000 syz-executor.4
[ 1420.815581] [  16757]     0 16757    18145     8702   122880        0          1000 syz-executor.13
[ 1420.817780] [  17034]     0 17034    18113       17   114688        0             0 syz-executor.10
[ 1420.819971] [  17035]     0 17035    18112     8600   122880        0             0 syz-executor.10
[ 1420.822174] [  17824]     0 17824    18145     8708   118784        0          1000 syz-executor.8
[ 1420.824345] [  18103]     0 18103    18145     8702   122880        0          1000 syz-executor.11
[ 1420.826483] [  18214]     0 18214    18113       16   118784        0             0 syz-executor.0
[ 1420.828568] [  18215]     0 18215    18112     8426   126976        0             0 syz-executor.0
[ 1420.830708] [  19153]     0 19153    18145     8701   118784        0          1000 syz-executor.13
[ 1420.832844] [  20843]     0 20843    18145     8708   122880        0          1000 syz-executor.10
[ 1420.834938] [  20891]     0 20891    18145     8704   122880        0          1000 syz-executor.12
[ 1420.837203] [  21379]     0 21379    18178     8705   122880        0          1000 syz-executor.15
[ 1420.839425] [  21639]     0 21639    18145     8702   122880        0          1000 syz-executor.10
[ 1420.841662] [  24159]     0 24159    18145     8703   122880        0          1000 syz-executor.15
[ 1420.843888] [  24479]     0 24479    18145     8702   122880        0          1000 syz-executor.2
[ 1420.846095] [  25194]     0 25194    18145     8701   118784        0          1000 syz-executor.11
[ 1420.848316] [  25928]     0 25928    18145     8702   126976        0          1000 syz-executor.6
[ 1420.850326] [  29496]     0 29496    18145     8702   126976        0          1000 syz-executor.6
[ 1420.852236] [  29808]     0 29808    18145     8702   122880        0          1000 syz-executor.10
[ 1420.854359] [  29986]     0 29986    18145     8701   118784        0          1000 syz-executor.11
[ 1420.856352] [  29987]     0 29987    18145     8709   118784        0          1000 syz-executor.11
[ 1420.858027] [  31323]     0 31323    18145     8703   118784        0          1000 syz-executor.12
[ 1420.859726] [  31342]     0 31342    18145     8702   122880        0          1000 syz-executor.5
[ 1420.861358] [  31395]     0 31395    18145     8702   122880        0          1000 syz-executor.8
[ 1420.863091] [  31571]     0 31571    18145     8704   122880        0          1000 syz-executor.12
[ 1420.864750] [  31891]     0 31891    18145     8703   118784        0          1000 syz-executor.12
[ 1420.866427] [  31934]     0 31934    18145     8703   118784        0          1000 syz-executor.12
[ 1420.868134] [  31974]     0 31974    18145     8703   118784        0          1000 syz-executor.12
[ 1420.869768] [  32497]     0 32497    18145     8702   126976        0          1000 syz-executor.4
[ 1420.871365] [   1092]     0  1092    18145     8704   122880        0          1000 syz-executor.15
[ 1420.873026] [   1166]     0  1166    18145     8702   126976        0          1000 syz-executor.4
[ 1420.874679] [   1550]     0  1550    18145     8702   126976        0          1000 syz-executor.6
[ 1420.876387] [   2772]     0  2772    18145     8703   122880        0          1000 syz-executor.13
[ 1420.878151] [   3144]     0  3144    18145     8701   122880        0          1000 syz-executor.3
[ 1420.879880] [   3346]     0  3346    18145     8703   118784        0          1000 syz-executor.12
[ 1420.881684] [   3884]     0  3884    18145     8703   122880        0          1000 syz-executor.13
[ 1420.883807] [   4118]     0  4118    18145     8703   118784        0          1000 syz-executor.12
[ 1420.886033] [   4174]     0  4174    18145     8703   118784        0          1000 syz-executor.12
[ 1420.887676] [   4274]     0  4274    18145     8702   126976        0          1000 syz-executor.4
[ 1420.889220] [   4443]     0  4443    18145     8703   118784        0          1000 syz-executor.12
[ 1420.890768] [   4692]     0  4692    18145     8702   122880        0          1000 syz-executor.10
[ 1420.892314] [   4773]     0  4773    18145     8703   118784        0          1000 syz-executor.12
[ 1420.893950] [   5101]     0  5101    18145     8701   118784        0          1000 syz-executor.2
[ 1420.895526] [   5910]     0  5910    18145     8702   122880        0          1000 syz-executor.2
[ 1420.897097] [   6067]     0  6067    18145     8702   122880        0          1000 syz-executor.2
[ 1420.898676] [  13528]     0 13528    18145     8702   122880        0          1000 syz-executor.10
[ 1420.900267] [  18079]     0 18079    18145     8704   122880        0          1000 syz-executor.13
[ 1420.901932] [  19379]     0 19379    18145     8704   122880        0          1000 syz-executor.13
[ 1420.903526] [  28051]     0 28051    18145     8703   122880        0          1000 syz-executor.10
[ 1420.905236] [  29231]     0 29231    18145     8705   122880        0          1000 syz-executor.15
[ 1420.906842] [  30451]     0 30451    18145     8705   122880        0          1000 syz-executor.15
[ 1420.908508] [  30897]     0 30897    18145     8704   122880        0          1000 syz-executor.13
[ 1420.910112] [    473]     0   473    18145     8703   126976        0          1000 syz-executor.4
[ 1420.911728] [   2874]     0  2874    18178     8704   122880        0          1000 syz-executor.5
[ 1420.913323] [   3719]     0  3719    18145     8704   122880        0          1000 syz-executor.13
[ 1420.914965] [   8180]     0  8180    18178     8704   122880        0          1000 syz-executor.10
[ 1420.916572] [   8423]     0  8423    18145     8701   118784        0          1000 syz-executor.8
[ 1420.918169] [   8424]     0  8424    18145     8709   118784        0          1000 syz-executor.8
[ 1420.919753] [  10335]     0 10335    18145     8702   122880        0          1000 syz-executor.5
[ 1420.921384] [  11192]     0 11192    18145     8703   122880        0          1000 syz-executor.13
[ 1420.923006] [  13195]     0 13195    18145     8702   122880        0          1000 syz-executor.5
[ 1420.924741] [  14741]     0 14741    18145     8704   122880        0          1000 syz-executor.9
[ 1420.926898] [  14875]     0 14875     3220       33    69632        0             0 agetty
[ 1420.928883] [  15010]     0 15010    18113       17   118784        0             0 syz-executor.14
[ 1420.930441] [  15011]     0 15011    18112     8566   126976        0             0 syz-executor.14
[ 1420.931995] [  15479]     0 15479    18145     8703   118784        0          1000 syz-executor.1
[ 1420.933574] [  16058]     0 16058    18113       17   114688        0             0 syz-executor.7
[ 1420.935159] [  16059]     0 16059    18112     8694   122880        0             0 syz-executor.7
[ 1420.936772] [  16418]     0 16418    18146     8699   122880        0          1000 syz-executor.7
[ 1420.938339] [  17115]     0 17115    18145     8703   122880        0          1000 syz-executor.7
[ 1420.939923] [  19133]     0 19133     3220       32    69632        0             0 agetty
[ 1420.941363] [  19830]     0 19830    18145     8704   122880        0          1000 syz-executor.13
[ 1420.942949] [  20673]     0 20673    18343     7926   135168        0          1000 syz-executor.3
[ 1420.944532] [  20695]     0 20695     1046       12    49152        0             0 modprobe
[ 1420.946076] oom-kill:constraint=CONSTRAINT_NONE,nodemask=(null),cpuset=/,mems_allowed=0,task=syz-executor.8,pid=8424,uid=0
[ 1420.948050] Out of memory: Killed process 8424 (syz-executor.8) total-vm:72580kB, anon-rss:148kB, file-rss:34688kB, shmem-rss:0kB, UID:0 pgtables:116kB oom_score_adj:1000
[ 1420.951766] syz-executor.11 invoked oom-killer: gfp_mask=0x100cca(GFP_HIGHUSER_MOVABLE), order=0, oom_score_adj=0
[ 1420.954270] CPU: 1 PID: 2251 Comm: syz-executor.11 Not tainted 5.5.0-rc6 #2
[ 1420.955872] Hardware name: QEMU Standard PC (i440FX + PIIX, 1996), BIOS 1.10.2-1ubuntu1 04/01/2014
[ 1420.957898] Call Trace:
[ 1420.958509]  dump_stack+0x94/0xce
[ 1420.959290]  dump_header+0x100/0xc20
[ 1420.960109]  ? _raw_spin_lock+0x75/0xd0
[ 1420.961015]  ? task_will_free_mem+0x140/0x500
[ 1420.962055]  ? ___ratelimit+0x59/0x3e0
[ 1420.962926]  oom_kill_process+0x177/0x9a0
[ 1420.963849]  ? find_lock_task_mm+0xbe/0x180
[ 1420.964849]  ? oom_badness+0x4cf/0x5d0
[ 1420.965717]  out_of_memory+0x29b/0x1610
[ 1420.966645]  ? oom_killer_disable+0x230/0x230
[ 1420.967654]  ? cpumask_next+0x1f/0x30
[ 1420.968528]  ? zone_reclaimable_pages+0x4f9/0x690
[ 1420.969637]  ? find_next_bit+0xc9/0xf0
[ 1420.970524]  __alloc_pages_slowpath+0x1e01/0x1f30
[ 1420.971640]  ? warn_alloc+0x290/0x290
[ 1420.972519]  ? __alloc_pages_slowpath+0x1f30/0x1f30
[ 1420.973611]  __alloc_pages_nodemask+0x470/0x5d0
[ 1420.974657]  ? __alloc_pages_slowpath+0x1f30/0x1f30
[ 1420.975823]  ? find_get_pages_contig+0x540/0x540
[ 1420.976890]  ? __page_cache_alloc+0xad/0x1d0
[ 1420.977932]  ? release_task+0xb27/0x12d0
[ 1420.978841]  alloc_pages_current+0xac/0x1e0
[ 1420.979859]  __page_cache_alloc+0x116/0x1d0
[ 1420.980851]  pagecache_get_page+0x170/0x610
[ 1420.981856]  filemap_fault+0x1003/0x1ec0
[ 1420.982818]  ? filemap_map_pages+0x313/0xa20
[ 1420.983896]  ? grab_cache_page_write_begin+0x90/0x90
[ 1420.985073]  ? down_read+0xef/0x210
[ 1420.985895]  ? find_get_pages_range_tag+0x750/0x750
[ 1420.987023]  ? down_read_killable+0x230/0x230
[ 1420.988059]  ? filemap_range_has_page+0x150/0x150
[ 1420.989168]  ext4_filemap_fault+0x7d/0xa4
[ 1420.990104]  __do_fault+0xd7/0x2b0
[ 1420.990907]  ? find_get_pages_range_tag+0x750/0x750
[ 1420.992086]  __handle_mm_fault+0xded/0x1ce0
[ 1420.993088]  ? __pmd_alloc+0x2d0/0x2d0
[ 1420.993985]  ? down_read+0xef/0x210
[ 1420.994832]  ? down_read_trylock+0xee/0x170
[ 1420.995858]  handle_mm_fault+0xfe/0x350
[ 1420.996780]  __do_page_fault+0x4bc/0xa20
[ 1420.997692]  ? fpregs_assert_state_consistent+0x74/0xb0
[ 1420.998918]  ? do_page_fault+0x27/0x270
[ 1420.999842]  async_page_fault+0x2f/0x40
[ 1421.000764] RIP: 0033:0x40efd2
[ 1421.001503] Code: Bad RIP value.
[ 1421.002250] RSP: 002b:00007ffe743c0ef0 EFLAGS: 00010203
[ 1421.003461] RAX: 0000000000000c29 RBX: 0000000000000c29 RCX: 00000000004157f4
[ 1421.005110] RDX: 0000000040000001 RSI: 00007ffe743c0f3c RDI: 00000000ffffffff
[ 1421.006730] RBP: 00007ffe743c0f3c R08: 0000000000ce4940 R09: 0000000000000000
[ 1421.008443] R10: 0000000000000000 R11: 0000000000000246 R12: 000000000015a027
[ 1421.010093] R13: 0000000000159cef R14: 000000000000000a R15: 00000000ffffffff
[ 1421.011920] Mem-Info:
[ 1421.012554] active_anon:38977 inactive_anon:27235 isolated_anon:0
[ 1421.012554]  active_file:21 inactive_file:51 isolated_file:0
[ 1421.012554]  unevictable:0 dirty:1 writeback:0 unstable:0
[ 1421.012554]  slab_reclaimable:5329 slab_unreclaimable:31323
[ 1421.012554]  mapped:140376 shmem:31335 pagetables:3060 bounce:0
[ 1421.012554]  free:2896 free_pcp:107 free_cma:0
[ 1421.020060] Node 0 active_anon:155908kB inactive_anon:108940kB active_file:84kB inactive_file:204kB unevictable:0kB isolated(anon):0kB isolated(file):0kB mapped:561504kB dirty:4kB writeback:0kB shmem:125340kB writeback_tmp:0kB unstable:0kB all_unreclaimable? yes
[ 1421.025370] Node 0 DMA free:6668kB min:48kB low:60kB high:72kB reserved_highatomic:0KB active_anon:0kB inactive_anon:0kB active_file:0kB inactive_file:0kB unevictable:0kB writepending:0kB present:15992kB managed:15908kB mlocked:0kB kernel_stack:0kB pagetables:0kB bounce:0kB free_pcp:0kB local_pcp:0kB free_cma:0kB
[ 1421.031809] lowmem_reserve[]: 0 1655 1655 1655
[ 1421.032949] Node 0 DMA32 free:4916kB min:5176kB low:6868kB high:8560kB reserved_highatomic:0KB active_anon:155908kB inactive_anon:108940kB active_file:92kB inactive_file:136kB unevictable:0kB writepending:4kB present:2080640kB managed:1696852kB mlocked:0kB kernel_stack:6560kB pagetables:12240kB bounce:0kB free_pcp:428kB local_pcp:0kB free_cma:0kB
[ 1421.040249] lowmem_reserve[]: 0 0 0 0
[ 1421.041124] Node 0 DMA: 1*4kB (U) 1*8kB (U) 2*16kB (U) 1*32kB (U) 1*64kB (U) 1*128kB (U) 1*256kB (U) 0*512kB 0*1024kB 1*2048kB (M) 1*4096kB (E) = 6668kB
[ 1421.044434] Node 0 DMA32: 1016*4kB (UME) 105*8kB (UM) 4*16kB (U) 4*32kB (U) 0*64kB 0*128kB 0*256kB 0*512kB 0*1024kB 0*2048kB 0*4096kB = 5096kB
[ 1421.047470] Node 0 hugepages_total=0 hugepages_free=0 hugepages_surp=0 hugepages_size=2048kB
[ 1421.049410] 31399 total pagecache pages
[ 1421.050316] 0 pages in swap cache
[ 1421.051113] Swap cache stats: add 0, delete 0, find 0/0
[ 1421.052356] Free swap  = 0kB
[ 1421.053053] Total swap = 0kB
[ 1421.053736] 524158 pages RAM
[ 1421.054435] 0 pages HighMem/MovableOnly
[ 1421.055342] 95968 pages reserved
[ 1421.056126] Tasks state (memory values in pages):
[ 1421.057220] [  pid  ]   uid  tgid total_vm      rss pgtables_bytes swapents oom_score_adj name
[ 1421.059260] [   1235]     0  1235    17670     1245   139264        0             0 systemd-journal
[ 1421.061615] [   1253]     0  1253    11481      509   118784        0         -1000 systemd-udevd
[ 1421.063773] [   1554]   100  1554    31821      132   151552        0             0 systemd-timesyn
[ 1421.065928] [   1577]     0  1577     5088      258    69632        0             0 dhclient
[ 1421.067899] [   1902]     0  1902    63582      539   155648        0             0 rsyslogd
[ 1421.069804] [   1904]     0  1904     6998       62   102400        0             0 cron
[ 1421.071640] [   1912]     0  1912    17488      187   176128        0         -1000 sshd
[ 1421.073568] [   1914]     0  1914     3220       33    69632        0             0 agetty
[ 1421.075486] [   1915]     0  1915     3220       33    69632        0             0 agetty
[ 1421.077424] [   1916]     0  1916     3220       33    73728        0             0 agetty
[ 1421.079324] [   1918]     0  1918     3220       32    69632        0             0 agetty
[ 1421.081204] [   1920]     0  1920     3164       31    73728        0             0 agetty
[ 1421.083092] [   1999]     0  1999    23214      258   233472        0             0 sshd
[ 1421.084939] [   2005]     0  2005   140563    29666   520192        0             0 syz-fuzzer
[ 1421.086921] [   2037]     0  2037    18113       16   114688        0             0 syz-executor.3
[ 1421.089018] [   2038]     0  2038    18113       17   114688        0             0 syz-executor.1
[ 1421.091094] [   2040]     0  2040    18113       16   118784        0             0 syz-executor.4
[ 1421.093143] [   2041]     0  2041    18113       16   114688        0             0 syz-executor.2
[ 1421.095172] [   2042]     0  2042    18113       16   114688        0             0 syz-executor.12
[ 1421.097288] [   2043]     0  2043    18113       17   118784        0             0 syz-executor.6
[ 1421.099345] [   2046]     0  2046    18113       17   114688        0             0 syz-executor.5
[ 1421.101410] [   2051]     0  2051    18112     8588   122880        0             0 syz-executor.1
[ 1421.103462] [   2052]     0  2052    18112     8519   122880        0             0 syz-executor.3
[ 1421.105544] [   2053]     0  2053    18113       16   114688        0             0 syz-executor.8
[ 1421.107621] [   2056]     0  2056    18113       17   114688        0             0 syz-executor.9
[ 1421.109702] [   2057]     0  2057    18112     8542   122880        0             0 syz-executor.12
[ 1421.111794] [   2061]     0  2061    18112     8399   126976        0             0 syz-executor.6
[ 1421.113839] [   2062]     0  2062    18113       17   114688        0             0 syz-executor.13
[ 1421.115890] [   2064]     0  2064    18112     8575   122880        0             0 syz-executor.2
[ 1421.117997] [   2070]     0  2070    18113       16   114688        0             0 syz-executor.11
[ 1421.120074] [   2074]     0  2074    18112     8411   126976        0             0 syz-executor.4
[ 1421.122176] [   2078]     0  2078    18113       17   114688        0             0 syz-executor.15
[ 1421.124287] [   2136]     0  2136    18112     8730   122880        0             0 syz-executor.5
[ 1421.126324] [   2172]     0  2172    18112     8552   122880        0             0 syz-executor.8
[ 1421.128407] [   2181]     0  2181    18112     8506   122880        0             0 syz-executor.9
[ 1421.130624] [   2245]     0  2245    18112     8731   122880        0             0 syz-executor.13
[ 1421.132773] [   2242]     0  2242    18112     8280   122880        0             0 syz-executor.15
[ 1421.134924] [   2251]     0  2251    18112     8693   122880        0             0 syz-executor.11
[ 1421.137037] [   8148]     0  8148    18145     8708   122880        0          1000 syz-executor.12
[ 1421.139187] [   8574]     0  8574    18145     8703   122880        0          1000 syz-executor.15
[ 1421.141307] [   9861]     0  9861    18145     8702   126976        0          1000 syz-executor.6
[ 1421.143401] [   9951]     0  9951    18145     8702   126976        0          1000 syz-executor.4
[ 1421.145515] [  10270]     0 10270    18145     8702   122880        0          1000 syz-executor.5
[ 1421.147604] [  11978]     0 11978    18145     8702   122880        0          1000 syz-executor.12
[ 1421.149781] [  12052]     0 12052    18145     8708   122880        0          1000 syz-executor.8
[ 1421.151862] [  13073]     0 13073    18145     8702   122880        0          1000 syz-executor.12
[ 1421.153998] [  13506]     0 13506    18145     8702   122880        0          1000 syz-executor.9
[ 1421.156135] [  14416]     0 14416    18145     8702   122880        0          1000 syz-executor.13
[ 1421.158198] [  14843]     0 14843    18145     8709   118784        0          1000 syz-executor.5
[ 1421.160329] [  16101]     0 16101    18145     8701   122880        0          1000 syz-executor.8
[ 1421.162374] [  16376]     0 16376    18145     8702   126976        0          1000 syz-executor.4
[ 1421.164485] [  16757]     0 16757    18145     8702   122880        0          1000 syz-executor.13
[ 1421.166595] [  17034]     0 17034    18113       17   114688        0             0 syz-executor.10
[ 1421.168776] [  17035]     0 17035    18112     8600   122880        0             0 syz-executor.10
[ 1421.170857] [  17824]     0 17824    18145     8708   118784        0          1000 syz-executor.8
[ 1421.172970] [  18103]     0 18103    18145     8702   122880        0          1000 syz-executor.11
[ 1421.175060] [  18214]     0 18214    18113       16   118784        0             0 syz-executor.0
[ 1421.177159] [  18215]     0 18215    18112     8426   126976        0             0 syz-executor.0
[ 1421.179236] [  19153]     0 19153    18145     8701   118784        0          1000 syz-executor.13
[ 1421.181323] [  20843]     0 20843    18145     8708   122880        0          1000 syz-executor.10
[ 1421.183390] [  20891]     0 20891    18145     8704   122880        0          1000 syz-executor.12
[ 1421.185521] [  21379]     0 21379    18178     8705   122880        0          1000 syz-executor.15
[ 1421.187704] [  21639]     0 21639    18145     8702   122880        0          1000 syz-executor.10
[ 1421.189744] [  24159]     0 24159    18145     8703   122880        0          1000 syz-executor.15
[ 1421.191802] [  24479]     0 24479    18145     8702   122880        0          1000 syz-executor.2
[ 1421.193957] [  25194]     0 25194    18145     8701   118784        0          1000 syz-executor.11
[ 1421.196167] [  25928]     0 25928    18145     8702   126976        0          1000 syz-executor.6
[ 1421.198397] [  29496]     0 29496    18145     8702   126976        0          1000 syz-executor.6
[ 1421.200584] [  29808]     0 29808    18145     8702   122880        0          1000 syz-executor.10
[ 1421.202673] [  29986]     0 29986    18145     8701   118784        0          1000 syz-executor.11
[ 1421.204841] [  29987]     0 29987    18145     8709   118784        0          1000 syz-executor.11
[ 1421.206917] [  31323]     0 31323    18145     8703   118784        0          1000 syz-executor.12
[ 1421.209061] [  31342]     0 31342    18145     8702   122880        0          1000 syz-executor.5
[ 1421.211193] [  31395]     0 31395    18145     8702   122880        0          1000 syz-executor.8
[ 1421.213246] [  31571]     0 31571    18145     8704   122880        0          1000 syz-executor.12
[ 1421.215351] [  31891]     0 31891    18145     8703   118784        0          1000 syz-executor.12
[ 1421.217416] [  31934]     0 31934    18145     8703   118784        0          1000 syz-executor.12
[ 1421.219482] [  31974]     0 31974    18145     8703   118784        0          1000 syz-executor.12
[ 1421.221544] [  32497]     0 32497    18145     8702   126976        0          1000 syz-executor.4
[ 1421.223653] [   1092]     0  1092    18145     8704   122880        0          1000 syz-executor.15
[ 1421.225787] [   1166]     0  1166    18145     8702   126976        0          1000 syz-executor.4
[ 1421.227839] [   1550]     0  1550    18145     8702   126976        0          1000 syz-executor.6
[ 1421.229891] [   2772]     0  2772    18145     8703   122880        0          1000 syz-executor.13
[ 1421.231950] [   3144]     0  3144    18145     8701   122880        0          1000 syz-executor.3
[ 1421.234010] [   3346]     0  3346    18145     8703   118784        0          1000 syz-executor.12
[ 1421.236133] [   3884]     0  3884    18145     8703   122880        0          1000 syz-executor.13
[ 1421.238253] [   4118]     0  4118    18145     8703   118784        0          1000 syz-executor.12
[ 1421.240393] [   4174]     0  4174    18145     8703   118784        0          1000 syz-executor.12
[ 1421.242472] [   4274]     0  4274    18145     8702   126976        0          1000 syz-executor.4
[ 1421.244596] [   4443]     0  4443    18145     8703   118784        0          1000 syz-executor.12
[ 1421.246675] [   4692]     0  4692    18145     8702   122880        0          1000 syz-executor.10
[ 1421.248797] [   4773]     0  4773    18145     8703   118784        0          1000 syz-executor.12
[ 1421.250919] [   5101]     0  5101    18145     8701   118784        0          1000 syz-executor.2
[ 1421.253038] [   5910]     0  5910    18145     8702   122880        0          1000 syz-executor.2
[ 1421.255158] [   6067]     0  6067    18145     8702   122880        0          1000 syz-executor.2
[ 1421.257288] [  13528]     0 13528    18145     8702   122880        0          1000 syz-executor.10
[ 1421.259422] [  18079]     0 18079    18145     8704   122880        0          1000 syz-executor.13
[ 1421.261545] [  19379]     0 19379    18145     8704   122880        0          1000 syz-executor.13
[ 1421.263659] [  28051]     0 28051    18145     8703   122880        0          1000 syz-executor.10
[ 1421.265762] [  29231]     0 29231    18145     8705   122880        0          1000 syz-executor.15
[ 1421.267916] [  30451]     0 30451    18145     8705   122880        0          1000 syz-executor.15
[ 1421.270030] [  30897]     0 30897    18145     8704   122880        0          1000 syz-executor.13
[ 1421.272149] [    473]     0   473    18145     8703   126976        0          1000 syz-executor.4
[ 1421.274224] [   2874]     0  2874    18178     8704   122880        0          1000 syz-executor.5
[ 1421.276312] [   3719]     0  3719    18145     8704   122880        0          1000 syz-executor.13
[ 1421.278140] [   8180]     0  8180    18178     8704   122880        0          1000 syz-executor.10
[ 1421.279823] [   8423]     0  8423    18145     8701   118784        0          1000 syz-executor.8
[ 1421.281507] [  10335]     0 10335    18145     8702   122880        0          1000 syz-executor.5
[ 1421.283185] [  11192]     0 11192    18145     8703   122880        0          1000 syz-executor.13
[ 1421.284964] [  13195]     0 13195    18145     8702   122880        0          1000 syz-executor.5
[ 1421.287038] [  14741]     0 14741    18145     8704   122880        0          1000 syz-executor.9
[ 1421.289120] [  14875]     0 14875     3220       33    69632        0             0 agetty
[ 1421.291045] [  15010]     0 15010    18113       17   118784        0             0 syz-executor.14
[ 1421.293064] [  15011]     0 15011    18112     8566   126976        0             0 syz-executor.14
[ 1421.295160] [  15479]     0 15479    18145     8703   118784        0          1000 syz-executor.1
[ 1421.297226] [  16058]     0 16058    18113       17   114688        0             0 syz-executor.7
[ 1421.299289] [  16059]     0 16059    18112     8694   122880        0             0 syz-executor.7
[ 1421.301420] [  16418]     0 16418    18146     8699   122880        0          1000 syz-executor.7
[ 1421.303100] [  17115]     0 17115    18145     8703   122880        0          1000 syz-executor.7
[ 1421.305186] [  19133]     0 19133     3220       32    69632        0             0 agetty
[ 1421.307120] [  19830]     0 19830    18145     8704   122880        0          1000 syz-executor.13
[ 1421.309151] [  20673]     0 20673    18343     7926   135168        0          1000 syz-executor.3
[ 1421.311042] [  20695]     0 20695     1046       12    49152        0             0 modprobe
[ 1421.312577] oom-kill:constraint=CONSTRAINT_NONE,nodemask=(null),cpuset=/,mems_allowed=0,task=syz-executor.11,pid=29987,uid=0
[ 1421.314455] Out of memory: Killed process 29987 (syz-executor.11) total-vm:72580kB, anon-rss:148kB, file-rss:34688kB, shmem-rss:0kB, UID:0 pgtables:116kB oom_score_adj:1000
[ 1421.317226] oom_reaper: reaped process 29987 (syz-executor.11), now anon-rss:0kB, file-rss:34816kB, shmem-rss:0kB
[ 1421.320308] syz-executor.3 invoked oom-killer: gfp_mask=0x100cca(GFP_HIGHUSER_MOVABLE), order=0, oom_score_adj=0
[ 1421.322888] CPU: 0 PID: 2052 Comm: syz-executor.3 Not tainted 5.5.0-rc6 #2
[ 1421.324456] Hardware name: QEMU Standard PC (i440FX + PIIX, 1996), BIOS 1.10.2-1ubuntu1 04/01/2014
[ 1421.326526] Call Trace:
[ 1421.327122]  dump_stack+0x94/0xce
[ 1421.327921]  dump_header+0x100/0xc20
[ 1421.328774]  ? _raw_spin_lock+0x75/0xd0
[ 1421.329675]  ? task_will_free_mem+0x140/0x500
[ 1421.330671]  ? ___ratelimit+0x59/0x3e0
[ 1421.331547]  oom_kill_process+0x177/0x9a0
[ 1421.332501]  ? find_lock_task_mm+0xbe/0x180
[ 1421.333506]  ? oom_badness+0x4cf/0x5d0
[ 1421.334377]  out_of_memory+0x29b/0x1610
[ 1421.335259]  ? oom_killer_disable+0x230/0x230
[ 1421.336312]  ? cpumask_next+0x1f/0x30
[ 1421.337195]  ? zone_reclaimable_pages+0x4f9/0x690
[ 1421.338262]  ? find_next_bit+0xc9/0xf0
[ 1421.339163]  __alloc_pages_slowpath+0x1e01/0x1f30
[ 1421.340246]  ? warn_alloc+0x290/0x290
[ 1421.341095]  ? __alloc_pages_slowpath+0x1f30/0x1f30
[ 1421.342231]  __alloc_pages_nodemask+0x470/0x5d0
[ 1421.343298]  ? __alloc_pages_slowpath+0x1f30/0x1f30
[ 1421.344461]  ? find_get_pages_contig+0x540/0x540
[ 1421.345534]  ? __page_cache_alloc+0xad/0x1d0
[ 1421.346528]  alloc_pages_current+0xac/0x1e0
[ 1421.347495]  __page_cache_alloc+0x116/0x1d0
[ 1421.348465]  pagecache_get_page+0x170/0x610
[ 1421.349430]  filemap_fault+0x1003/0x1ec0
[ 1421.350354]  ? filemap_map_pages+0x313/0xa20
[ 1421.351361]  ? grab_cache_page_write_begin+0x90/0x90
[ 1421.352520]  ? down_read+0xef/0x210
[ 1421.353331]  ? find_get_pages_range_tag+0x750/0x750
[ 1421.354453]  ? down_read_killable+0x230/0x230
[ 1421.355447]  ? filemap_range_has_page+0x150/0x150
[ 1421.356535]  ? schedule_timeout_idle+0x50/0x50
[ 1421.357544]  ext4_filemap_fault+0x7d/0xa4
[ 1421.358494]  __do_fault+0xd7/0x2b0
[ 1421.359303]  ? find_get_pages_range_tag+0x750/0x750
[ 1421.360432]  __handle_mm_fault+0xded/0x1ce0
[ 1421.361408]  ? __pmd_alloc+0x2d0/0x2d0
[ 1421.362270]  ? down_read+0xef/0x210
[ 1421.363097]  ? down_read_trylock+0xee/0x170
[ 1421.364109]  handle_mm_fault+0xfe/0x350
[ 1421.365030]  __do_page_fault+0x4bc/0xa20
[ 1421.365950]  ? do_page_fault+0x27/0x270
[ 1421.366836]  async_page_fault+0x2f/0x40
[ 1421.367716] RIP: 0033:0x40eff0
[ 1421.368448] Code: Bad RIP value.
[ 1421.369198] RSP: 002b:00007ffe9588b5e0 EFLAGS: 00010206
[ 1421.370402] RAX: 000000000015a7a7 RBX: 0000000000000bf2 RCX: 000000000015a6f8
[ 1421.372029] RDX: 0000001b33120000 RSI: 00007ffe9588b5b0 RDI: 0000000000000000
[ 1421.373666] RBP: 00007ffe9588b62c R08: 000000000218c940 R09: 0000000000000000
[ 1421.375299] R10: 0000000000000000 R11: 0000000000000246 R12: 000000000015a01c
[ 1421.376953] R13: 0000000000159cea R14: 000000000000000d R15: 00000000ffffffff
[ 1421.378639] Mem-Info:
[ 1421.379208] active_anon:38973 inactive_anon:27235 isolated_anon:0
[ 1421.379208]  active_file:11 inactive_file:52 isolated_file:0
[ 1421.379208]  unevictable:0 dirty:1 writeback:0 unstable:0
[ 1421.379208]  slab_reclaimable:5329 slab_unreclaimable:31323
[ 1421.379208]  mapped:140376 shmem:31335 pagetables:3036 bounce:0
[ 1421.379208]  free:2886 free_pcp:169 free_cma:0
[ 1421.386801] Node 0 active_anon:155892kB inactive_anon:108940kB active_file:172kB inactive_file:152kB unevictable:0kB isolated(anon):0kB isolated(file):0kB mapped:561504kB dirty:4kB writeback:0kB shmem:125340kB writeback_tmp:0kB unstable:0kB all_unreclaimable? yes
[ 1421.392175] Node 0 DMA free:6668kB min:48kB low:60kB high:72kB reserved_highatomic:0KB active_anon:0kB inactive_anon:0kB active_file:0kB inactive_file:0kB unevictable:0kB writepending:0kB present:15992kB managed:15908kB mlocked:0kB kernel_stack:0kB pagetables:0kB bounce:0kB free_pcp:0kB local_pcp:0kB free_cma:0kB
[ 1421.398646] lowmem_reserve[]: 0 1655 1655 1655
[ 1421.399737] Node 0 DMA32 free:4876kB min:5176kB low:6868kB high:8560kB reserved_highatomic:0KB active_anon:155892kB inactive_anon:108940kB active_file:136kB inactive_file:156kB unevictable:0kB writepending:4kB present:2080640kB managed:1696852kB mlocked:0kB kernel_stack:6528kB pagetables:12144kB bounce:0kB free_pcp:676kB local_pcp:296kB free_cma:0kB
[ 1421.407025] lowmem_reserve[]: 0 0 0 0
[ 1421.408208] Node 0 DMA: 1*4kB (U) 1*8kB (U) 2*16kB (U) 1*32kB (U) 1*64kB (U) 1*128kB (U) 1*256kB (U) 0*512kB 0*1024kB 1*2048kB (M) 1*4096kB (E) = 6668kB
[ 1421.411620] Node 0 DMA32: 986*4kB (UME) 105*8kB (UM) 4*16kB (U) 5*32kB (U) 0*64kB 0*128kB 0*256kB 0*512kB 0*1024kB 0*2048kB 0*4096kB = 5008kB
[ 1421.414670] Node 0 hugepages_total=0 hugepages_free=0 hugepages_surp=0 hugepages_size=2048kB
[ 1421.416803] 31400 total pagecache pages
[ 1421.417739] 0 pages in swap cache
[ 1421.418564] Swap cache stats: add 0, delete 0, find 0/0
[ 1421.419837] Free swap  = 0kB
[ 1421.420562] Total swap = 0kB
[ 1421.421334] 524158 pages RAM
[ 1421.422061] 0 pages HighMem/MovableOnly
[ 1421.422980] 95968 pages reserved
[ 1421.423797] Tasks state (memory values in pages):
[ 1421.424968] [  pid  ]   uid  tgid total_vm      rss pgtables_bytes swapents oom_score_adj name
[ 1421.427016] [   1235]     0  1235    17670     1245   139264        0             0 systemd-journal
[ 1421.429247] [   1253]     0  1253    11481      509   118784        0         -1000 systemd-udevd
[ 1421.431369] [   1554]   100  1554    31821      132   151552        0             0 systemd-timesyn
[ 1421.433510] [   1577]     0  1577     5088      258    69632        0             0 dhclient
[ 1421.435481] [   1902]     0  1902    63582      539   155648        0             0 rsyslogd
[ 1421.437500] [   1904]     0  1904     6998       62   102400        0             0 cron
[ 1421.439462] [   1912]     0  1912    17488      187   176128        0         -1000 sshd
[ 1421.441460] [   1914]     0  1914     3220       33    69632        0             0 agetty
[ 1421.443442] [   1915]     0  1915     3220       33    69632        0             0 agetty
[ 1421.445467] [   1916]     0  1916     3220       33    73728        0             0 agetty
[ 1421.447419] [   1918]     0  1918     3220       32    69632        0             0 agetty
[ 1421.449383] [   1920]     0  1920     3164       31    73728        0             0 agetty
[ 1421.451340] [   1999]     0  1999    23214      258   233472        0             0 sshd
[ 1421.453286] [   2005]     0  2005   140563    29666   520192        0             0 syz-fuzzer
[ 1421.455341] [   2037]     0  2037    18113       16   114688        0             0 syz-executor.3
[ 1421.457528] [   2038]     0  2038    18113       17   114688        0             0 syz-executor.1
[ 1421.459736] [   2040]     0  2040    18113       16   118784        0             0 syz-executor.4
[ 1421.461919] [   2041]     0  2041    18113       16   114688        0             0 syz-executor.2
[ 1421.464047] [   2042]     0  2042    18113       16   114688        0             0 syz-executor.12
[ 1421.466288] [   2043]     0  2043    18113       17   118784        0             0 syz-executor.6
[ 1421.468452] [   2046]     0  2046    18113       17   114688        0             0 syz-executor.5
[ 1421.470664] [   2051]     0  2051    18112     8588   122880        0             0 syz-executor.1
[ 1421.472951] [   2052]     0  2052    18112     8519   122880        0             0 syz-executor.3
[ 1421.475187] [   2053]     0  2053    18113       16   114688        0             0 syz-executor.8
[ 1421.477344] [   2056]     0  2056    18113       17   114688        0             0 syz-executor.9
[ 1421.479467] [   2057]     0  2057    18112     8542   122880        0             0 syz-executor.12
[ 1421.481588] [   2061]     0  2061    18112     8399   126976        0             0 syz-executor.6
[ 1421.483684] [   2062]     0  2062    18113       17   114688        0             0 syz-executor.13
[ 1421.485805] [   2064]     0  2064    18112     8575   122880        0             0 syz-executor.2
[ 1421.487922] [   2070]     0  2070    18113       16   114688        0             0 syz-executor.11
[ 1421.490035] [   2074]     0  2074    18112     8411   126976        0             0 syz-executor.4
[ 1421.491804] [   2078]     0  2078    18113       17   114688        0             0 syz-executor.15
[ 1421.493671] [   2136]     0  2136    18112     8730   122880        0             0 syz-executor.5
[ 1421.495358] [   2172]     0  2172    18112     8552   122880        0             0 syz-executor.8
[ 1421.497499] [   2181]     0  2181    18112     8506   122880        0             0 syz-executor.9
[ 1421.499613] [   2245]     0  2245    18112     8731   122880        0             0 syz-executor.13
[ 1421.501702] [   2242]     0  2242    18112     8280   122880        0             0 syz-executor.15
[ 1421.503797] [   2251]     0  2251    18112     8693   122880        0             0 syz-executor.11
[ 1421.505919] [   8148]     0  8148    18145     8708   122880        0          1000 syz-executor.12
[ 1421.508098] [   8574]     0  8574    18145     8703   122880        0          1000 syz-executor.15
[ 1421.510293] [   9861]     0  9861    18145     8702   126976        0          1000 syz-executor.6
[ 1421.512459] [   9951]     0  9951    18145     8702   126976        0          1000 syz-executor.4
[ 1421.514613] [  10270]     0 10270    18145     8702   122880        0          1000 syz-executor.5
[ 1421.516814] [  11978]     0 11978    18145     8702   122880        0          1000 syz-executor.12
[ 1421.518957] [  12052]     0 12052    18145     8708   122880        0          1000 syz-executor.8
[ 1421.521135] [  13073]     0 13073    18145     8702   122880        0          1000 syz-executor.12
[ 1421.523203] [  13506]     0 13506    18145     8702   122880        0          1000 syz-executor.9
[ 1421.524993] [  14416]     0 14416    18145     8702   122880        0          1000 syz-executor.13
[ 1421.527162] [  14843]     0 14843    18145     8709   118784        0          1000 syz-executor.5
[ 1421.529367] [  16101]     0 16101    18145     8701   122880        0          1000 syz-executor.8
[ 1421.531549] [  16376]     0 16376    18145     8702   126976        0          1000 syz-executor.4
[ 1421.533736] [  16757]     0 16757    18145     8702   122880        0          1000 syz-executor.13
[ 1421.535929] [  17034]     0 17034    18113       17   114688        0             0 syz-executor.10
[ 1421.538061] [  17035]     0 17035    18112     8600   122880        0             0 syz-executor.10
[ 1421.540219] [  17824]     0 17824    18145     8708   118784        0          1000 syz-executor.8
[ 1421.542379] [  18103]     0 18103    18145     8702   122880        0          1000 syz-executor.11
[ 1421.544563] [  18214]     0 18214    18113       16   118784        0             0 syz-executor.0
[ 1421.546681] [  18215]     0 18215    18112     8426   126976        0             0 syz-executor.0
[ 1421.548839] [  19153]     0 19153    18145     8701   118784        0          1000 syz-executor.13
[ 1421.551017] [  20843]     0 20843    18145     8708   122880        0          1000 syz-executor.10
[ 1421.553226] [  20891]     0 20891    18145     8704   122880        0          1000 syz-executor.12
[ 1421.555416] [  21379]     0 21379    18178     8705   122880        0          1000 syz-executor.15
[ 1421.557623] [  21639]     0 21639    18145     8702   122880        0          1000 syz-executor.10
[ 1421.559807] [  24159]     0 24159    18145     8703   122880        0          1000 syz-executor.15
[ 1421.562004] [  24479]     0 24479    18145     8702   122880        0          1000 syz-executor.2
[ 1421.564172] [  25194]     0 25194    18145     8701   118784        0          1000 syz-executor.11
[ 1421.566317] [  25928]     0 25928    18145     8702   126976        0          1000 syz-executor.6
[ 1421.568447] [  29496]     0 29496    18145     8702   126976        0          1000 syz-executor.6
[ 1421.570367] [  29808]     0 29808    18145     8702   122880        0          1000 syz-executor.10
[ 1421.572448] [  29986]     0 29986    18145     8701   118784        0          1000 syz-executor.11
[ 1421.574209] [  31323]     0 31323    18145     8703   118784        0          1000 syz-executor.12
[ 1421.576208] [  31342]     0 31342    18145     8702   122880        0          1000 syz-executor.5
[ 1421.577968] [  31395]     0 31395    18145     8702   122880        0          1000 syz-executor.8
[ 1421.580181] [  31571]     0 31571    18145     8704   122880        0          1000 syz-executor.12
[ 1421.582347] [  31891]     0 31891    18145     8703   118784        0          1000 syz-executor.12
[ 1421.584539] [  31934]     0 31934    18145     8703   118784        0          1000 syz-executor.12
[ 1421.586664] [  31974]     0 31974    18145     8703   118784        0          1000 syz-executor.12
[ 1421.588821] [  32497]     0 32497    18145     8702   126976        0          1000 syz-executor.4
[ 1421.590874] [   1092]     0  1092    18145     8704   122880        0          1000 syz-executor.15
[ 1421.592684] [   1166]     0  1166    18145     8702   126976        0          1000 syz-executor.4
[ 1421.594794] [   1550]     0  1550    18145     8702   126976        0          1000 syz-executor.6
[ 1421.596930] [   2772]     0  2772    18145     8703   122880        0          1000 syz-executor.13
[ 1421.598897] [   3144]     0  3144    18145     8701   122880        0          1000 syz-executor.3
[ 1421.601584] [   3346]     0  3346    18145     8703   118784        0          1000 syz-executor.12
[ 1421.603186] [   3884]     0  3884    18145     8703   122880        0          1000 syz-executor.13
[ 1421.604845] [   4118]     0  4118    18145     8703   118784        0          1000 syz-executor.12
[ 1421.606443] [   4174]     0  4174    18145     8703   118784        0          1000 syz-executor.12
[ 1421.608033] [   4274]     0  4274    18145     8702   126976        0          1000 syz-executor.4
